Component: ARM Compiler 5.06 update 6 (build 750) Tool: armlink [4d35ed]

==============================================================================

Section Cross References

    startup_stm32h743xx.o(STACK) refers (Special) to heapauxi.o(.text) for __use_two_region_memory
    startup_stm32h743xx.o(HEAP) refers (Special) to heapauxi.o(.text) for __use_two_region_memory
    startup_stm32h743xx.o(RESET) refers (Special) to heapauxi.o(.text) for __use_two_region_memory
    startup_stm32h743xx.o(RESET) refers to startup_stm32h743xx.o(STACK) for __initial_sp
    startup_stm32h743xx.o(RESET) refers to startup_stm32h743xx.o(.text) for Reset_Handler
    startup_stm32h743xx.o(RESET) refers to stm32h7xx_it.o(i.NMI_Handler) for NMI_Handler
    startup_stm32h743xx.o(RESET) refers to stm32h7xx_it.o(i.HardFault_Handler) for HardFault_Handler
    startup_stm32h743xx.o(RESET) refers to stm32h7xx_it.o(i.MemManage_Handler) for MemManage_Handler
    startup_stm32h743xx.o(RESET) refers to stm32h7xx_it.o(i.BusFault_Handler) for BusFault_Handler
    startup_stm32h743xx.o(RESET) refers to stm32h7xx_it.o(i.UsageFault_Handler) for UsageFault_Handler
    startup_stm32h743xx.o(RESET) refers to stm32h7xx_it.o(i.SVC_Handler) for SVC_Handler
    startup_stm32h743xx.o(RESET) refers to stm32h7xx_it.o(i.DebugMon_Handler) for DebugMon_Handler
    startup_stm32h743xx.o(RESET) refers to stm32h7xx_it.o(i.PendSV_Handler) for PendSV_Handler
    startup_stm32h743xx.o(RESET) refers to stm32h7xx_it.o(i.SysTick_Handler) for SysTick_Handler
    startup_stm32h743xx.o(RESET) refers to bsp_touch_gtxx.o(i.EXTI3_IRQHandler) for EXTI3_IRQHandler
    startup_stm32h743xx.o(.text) refers (Special) to heapauxi.o(.text) for __use_two_region_memory
    startup_stm32h743xx.o(.text) refers to system_stm32h7xx.o(i.SystemInit) for SystemInit
    startup_stm32h743xx.o(.text) refers to __main.o(!!!main) for __main
    startup_stm32h743xx.o(.text) refers to startup_stm32h743xx.o(HEAP) for Heap_Mem
    startup_stm32h743xx.o(.text) refers to startup_stm32h743xx.o(STACK) for Stack_Mem
    system_stm32h7xx.o(i.SystemCoreClockUpdate) refers to system_stm32h7xx.o(.data) for SystemCoreClock
    system_stm32h7xx.o(i.SystemCoreClockUpdate) refers to system_stm32h7xx.o(.constdata) for D1CorePrescTable
    stm32h7xx_hal.o(i.HAL_DeInit) refers to stm32h7xx_hal.o(i.HAL_MspDeInit) for HAL_MspDeInit
    stm32h7xx_hal.o(i.HAL_Delay) refers to core_delay.o(i.HAL_GetTick) for HAL_GetTick
    stm32h7xx_hal.o(i.HAL_Delay) refers to stm32h7xx_hal.o(.data) for uwTickFreq
    stm32h7xx_hal.o(i.HAL_GetTick) refers to stm32h7xx_hal.o(.data) for uwTick
    stm32h7xx_hal.o(i.HAL_GetTickFreq) refers to stm32h7xx_hal.o(.data) for uwTickFreq
    stm32h7xx_hal.o(i.HAL_GetTickPrio) refers to stm32h7xx_hal.o(.data) for uwTickPrio
    stm32h7xx_hal.o(i.HAL_IncTick) refers to stm32h7xx_hal.o(.data) for uwTick
    stm32h7xx_hal.o(i.HAL_Init) refers to stm32h7xx_hal_cortex.o(i.HAL_NVIC_SetPriorityGrouping) for HAL_NVIC_SetPriorityGrouping
    stm32h7xx_hal.o(i.HAL_Init) refers to stm32h7xx_hal_rcc.o(i.HAL_RCC_GetSysClockFreq) for HAL_RCC_GetSysClockFreq
    stm32h7xx_hal.o(i.HAL_Init) refers to core_delay.o(i.HAL_InitTick) for HAL_InitTick
    stm32h7xx_hal.o(i.HAL_Init) refers to stm32h7xx_hal_msp.o(i.HAL_MspInit) for HAL_MspInit
    stm32h7xx_hal.o(i.HAL_Init) refers to system_stm32h7xx.o(.constdata) for D1CorePrescTable
    stm32h7xx_hal.o(i.HAL_Init) refers to system_stm32h7xx.o(.data) for SystemCoreClock
    stm32h7xx_hal.o(i.HAL_InitTick) refers to stm32h7xx_hal_cortex.o(i.HAL_SYSTICK_Config) for HAL_SYSTICK_Config
    stm32h7xx_hal.o(i.HAL_InitTick) refers to stm32h7xx_hal_cortex.o(i.HAL_NVIC_SetPriority) for HAL_NVIC_SetPriority
    stm32h7xx_hal.o(i.HAL_InitTick) refers to stm32h7xx_hal.o(.data) for uwTickFreq
    stm32h7xx_hal.o(i.HAL_InitTick) refers to system_stm32h7xx.o(.data) for SystemCoreClock
    stm32h7xx_hal.o(i.HAL_SYSCFG_EnableVREFBUF) refers to core_delay.o(i.HAL_GetTick) for HAL_GetTick
    stm32h7xx_hal.o(i.HAL_SetTickFreq) refers to core_delay.o(i.HAL_InitTick) for HAL_InitTick
    stm32h7xx_hal.o(i.HAL_SetTickFreq) refers to stm32h7xx_hal.o(.data) for uwTickFreq
    stm32h7xx_hal_cortex.o(i.HAL_NVIC_GetPriorityGrouping) refers to stm32h7xx_hal_cortex.o(i.__NVIC_GetPriorityGrouping) for __NVIC_GetPriorityGrouping
    stm32h7xx_hal_cortex.o(i.HAL_NVIC_SetPriority) refers to stm32h7xx_hal_cortex.o(i.__NVIC_GetPriorityGrouping) for __NVIC_GetPriorityGrouping
    stm32h7xx_hal_cortex.o(i.HAL_NVIC_SetPriority) refers to stm32h7xx_hal_cortex.o(i.__NVIC_SetPriority) for __NVIC_SetPriority
    stm32h7xx_hal_cortex.o(i.HAL_SYSTICK_Config) refers to stm32h7xx_hal_cortex.o(i.__NVIC_SetPriority) for __NVIC_SetPriority
    stm32h7xx_hal_cortex.o(i.HAL_SYSTICK_IRQHandler) refers to stm32h7xx_hal_cortex.o(i.HAL_SYSTICK_Callback) for HAL_SYSTICK_Callback
    stm32h7xx_hal_dma.o(i.DMA_CalcBaseAndBitshift) refers to stm32h7xx_hal_dma.o(.constdata) for flagBitshiftOffset
[...]
    LCD_DrawBuff                             0x080054d9   Thumb Code    36  bsp_lcd.o(i.LCD_DrawBuff)
    LCD_GetXSize                             0x08005a1d   Thumb Code    22  bsp_lcd.o(i.LCD_GetXSize)
    LCD_GetYSize                             0x08005a3d   Thumb Code    22  bsp_lcd.o(i.LCD_GetYSize)
    LCD_Init                                 0x08005a5d   Thumb Code   174  bsp_lcd.o(i.LCD_Init)
    LCD_LayerInit                            0x08005b1d   Thumb Code   148  bsp_lcd.o(i.LCD_LayerInit)
    LCD_SelectLayer                          0x08005bbd   Thumb Code     6  bsp_lcd.o(i.LCD_SelectLayer)
    LCD_SetFont                              0x08005bc9   Thumb Code    18  bsp_lcd.o(i.LCD_SetFont)
    LCD_SetTransparency                      0x08005be5   Thumb Code    18  bsp_lcd.o(i.LCD_SetTransparency)
    LED_GPIO_Config                          0x08005bfd   Thumb Code   150  bsp_led.o(i.LED_GPIO_Config)
    MemManage_Handler                        0x0800607b   Thumb Code     4  stm32h7xx_it.o(i.MemManage_Handler)
    NMI_Handler                              0x0800607f   Thumb Code     2  stm32h7xx_it.o(i.NMI_Handler)
    PendSV_Handler                           0x08006081   Thumb Code     2  stm32h7xx_it.o(i.PendSV_Handler)
    SDL_Delay                                0x08006dc9   Thumb Code     2  sdl_events.o(i.SDL_Delay)
    SDL_EventState                           0x08006dcd   Thumb Code   224  sdl_events.o(i.SDL_EventState)
    SDL_FlushEvent                           0x08006eb1   Thumb Code    14  sdl_events.o(i.SDL_FlushEvent)
    SDL_FlushEvents                          0x08006ec1   Thumb Code    84  sdl_events.o(i.SDL_FlushEvents)
    SDL_GetTicks                             0x08006f19   Thumb Code    12  sdl_systimer.o(i.SDL_GetTicks)
    SDL_PeepEvents                           0x08006f25   Thumb Code   210  sdl_events.o(i.SDL_PeepEvents)
    SDL_PollEvent                            0x08006ffd   Thumb Code    14  sdl_events.o(i.SDL_PollEvent)
    SDL_PumpEvents                           0x0800700b   Thumb Code     2  sdl_events.o(i.SDL_PumpEvents)
    SDL_PushEvent                            0x0800700d   Thumb Code    82  sdl_events.o(i.SDL_PushEvent)
    SDL_StartEventLoop                       0x0800706d   Thumb Code    48  sdl_events.o(i.SDL_StartEventLoop)
    SDL_StopEventLoop                        0x080070a5   Thumb Code    80  sdl_events.o(i.SDL_StopEventLoop)
    SDL_WaitEventTimeout                     0x08007101   Thumb Code    96  sdl_events.o(i.SDL_WaitEventTimeout)
    SDRAM_Init                               0x08007a51   Thumb Code   178  bsp_sdram.o(i.SDRAM_Init)
    SVC_Handler                              0x08007bc5   Thumb Code     2  stm32h7xx_it.o(i.SVC_Handler)
    SysTick_Handler                          0x0800fd0d   Thumb Code     8  stm32h7xx_it.o(i.SysTick_Handler)
    SystemInit                               0x0800fde5   Thumb Code   130  system_stm32h7xx.o(i.SystemInit)
    UART_AdvFeatureConfig                    0x0800fea5   Thumb Code   248  stm32h7xx_hal_uart.o(i.UART_AdvFeatureConfig)
    UART_CheckIdleState                      0x0800ff9d   Thumb Code   116  stm32h7xx_hal_uart.o(i.UART_CheckIdleState)
    UART_SetConfig                           0x08010011   Thumb Code  5860  stm32h7xx_hal_uart.o(i.UART_SetConfig)
    UART_WaitOnFlagUntilTimeout              0x08011701   Thumb Code   190  stm32h7xx_hal_uart.o(i.UART_WaitOnFlagUntilTimeout)
    UsageFault_Handler                       0x080117c1   Thumb Code     4  stm32h7xx_it.o(i.UsageFault_Handler)
    __ARM_fpclassify                         0x080117f7   Thumb Code    48  fpclassify.o(i.__ARM_fpclassify)
    __ARM_fpclassifyf                        0x08011827   Thumb Code    38  fpclassifyf.o(i.__ARM_fpclassifyf)
    __hardfp_cosf                            0x08011885   Thumb Code   276  cosf.o(i.__hardfp_cosf)
    __hardfp_pow                             0x080119d9   Thumb Code  2140  pow.o(i.__hardfp_pow)
    __hardfp_powf                            0x080122d1   Thumb Code  1590  powf.o(i.__hardfp_powf)
    __mathlib_powf                           0x080122d1   Thumb Code     0  powf.o(i.__hardfp_powf)
    __hardfp_sinf                            0x08012929   Thumb Code   344  sinf.o(i.__hardfp_sinf)
    __hardfp_sqrtf                           0x08012abd   Thumb Code    58  sqrtf.o(i.__hardfp_sqrtf)
    __hardfp_tan                             0x08012af9   Thumb Code   108  tan.o(i.__hardfp_tan)
    __ieee754_rem_pio2                       0x08012b79   Thumb Code   646  rred.o(i.__ieee754_rem_pio2)
    __kernel_poly                            0x08012e89   Thumb Code   112  poly.o(i.__kernel_poly)
    __kernel_tan                             0x08012ef9   Thumb Code   434  tan_i.o(i.__kernel_tan)
    __mathlib_dbl_divzero                    0x08013101   Thumb Code    14  dunder.o(i.__mathlib_dbl_divzero)
    __mathlib_dbl_infnan2                    0x08013121   Thumb Code     6  dunder.o(i.__mathlib_dbl_infnan2)
    __mathlib_dbl_invalid                    0x08013129   Thumb Code    10  dunder.o(i.__mathlib_dbl_invalid)
    __mathlib_dbl_overflow                   0x08013141   Thumb Code    10  dunder.o(i.__mathlib_dbl_overflow)
    __mathlib_dbl_underflow                  0x08013159   Thumb Code    10  dunder.o(i.__mathlib_dbl_underflow)
    __mathlib_flt_divzero                    0x08013171   Thumb Code    14  funder.o(i.__mathlib_flt_divzero)
    __mathlib_flt_infnan                     0x08013189   Thumb Code     6  funder.o(i.__mathlib_flt_infnan)
    __mathlib_flt_infnan2                    0x0801318f   Thumb Code     6  funder.o(i.__mathlib_flt_infnan2)
    __mathlib_flt_invalid                    0x08013195   Thumb Code    10  funder.o(i.__mathlib_flt_invalid)
    __mathlib_flt_overflow                   0x080131a5   Thumb Code    10  funder.o(i.__mathlib_flt_overflow)
    __mathlib_flt_underflow                  0x080131b5   Thumb Code    10  funder.o(i.__mathlib_flt_underflow)
    __mathlib_rredf2                         0x080131c5   Thumb Code   316  rredf.o(i.__mathlib_rredf2)
    _is_digit                                0x080133d9   Thumb Code    14  __printf_wp.o(i._is_digit)
    fabs                                     0x080134e9   Thumb Code    24  fabs.o(i.fabs)
    fputc                                    0x08013501   Thumb Code    22  bsp_debug_usart.o(i.fputc)
    i2c_Ack                                  0x0801351d   Thumb Code    56  bsp_i2c_touch.o(i.i2c_Ack)
    i2c_NAck                                 0x08013569   Thumb Code    46  bsp_i2c_touch.o(i.i2c_NAck)
    i2c_ReadByte                             0x0801359d   Thumb Code    66  bsp_i2c_touch.o(i.i2c_ReadByte)
    i2c_SendByte                             0x080135e5   Thumb Code    96  bsp_i2c_touch.o(i.i2c_SendByte)
    i2c_Start                                0x08013649   Thumb Code    56  bsp_i2c_touch.o(i.i2c_Start)
    i2c_Stop                                 0x08013685   Thumb Code    38  bsp_i2c_touch.o(i.i2c_Stop)
    i2c_WaitAck                              0x080136b1   Thumb Code    64  bsp_i2c_touch.o(i.i2c_WaitAck)
    itcTreePushBack                          0x080136f5   Thumb Code    38  itc_tree.o(i.itcTreePushBack)
    itcTreePushFront                         0x0801371b   Thumb Code    24  itc_tree.o(i.itcTreePushFront)
    ithLcdGetBaseAddrB                       0x08013733   Thumb Code     4  ith_lcd.o(i.ithLcdGetBaseAddrB)
    ithLcdGetFormat                          0x08013737   Thumb Code     4  ith_lcd.o(i.ithLcdGetFormat)
    ituAssertThread                          0x0801373b   Thumb Code     2  itu_utility.o(i.ituAssertThread)
    ituBackgroundClone                       0x0801373d   Thumb Code     6  itu_background.o(i.ituBackgroundClone)
    ituBackgroundDraw                        0x08013745   Thumb Code  5676  itu_background.o(i.ituBackgroundDraw)
    ituBackgroundInit                        0x08014d71   Thumb Code    50  itu_background.o(i.ituBackgroundInit)
    ituClipperPostDraw                       0x08014dd1   Thumb Code   322  itu_clipper.o(i.ituClipperPostDraw)
    ituDirtyWidgetImpl                       0x08014f19   Thumb Code    32  itu_utility.o(i.ituDirtyWidgetImpl)
    ituEffectInit                            0x08014f41   Thumb Code    34  itu_effect.o(i.ituEffectInit)
    ituEffectStartImpl                       0x08014f75   Thumb Code    10  itu_effect.o(i.ituEffectStartImpl)
    ituEffectStopImpl                        0x08014f7f   Thumb Code    10  itu_effect.o(i.ituEffectStopImpl)
    ituEffectUpdateImpl                      0x08014f89   Thumb Code    22  itu_effect.o(i.ituEffectUpdateImpl)
    ituExecActions                           0x08014fa1   Thumb Code   652  itu_action.o(i.ituExecActions)
    ituFadeEffectInit                        0x08015235   Thumb Code    42  itu_fadeeffect.o(i.ituFadeEffectInit)
    ituFindWidgetChildImpl                   0x0801528d   Thumb Code    56  itu_utility.o(i.ituFindWidgetChildImpl)
    ituFocusWidgetImpl                       0x080152c5   Thumb Code   166  itu_utility.o(i.ituFocusWidgetImpl)
    ituFormat2Bpp                            0x08015371   Thumb Code    46  itu_utility.o(i.ituFormat2Bpp)
    ituIconClone                             0x080153a1   Thumb Code   154  itu_icon.o(i.ituIconClone)
    ituIconDraw                              0x08015459   Thumb Code  5530  itu_icon.o(i.ituIconDraw)
    ituIconExit                              0x08016a11   Thumb Code    98  itu_icon.o(i.ituIconExit)
    ituIconInit                              0x08016a8d   Thumb Code    58  itu_icon.o(i.ituIconInit)
    ituIconUpdate                            0x08016af9   Thumb Code    42  itu_icon.o(i.ituIconUpdate)
    ituLayerClone                            0x08016b25   Thumb Code    66  itu_layer.o(i.ituLayerClone)
    ituLayerExit                             0x08016b85   Thumb Code    40  itu_layer.o(i.ituLayerExit)
    ituLayerGoto                             0x08016bc9   Thumb Code   386  itu_layer.o(i.ituLayerGoto)
    ituLayerInit                             0x08016d79   Thumb Code    60  itu_layer.o(i.ituLayerInit)
    ituLayerLoadExternal                     0x08016de5   Thumb Code    30  itu_layer.o(i.ituLayerLoadExternal)
    ituLayerLoadFont                         0x08016e21   Thumb Code     2  itu_layer.o(i.ituLayerLoadFont)
    ituLayerOnAction                         0x08016e23   Thumb Code   322  itu_layer.o(i.ituLayerOnAction)
    ituLayerReleaseExternal                  0x08016f65   Thumb Code    60  itu_layer.o(i.ituLayerReleaseExternal)
    ituLayerUpdate                           0x08016fbd   Thumb Code   416  itu_layer.o(i.ituLayerUpdate)
    ituLcdInit                               0x08017161   Thumb Code   132  itu_lcd.o(i.ituLcdInit)
    ituSWInit                                0x080171f5   Thumb Code   132  itu_sw.o(i.ituSWInit)
    ituScaleEffectInit                       0x08017315   Thumb Code    42  itu_scaleeffect.o(i.ituScaleEffectInit)
    ituScaleEffectStart                      0x0801736d   Thumb Code    56  itu_scaleeffect.o(i.ituScaleEffectStart)
    ituScaleEffectStop                       0x080173c5   Thumb Code    56  itu_scaleeffect.o(i.ituScaleEffectStop)
    ituScaleEffectUpdate                     0x0801741d   Thumb Code   232  itu_scaleeffect.o(i.ituScaleEffectUpdate)
    ituScaleFadeEffectInit                   0x08017505   Thumb Code    46  itu_scalefadeeffect.o(i.ituScaleFadeEffectInit)
    ituSceneDraw                             0x08017565   Thumb Code    56  itu_scene.o(i.ituSceneDraw)
    ituSceneExecuteCommand                   0x080175b9   Thumb Code    84  itu_scene.o(i.ituSceneExecuteCommand)
    ituSceneFindWidget                       0x0801760d   Thumb Code    54  itu_scene.o(i.ituSceneFindWidget)
    ituSceneInit                             0x08017661   Thumb Code    24  itu_scene.o(i.ituSceneInit)
    ituScrollEffectInit                      0x0801767d   Thumb Code    42  itu_scrolleffect.o(i.ituScrollEffectInit)
    ituScrollEffectStart                     0x080176d5   Thumb Code    48  itu_scrolleffect.o(i.ituScrollEffectStart)
    ituScrollEffectStop                      0x08017725   Thumb Code    48  itu_scrolleffect.o(i.ituScrollEffectStop)
    ituScrollEffectUpdate                    0x08017775   Thumb Code   214  itu_scrolleffect.o(i.ituScrollEffectUpdate)
    ituScrollFadeEffectInit                  0x0801784d   Thumb Code    48  itu_scrollfadeeffect.o(i.ituScrollFadeEffectInit)
    ituSurfaceRelease                        0x080178bd   Thumb Code    44  itu_surface.o(i.ituSurfaceRelease)
    ituSurfaceSetClipping                    0x080178ed   Thumb Code    84  itu_surface.o(i.ituSurfaceSetClipping)
    ituWidgetAddImpl                         0x08017941   Thumb Code    22  itu_widget.o(i.ituWidgetAddImpl)
    ituWidgetCloneImpl                       0x08017957   Thumb Code   120  itu_widget.o(i.ituWidgetCloneImpl)
    ituWidgetDrawImpl                        0x080179cf   Thumb Code   156  itu_widget.o(i.ituWidgetDrawImpl)
    ituWidgetExitImpl                        0x08017a6b   Thumb Code    40  itu_widget.o(i.ituWidgetExitImpl)
    ituWidgetInit                            0x08017a95   Thumb Code    74  itu_widget.o(i.ituWidgetInit)
    ituWidgetIsInsideImpl                    0x08017afd   Thumb Code    62  itu_widget.o(i.ituWidgetIsInsideImpl)
    ituWidgetIsOverlapClipping               0x08017b3b   Thumb Code   134  itu_widget.o(i.ituWidgetIsOverlapClipping)
    ituWidgetOnActionImpl                    0x08017bc1   Thumb Code   368  itu_widget.o(i.ituWidgetOnActionImpl)
    ituWidgetOnPressImpl                     0x08017d75   Thumb Code    10  itu_widget.o(i.ituWidgetOnPressImpl)
    ituWidgetSetActiveImpl                   0x08017d7f   Thumb Code    12  itu_widget.o(i.ituWidgetSetActiveImpl)
    ituWidgetSetAlphaImpl                    0x08017d8b   Thumb Code    24  itu_widget.o(i.ituWidgetSetAlphaImpl)
    ituWidgetSetBoundImpl                    0x08017da3   Thumb Code    20  itu_widget.o(i.ituWidgetSetBoundImpl)
    ituWidgetSetClipping                     0x08017db7   Thumb Code   366  itu_widget.o(i.ituWidgetSetClipping)
    ituWidgetSetNameImpl                     0x08017f25   Thumb Code    26  itu_widget.o(i.ituWidgetSetNameImpl)
    ituWidgetSetVisibleImpl                  0x08017f41   Thumb Code  4652  itu_widget.o(i.ituWidgetSetVisibleImpl)
    ituWidgetUpdateImpl                      0x0801916d   Thumb Code   784  itu_widget.o(i.ituWidgetUpdateImpl)
    ituWipeEffectInit                        0x08019485   Thumb Code    42  itu_wipeeffect.o(i.ituWipeEffectInit)
    ituWipeEffectStart                       0x080194dd   Thumb Code    40  itu_wipeeffect.o(i.ituWipeEffectStart)
    ituWipeEffectStop                        0x08019525   Thumb Code    40  itu_wipeeffect.o(i.ituWipeEffectStop)
    ituWipeEffectUpdate                      0x0801956d   Thumb Code   318  itu_wipeeffect.o(i.ituWipeEffectUpdate)
    main                                     0x080196ad   Thumb Code   292  main.o(i.main)
    pvPortCalloc                             0x0801992d   Thumb Code    42  heap_4.o(i.pvPortCalloc)
    pvPortMalloc                             0x08019959   Thumb Code   180  heap_4.o(i.pvPortMalloc)
    sqrt                                     0x08019a21   Thumb Code   106  sqrt.o(i.sqrt)
    test_event                               0x08019a8b   Thumb Code    28  main.o(i.test_event)
    _get_lc_ctype                            0x08019aa9   Thumb Code    44  lc_ctype_c.o(locale$$code)
    __fpl_dcheck_NaN1                        0x08019ad5   Thumb Code    10  dcheck1.o(x$fpl$dcheck1)
    _fp_init                                 0x08019ae5   Thumb Code    10  fpinit.o(x$fpl$fpinit)
    __fplib_config_fpu_vfp                   0x08019aed   Thumb Code     0  fpinit.o(x$fpl$fpinit)
    __fplib_config_pureend_doubles           0x08019aed   Thumb Code     0  fpinit.o(x$fpl$fpinit)
    __fpl_return_NaN                         0x08019aef   Thumb Code   100  retnan.o(x$fpl$retnan)
    __ARM_scalbn                             0x08019b53   Thumb Code    92  scalbn.o(x$fpl$scalbn)
    __fpl_cmpreturn                          0x08019baf   Thumb Code    48  trapv.o(x$fpl$trapveneer)
    D1CorePrescTable                         0x08019bde   Data          16  system_stm32h7xx.o(.constdata)
    __I$use$fp                               0x08019bde   Number         0  usenofp.o(x$fpl$usenofp)
    Font24_Table                             0x08019bee   Data        6840  bsp_lcd.o(.constdata)
    Font20_Table                             0x0801b6a6   Data        3800  bsp_lcd.o(.constdata)
    Font16_Table                             0x0801c57e   Data        3040  bsp_lcd.o(.constdata)
    Font12_Table                             0x0801d15e   Data        1140  bsp_lcd.o(.constdata)
    Font8_Table                              0x0801d5d2   Data         760  bsp_lcd.o(.constdata)
    CTP_CFG_GT9157                           0x0801d8cc   Data         186  bsp_touch_gtxx.o(.constdata)
    CTP_CFG_GT911                            0x0801d986   Data         186  bsp_touch_gtxx.o(.constdata)
    CTP_CFG_GT5688                           0x0801da40   Data         239  bsp_touch_gtxx.o(.constdata)
    CTP_CFG_GT917S                           0x0801db2f   Data         239  bsp_touch_gtxx.o(.constdata)
    touch_param                              0x0801dc1e   Data          24  bsp_touch_gtxx.o(.constdata)
    __mathlib_zero                           0x0801df90   Data           8  qnan.o(.constdata)
    __stdin_name                             0x0801e0e0   Data           4  sys_io.o(.constdata)
    __stdout_name                            0x0801e0e4   Data           4  sys_io.o(.constdata)
    __stderr_name                            0x0801e0e8   Data           4  sys_io.o(.constdata)
    Region$$Table$$Base                      0x0801e190   Number         0  anon$$obj.o(Region$$Table)
    Region$$Table$$Limit                     0x0801e1b0   Number         0  anon$$obj.o(Region$$Table)
    __ctype                                  0x0801e1bd   Data           0  lc_ctype_c.o(locale$$data)
    SystemCoreClock                          0x24000000   Data           4  system_stm32h7xx.o(.data)
    SystemD2Clock                            0x24000004   Data           4  system_stm32h7xx.o(.data)
    uwTick                                   0x24000008   Data           4  stm32h7xx_hal.o(.data)
    uwTickPrio                               0x2400000c   Data           4  stm32h7xx_hal.o(.data)
    uwTickFreq                               0x24000010   Data           1  stm32h7xx_hal.o(.data)
    Font24                                   0x2400001c   Data           8  bsp_lcd.o(.data)
    Font20                                   0x24000024   Data           8  bsp_lcd.o(.data)
    Font16                                   0x2400002c   Data           8  bsp_lcd.o(.data)
    Font12                                   0x24000034   Data           8  bsp_lcd.o(.data)
    Font8                                    0x2400003c   Data           8  bsp_lcd.o(.data)
    touchIC                                  0x24000048   Data           1  bsp_touch_gtxx.o(.data)
    ituScene                                 0x24000068   Data           4  itu_base.o(.data)
    ituGetDisplaySurface                     0x2400006c   Data           4  itu_base.o(.data)
    ituCreateSurface                         0x24000070   Data           4  itu_base.o(.data)
    ituDestroySurface                        0x24000074   Data           4  itu_base.o(.data)
    ituCreateMaskSurface                     0x24000078   Data           4  itu_base.o(.data)
    ituDestroyMaskSurface                    0x2400007c   Data           4  itu_base.o(.data)
    ituSetMaskSurface                        0x24000080   Data           4  itu_base.o(.data)
    ituLockSurface                           0x24000084   Data           4  itu_base.o(.data)
    ituUnlockSurface                         0x24000088   Data           4  itu_base.o(.data)
    ituSetRotation                           0x2400008c   Data           4  itu_base.o(.data)
    ituDrawGlyph                             0x24000090   Data           4  itu_base.o(.data)
    ituBitBlt                                0x24000094   Data           4  itu_base.o(.data)
    ituStretchBlt                            0x24000098   Data           4  itu_base.o(.data)
    ituAlphaBlend                            0x2400009c   Data           4  itu_base.o(.data)
    ituColorFill                             0x240000a0   Data           4  itu_base.o(.data)
    ituColorFillBlend                        0x240000a4   Data           4  itu_base.o(.data)
    ituGradientFill                          0x240000a8   Data           4  itu_base.o(.data)
    ituGradientFillBlend                     0x240000ac   Data           4  itu_base.o(.data)
    ituRotate                                0x240000b0   Data           4  itu_base.o(.data)
    ituTransform                             0x240000b4   Data           4  itu_base.o(.data)
    ituFlip                                  0x240000b8   Data           4  itu_base.o(.data)
    ituProjection                            0x240000bc   Data           4  itu_base.o(.data)
    ituDrawLine                              0x240000c0   Data           4  itu_base.o(.data)
    ituDrawCurve                             0x240000c4   Data           4  itu_base.o(.data)
    ituTransformBlt                          0x240000c8   Data           4  itu_base.o(.data)
    ituReflected                             0x240000cc   Data           4  itu_base.o(.data)
    ituFlipSync                              0x240000d0   Data           4  itu_base.o(.data)
    SDL_EventOKParam                         0x240000e4   Data           4  sdl_events.o(.data)
    SDL_EventOK                              0x240000ec   Data           4  sdl_events.o(.data)
    __aeabi_stdin                            0x2400010c   Data           4  stdio_streams.o(.data)
    __aeabi_stdout                           0x24000110   Data           4  stdio_streams.o(.data)
    __aeabi_stderr                           0x24000114   Data           4  stdio_streams.o(.data)
    theScene                                 0x24000118   Data        6872  main.o(.bss)
    hsdram1                                  0x24001ddc   Data          52  bsp_sdram.o(.bss)
    UartHandle                               0x24001e10   Data         140  bsp_debug_usart.o(.bss)
    __stdin                                  0x24002cec   Data          84  stdio_streams.o(.bss)
    __stdout                                 0x24002d40   Data          84  stdio_streams.o(.bss)
    __stderr                                 0x24002d94   Data          84  stdio_streams.o(.bss)
    __libspace_start                         0x24002de8   Data          96  libspace.o(.bss)
    __temporary_stack_top$libspace           0x24002e48   Data           0  libspace.o(.bss)



==============================================================================

Memory Map of the image

  Image Entry point : 0x08000299

  Load Region LR_IROM1 (Base: 0x08000000, Size: 0x0001e3d8, Max: 0x00100000, ABSOLUTE)

    Execution Region ER_IROM1 (Exec base: 0x08000000, Load base: 0x08000000, Size: 0x0001e2c0, Max: 0x00100000, ABSOLUTE)

    Exec Addr    Load Addr    Size         Type   Attr      Idx    E Section Name        Object

    0x08000000   0x08000000   0x00000298   Data   RO            3    RESET               startup_stm32h743xx.o
    0x08000298   0x08000298   0x00000008   Code   RO        10032  * !!!main             c_w.l(__main.o)
    0x080002a0   0x080002a0   0x00000034   Code   RO        10499    !!!scatter          c_w.l(__scatter.o)
    0x080002d4   0x080002d4   0x0000001a   Code   RO        10501    !!handler_copy      c_w.l(__scatter_copy.o)
    0x080002ee   0x080002ee   0x00000002   PAD
    0x080002f0   0x080002f0   0x0000001c   Code   RO        10503    !!handler_zi        c_w.l(__scatter_zi.o)
    0x0800030c   0x0800030c   0x00000000   Code   RO        10003    .ARM.Collect$$_printf_percent$$00000000  c_w.l(_printf_percent.o)
    0x0800030c   0x0800030c   0x00000006   Code   RO        10002    .ARM.Collect$$_printf_percent$$00000009  c_w.l(_printf_d.o)
    0x08000312   0x08000312   0x00000006   Code   RO        10001    .ARM.Collect$$_printf_percent$$0000000C  c_w.l(_printf_x.o)
    0x08000318   0x08000318   0x00000006   Code   RO         9999    .ARM.Collect$$_printf_percent$$00000013  c_w.l(_printf_c.o)
    0x0800031e   0x0800031e   0x00000006   Code   RO        10000    .ARM.Collect$$_printf_percent$$00000014  c_w.l(_printf_s.o)
    0x08000324   0x08000324   0x00000004   Code   RO        10180    .ARM.Collect$$_printf_percent$$00000017  c_w.l(_printf_percent_end.o)
    0x08000328   0x08000328   0x00000002   Code   RO        10426    .ARM.Collect$$libinit$$00000000  c_w.l(libinit.o)
    0x0800032a   0x0800032a   0x00000004   Code   RO        10196    .ARM.Collect$$libinit$$00000001  c_w.l(libinit2.o)
    0x0800032e   0x0800032e   0x00000000   Code   RO        10199    .ARM.Collect$$libinit$$00000004  c_w.l(libinit2.o)
    0x0800032e   0x0800032e   0x00000008   Code   RO        10200    .ARM.Collect$$libinit$$00000005  c_w.l(libinit2.o)
    0x08000336   0x08000336   0x00000000   Code   RO        10202    .ARM.Collect$$libinit$$0000000A  c_w.l(libinit2.o)
    0x08000336   0x08000336   0x00000000   Code   RO        10204    .ARM.Collect$$libinit$$0000000C  c_w.l(libinit2.o)
    0x08000336   0x08000336   0x00000000   Code   RO        10206    .ARM.Collect$$libinit$$0000000E  c_w.l(libinit2.o)
    0x08000336   0x08000336   0x00000006   Code   RO        10207    .ARM.Collect$$libinit$$0000000F  c_w.l(libinit2.o)
    0x0800033c   0x0800033c   0x00000000   Code   RO        10209    .ARM.Collect$$libinit$$00000011  c_w.l(libinit2.o)
    0x0800033c   0x0800033c   0x0000000c   Code   RO        10210    .ARM.Collect$$libinit$$00000012  c_w.l(libinit2.o)
    0x08000348   0x08000348   0x00000000   Code   RO        10211    .ARM.Collect$$libinit$$00000013  c_w.l(libinit2.o)
    0x08000348   0x08000348   0x00000000   Code   RO        10213    .ARM.Collect$$libinit$$00000015  c_w.l(libinit2.o)
    0x08000348   0x08000348   0x00000000   Code   RO        10215    .ARM.Collect$$libinit$$00000017  c_w.l(libinit2.o)
    0x08000348   0x08000348   0x00000000   Code   RO        10217    .ARM.Collect$$libinit$$00000019  c_w.l(libinit2.o)
    0x08000348   0x08000348   0x00000000   Code   RO        10219    .ARM.Collect$$libinit$$0000001B  c_w.l(libinit2.o)
    0x08000348   0x08000348   0x00000000   Code   RO        10221    .ARM.Collect$$libinit$$0000001D  c_w.l(libinit2.o)
    0x08000348   0x08000348   0x00000000   Code   RO        10223    .ARM.Collect$$libinit$$0000001F  c_w.l(libinit2.o)
    0x08000348   0x08000348   0x00000000   Code   RO        10225    .ARM.Collect$$libinit$$00000021  c_w.l(libinit2.o)
    0x08000348   0x08000348   0x00000000   Code   RO        10227    .ARM.Collect$$libinit$$00000023  c_w.l(libinit2.o)
    0x08000348   0x08000348   0x00000004   Code   RO        10228    .ARM.Collect$$libinit$$00000024  c_w.l(libinit2.o)
    0x0800034c   0x0800034c   0x00000000   Code   RO        10229    .ARM.Collect$$libinit$$00000025  c_w.l(libinit2.o)
    0x0800034c   0x0800034c   0x00000000   Code   RO        10233    .ARM.Collect$$libinit$$0000002C  c_w.l(libinit2.o)
    0x0800034c   0x0800034c   0x00000000   Code   RO        10235    .ARM.Collect$$libinit$$0000002E  c_w.l(libinit2.o)
    0x0800034c   0x0800034c   0x00000000   Code   RO        10237    .ARM.Collect$$libinit$$00000030  c_w.l(libinit2.o)
    0x0800034c   0x0800034c   0x00000000   Code   RO        10239    .ARM.Collect$$libinit$$00000032  c_w.l(libinit2.o)
    0x0800034c   0x0800034c   0x00000002   Code   RO        10240    .ARM.Collect$$libinit$$00000033  c_w.l(libinit2.o)
    0x0800034e   0x0800034e   0x00000002   Code   RO        10496    .ARM.Collect$$libshutdown$$00000000  c_w.l(libshutdown.o)
    0x08000350   0x08000350   0x00000000   Code   RO        10428    .ARM.Collect$$libshutdown$$00000002  c_w.l(libshutdown2.o)
    0x08000350   0x08000350   0x00000004   Code   RO        10429    .ARM.Collect$$libshutdown$$00000003  c_w.l(libshutdown2.o)
    0x08000354   0x08000354   0x00000000   Code   RO        10430    .ARM.Collect$$libshutdown$$00000004  c_w.l(libshutdown2.o)
    0x08000354   0x08000354   0x00000000   Code   RO        10433    .ARM.Collect$$libshutdown$$00000007  c_w.l(libshutdown2.o)
    0x08000354   0x08000354   0x00000000   Code   RO        10436    .ARM.Collect$$libshutdown$$0000000A  c_w.l(libshutdown2.o)
    0x08000354   0x08000354   0x00000000   Code   RO        10438    .ARM.Collect$$libshutdown$$0000000C  c_w.l(libshutdown2.o)
    0x08000354   0x08000354   0x00000000   Code   RO        10441    .ARM.Collect$$libshutdown$$0000000F  c_w.l(libshutdown2.o)
    0x08000354   0x08000354   0x00000002   Code   RO        10442    .ARM.Collect$$libshutdown$$00000010  c_w.l(libshutdown2.o)
    0x08000356   0x08000356   0x00000000   Code   RO        10128    .ARM.Collect$$rtentry$$00000000  c_w.l(__rtentry.o)
    0x08000356   0x08000356   0x00000000   Code   RO        10321    .ARM.Collect$$rtentry$$00000002  c_w.l(__rtentry2.o)
    0x08000356   0x08000356   0x00000006   Code   RO        10333    .ARM.Collect$$rtentry$$00000004  c_w.l(__rtentry4.o)
    0x0800035c   0x0800035c   0x00000000   Code   RO        10323    .ARM.Collect$$rtentry$$00000009  c_w.l(__rtentry2.o)
    0x0800035c   0x0800035c   0x00000004   Code   RO        10324    .ARM.Collect$$rtentry$$0000000A  c_w.l(__rtentry2.o)
    0x08000360   0x08000360   0x00000000   Code   RO        10326    .ARM.Collect$$rtentry$$0000000C  c_w.l(__rtentry2.o)
    0x08000360   0x08000360   0x00000008   Code   RO        10327    .ARM.Collect$$rtentry$$0000000D  c_w.l(__rtentry2.o)
    0x08000368   0x08000368   0x00000002   Code   RO        10447    .ARM.Collect$$rtexit$$00000000  c_w.l(rtexit.o)
    0x0800036a   0x0800036a   0x00000000   Code   RO        10472    .ARM.Collect$$rtexit$$00000002  c_w.l(rtexit2.o)
    0x0800036a   0x0800036a   0x00000004   Code   RO        10473    .ARM.Collect$$rtexit$$00000003  c_w.l(rtexit2.o)
    0x0800036e   0x0800036e   0x00000006   Code   RO        10474    .ARM.Collect$$rtexit$$00000004  c_w.l(rtexit2.o)
    0x08000374   0x08000374   0x00000000   Code   RO        10339    .emb_text           c_w.l(maybetermalloc1.o)
    0x08000374   0x08000374   0x00000040   Code   RO            4    .text               startup_stm32h743xx.o
    0x080003b4   0x080003b4   0x00000010   Code   RO         9874    .text               c_w.l(rt_ctype_table.o)
    0x080003c4   0x080003c4   0x00000028   Code   RO         9880    .text               c_w.l(calloc.o)
    0x080003ec   0x080003ec   0x0000005e   Code   RO         9882    .text               c_w.l(h1_alloc.o)
    0x0800044a   0x0800044a   0x0000004e   Code   RO         9884    .text               c_w.l(h1_free.o)
    0x08000498   0x08000498   0x000000ee   Code   RO         9940    .text               c_w.l(lludivv7m.o)
    0x08000586   0x08000586   0x00000002   PAD
    0x08000588   0x08000588   0x00000018   Code   RO         9946    .text               c_w.l(noretval__2printf.o)
    0x080005a0   0x080005a0   0x00000028   Code   RO         9948    .text               c_w.l(noretval__2sprintf.o)
    0x080005c8   0x080005c8   0x0000004e   Code   RO         9952    .text               c_w.l(_printf_pad.o)
    0x08000616   0x08000616   0x00000052   Code   RO         9954    .text               c_w.l(_printf_str.o)
    0x08000668   0x08000668   0x00000078   Code   RO         9956    .text               c_w.l(_printf_dec.o)
    0x080006e0   0x080006e0   0x00000058   Code   RO         9961    .text               c_w.l(_printf_hex_int.o)
    0x08000738   0x08000738   0x00000138   Code   RO         9991    .text               c_w.l(__printf_flags_wp.o)
    0x08000870   0x08000870   0x0000001a   Code   RO        10004    .text               c_w.l(atoi.o)
    0x0800088a   0x0800088a   0x00000004   Code   RO        10006    .text               c_w.l(strtok_r.o)
    0x0800088e   0x0800088e   0x00000048   Code   RO        10010    .text               c_w.l(strcpy.o)
    0x080008d6   0x080008d6   0x0000008a   Code   RO        10012    .text               c_w.l(rt_memcpy_v6.o)
    0x08000960   0x08000960   0x00000084   Code   RO        10014    .text               c_w.l(rt_memmove_v6.o)
    0x080009e4   0x080009e4   0x00000064   Code   RO        10016    .text               c_w.l(rt_memcpy_w.o)
    0x08000a48   0x08000a48   0x0000007a   Code   RO        10018    .text               c_w.l(rt_memmove_w.o)
    0x08000ac2   0x08000ac2   0x00000010   Code   RO        10020    .text               c_w.l(aeabi_memset.o)
    0x08000ad2   0x08000ad2   0x00000044   Code   RO        10022    .text               c_w.l(rt_memclr.o)
    0x08000b16   0x08000b16   0x0000004e   Code   RO        10024    .text               c_w.l(rt_memclr_w.o)
    0x08000b64   0x08000b64   0x00000056   Code   RO        10026    .text               c_w.l(strncpy.o)
    0x08000bba   0x08000bba   0x00000002   PAD
    0x08000bbc   0x08000bbc   0x00000068   Code   RO        10028    .text               c_w.l(strcmpv7m_pel.o)
    0x08000c24   0x08000c24   0x00000006   Code   RO        10030    .text               c_w.l(heapauxi.o)
    0x08000c2a   0x08000c2a   0x00000002   PAD
    0x08000c2c   0x08000c2c   0x00000008   Code   RO        10136    .text               c_w.l(rt_heap_descriptor_intlibspace.o)
    0x08000c34   0x08000c34   0x00000008   Code   RO        10141    .text               c_w.l(rt_locale_intlibspace.o)
    0x08000c3c   0x08000c3c   0x00000008   Code   RO        10146    .text               c_w.l(rt_errno_addr_intlibspace.o)
    0x08000c44   0x08000c44   0x00000004   Code   RO        10148    .text               c_w.l(hguard.o)
    0x08000c48   0x08000c48   0x0000008a   Code   RO        10150    .text               c_w.l(init_alloc.o)
    0x08000cd2   0x08000cd2   0x0000000e   Code   RO        10154    .text               c_w.l(h1_init.o)
    0x08000ce0   0x08000ce0   0x00000016   Code   RO        10168    .text               c_w.l(_rserrno.o)
    0x08000cf6   0x08000cf6   0x000000b2   Code   RO        10170    .text               c_w.l(_printf_intcommon.o)
    0x08000da8   0x08000da8   0x00000030   Code   RO        10172    .text               c_w.l(_printf_char_common.o)
    0x08000dd8   0x08000dd8   0x0000000a   Code   RO        10174    .text               c_w.l(_sputc.o)
    0x08000de2   0x08000de2   0x0000002c   Code   RO        10176    .text               c_w.l(_printf_char.o)
    0x08000e0e   0x08000e0e   0x00000002   PAD
    0x08000e10   0x08000e10   0x00000024   Code   RO        10178    .text               c_w.l(_printf_char_file.o)
    0x08000e34   0x08000e34   0x00000070   Code   RO        10181    .text               c_w.l(strtol.o)
    0x08000ea4   0x08000ea4   0x00000044   Code   RO        10192    .text               c_w.l(strtok_int.o)
    0x08000ee8   0x08000ee8   0x00000008   Code   RO        10317    .text               c_w.l(libspace.o)
    0x08000ef0   0x08000ef0   0x00000034   Code   RO        10341    .text               c_w.l(h1_extend.o)
    0x08000f24   0x08000f24   0x0000009e   Code   RO        10347    .text               c_w.l(_strtoul.o)
    0x08000fc2   0x08000fc2   0x00000008   Code   RO        10349    .text               c_w.l(ferror.o)
    0x08000fca   0x08000fca   0x00000002   PAD
    0x08000fcc   0x08000fcc   0x00000138   Code   RO        10351    .text               c_w.l(initio.o)
    0x08001104   0x08001104   0x0000000e   Code   RO        10357    .text               c_w.l(defsig_rtmem_outer.o)
    0x08001112   0x08001112   0x00000020   Code   RO        10361    .text               c_w.l(strcspn.o)
    0x08001132   0x08001132   0x0000001c   Code   RO        10363    .text               c_w.l(strspn.o)
    0x0800114e   0x0800114e   0x00000066   Code   RO        10376    .text               c_w.l(sys_io.o)
    0x080011b4   0x080011b4   0x00000002   Code   RO        10381    .text               c_w.l(use_no_semi.o)
    0x080011b6   0x080011b6   0x00000000   Code   RO        10383    .text               c_w.l(indicate_semi.o)
    0x080011b6   0x080011b6   0x0000004a   Code   RO        10384    .text               c_w.l(sys_stackheap_outer.o)
    0x08001200   0x08001200   0x0000001c   Code   RO        10390    .text               c_w.l(_chval.o)
    0x0800121c   0x0800121c   0x00000046   Code   RO        10392    .text               c_w.l(setvbuf.o)
    0x08001262   0x08001262   0x00000002   PAD
    0x08001264   0x08001264   0x000000ec   Code   RO        10395    .text               c_w.l(fopen.o)
    0x08001350   0x08001350   0x0000004c   Code   RO        10397    .text               c_w.l(fclose.o)
    0x0800139c   0x0800139c   0x00000012   Code   RO        10403    .text               c_w.l(exit.o)
    0x080013ae   0x080013ae   0x0000000a   Code   RO        10405    .text               c_w.l(defsig_exit.o)
    0x080013b8   0x080013b8   0x0000000e   Code   RO        10411    .text               c_w.l(defsig_rtred_outer.o)
    0x080013c6   0x080013c6   0x00000002   PAD
    0x080013c8   0x080013c8   0x00000050   Code   RO        10415    .text               c_w.l(defsig_rtmem_inner.o)
    0x08001418   0x08001418   0x0000000c   Code   RO        10445    .text               c_w.l(sys_exit.o)
    0x08001424   0x08001424   0x000000f8   Code   RO        10453    .text               c_w.l(fseek.o)
    0x0800151c   0x0800151c   0x000000f0   Code   RO        10455    .text               c_w.l(stdio.o)
    0x0800160c   0x0800160c   0x00000032   Code   RO        10459    .text               c_w.l(defsig_general.o)
    0x0800163e   0x0800163e   0x00000002   PAD
    0x08001640   0x08001640   0x00000034   Code   RO        10463    .text               c_w.l(defsig_rtred_inner.o)
    0x08001674   0x08001674   0x0000003e   Code   RO        10465    .text               c_w.l(strlen.o)
    0x080016b2   0x080016b2   0x0000000e   Code   RO        10469    .text               c_w.l(sys_wrch.o)
    0x080016c0   0x080016c0   0x00000042   Code   RO        10478    .text               c_w.l(ftell.o)
    0x08001702   0x08001702   0x0000000a   Code   RO         8186    i.AlphaBlendDefault  itu_base.o
    0x0800170c   0x0800170c   0x0000005e   Code   RO         6834    i.BSP_MPU_ConfigRegion  bsp_mpu.o
    0x0800176a   0x0800176a   0x00000008   Code   RO         8187    i.BitBltDefault     itu_base.o
    0x08001772   0x08001772   0x000000a8   Code   RO         6835    i.Board_MPU_Config  bsp_mpu.o
    0x0800181a   0x0800181a   0x00000004   Code   RO         6693    i.BusFault_Handler  stm32h7xx_it.o
    0x0800181e   0x0800181e   0x00000002   PAD
    0x08001820   0x08001820   0x0000000c   Code   RO         6792    i.CPU_TS_TmrRd      core_delay.o
    0x0800182c   0x0800182c   0x00000050   Code   RO         6793    i.CPU_TS_Tmr_Delay_US  core_delay.o
    0x0800187c   0x0800187c   0x0000000a   Code   RO         8188    i.ColorFillBlendDefault  itu_base.o
    0x08001886   0x08001886   0x00000008   Code   RO         8189    i.ColorFillDefault  itu_base.o
    0x0800188e   0x0800188e   0x0000000c   Code   RO         8190    i.CreateMaskSurfaceDefault  itu_base.o
    0x0800189a   0x0800189a   0x0000000c   Code   RO         8191    i.CreateSurfaceDefault  itu_base.o
    0x080018a6   0x080018a6   0x0000000e   Code   RO         9108    i.CrossProduct      itu_sw.o
    0x080018b4   0x080018b4   0x000000fc   Code   RO         7239    i.DEBUG_USART_Config  bsp_debug_usart.o
    0x080019b0   0x080019b0   0x000000e6   Code   RO         1070    i.DMA2D_SetConfig   stm32h7xx_hal_dma2d.o
    0x08001a96   0x08001a96   0x00000002   Code   RO         6694    i.DebugMon_Handler  stm32h7xx_it.o
    0x08001a98   0x08001a98   0x00000002   Code   RO         8192    i.DestroyMaskSurfaceDefault  itu_base.o
    0x08001a9a   0x08001a9a   0x00000002   Code   RO         8193    i.DestroySurfaceDefault  itu_base.o
    0x08001a9c   0x08001a9c   0x00000008   Code   RO         8194    i.DrawCurveDefault  itu_base.o
    0x08001aa4   0x08001aa4   0x00000008   Code   RO         8195    i.DrawLineDefault   itu_base.o
    0x08001aac   0x08001aac   0x0000001c   Code   RO         7408    i.EXTI3_IRQHandler  bsp_touch_gtxx.o
    0x08001ac8   0x08001ac8   0x00000002   Code   RO         8479    i.EffectExit        itu_effect.o
    0x08001aca   0x08001aca   0x0000006c   Code   RO         6344    i.FMC_SDRAM_Init    stm32h7xx_ll_fmc.o
    0x08001b36   0x08001b36   0x00000014   Code   RO         6345    i.FMC_SDRAM_ProgramRefreshRate  stm32h7xx_ll_fmc.o
    0x08001b4a   0x08001b4a   0x00000022   Code   RO         6346    i.FMC_SDRAM_SendCommand  stm32h7xx_ll_fmc.o
    0x08001b6c   0x08001b6c   0x00000094   Code   RO         6348    i.FMC_SDRAM_Timing_Init  stm32h7xx_ll_fmc.o
    0x08001c00   0x08001c00   0x0000004c   Code   RO         8518    i.FadeEffectFindLoopAlphaFix  itu_fadeeffect.o
    0x08001c4c   0x08001c4c   0x00000040   Code   RO         8519    i.FadeEffectStart   itu_fadeeffect.o
    0x08001c8c   0x08001c8c   0x00000040   Code   RO         8520    i.FadeEffectStop    itu_fadeeffect.o
    0x08001ccc   0x08001ccc   0x00000046   Code   RO         8521    i.FadeEffectUpdate  itu_fadeeffect.o
    0x08001d12   0x08001d12   0x00000002   Code   RO         8196    i.FlipDefault       itu_base.o
    0x08001d14   0x08001d14   0x00000002   Code   RO         8197    i.FlipSyncDefault   itu_base.o
    0x08001d16   0x08001d16   0x00000002   PAD
    0x08001d18   0x08001d18   0x00000130   Code   RO         7410    i.GTP_Get_Info      bsp_touch_gtxx.o
    0x08001e48   0x08001e48   0x000000b0   Code   RO         7411    i.GTP_I2C_Read      bsp_touch_gtxx.o
    0x08001ef8   0x08001ef8   0x000000cc   Code   RO         7413    i.GTP_I2C_Test      bsp_touch_gtxx.o
    0x08001fc4   0x08001fc4   0x00000090   Code   RO         7414    i.GTP_I2C_Write     bsp_touch_gtxx.o
    0x08002054   0x08002054   0x0000003c   Code   RO         7415    i.GTP_IRQ_Disable   bsp_touch_gtxx.o
    0x08002090   0x08002090   0x000000a8   Code   RO         7417    i.GTP_Init_Panel    bsp_touch_gtxx.o
    0x08002138   0x08002138   0x00000338   Code   RO         7418    i.GTP_Read_Version  bsp_touch_gtxx.o
    0x08002470   0x08002470   0x0000003c   Code   RO         7421    i.GTP_TouchProcess  bsp_touch_gtxx.o
    0x080024ac   0x080024ac   0x00000060   Code   RO         7422    i.GTP_Touch_Down    bsp_touch_gtxx.o
    0x0800250c   0x0800250c   0x00000020   Code   RO         7423    i.GTP_Touch_Up      bsp_touch_gtxx.o
    0x0800252c   0x0800252c   0x00000004   Code   RO         8198    i.GetDisplaySurfaceDefault  itu_base.o
    0x08002530   0x08002530   0x00000220   Code   RO         7425    i.Goodix_TS_Work_Func  bsp_touch_gtxx.o
    0x08002750   0x08002750   0x00000012   Code   RO         8199    i.GradientFillBlendDefault  itu_base.o
    0x08002762   0x08002762   0x00000008   Code   RO         8200    i.GradientFillDefault  itu_base.o
    0x0800276a   0x0800276a   0x00000002   PAD
    0x0800276c   0x0800276c   0x00000104   Code   RO         1082    i.HAL_DMA2D_ConfigLayer  stm32h7xx_hal_dma2d.o
    0x08002870   0x08002870   0x00000078   Code   RO         1090    i.HAL_DMA2D_Init    stm32h7xx_hal_dma2d.o
    0x080028e8   0x080028e8   0x00000002   Code   RO         1093    i.HAL_DMA2D_MspInit  stm32h7xx_hal_dma2d.o
    0x080028ea   0x080028ea   0x00000166   Code   RO         1094    i.HAL_DMA2D_PollForTransfer  stm32h7xx_hal_dma2d.o
    0x08002a50   0x08002a50   0x0000004e   Code   RO         1097    i.HAL_DMA2D_Start   stm32h7xx_hal_dma2d.o
    0x08002a9e   0x08002a9e   0x00000002   PAD
    0x08002aa0   0x08002aa0   0x00000208   Code   RO         1690    i.HAL_GPIO_Init     stm32h7xx_hal_gpio.o
    0x08002ca8   0x08002ca8   0x00000010   Code   RO         1692    i.HAL_GPIO_ReadPin  stm32h7xx_hal_gpio.o
    0x08002cb8   0x08002cb8   0x0000000c   Code   RO         1694    i.HAL_GPIO_WritePin  stm32h7xx_hal_gpio.o
    0x08002cc4   0x08002cc4   0x0000000c   Code   RO          203    i.HAL_GetREVID      stm32h7xx_hal.o
    0x08002cd0   0x08002cd0   0x0000001c   Code   RO         6794    i.HAL_GetTick       core_delay.o
    0x08002cec   0x08002cec   0x0000002c   Code   RO         6795    i.HAL_InitTick      core_delay.o
    0x08002d18   0x08002d18   0x0000005e   Code   RO         2531    i.HAL_LTDC_ConfigLayer  stm32h7xx_hal_ltdc.o
    0x08002d76   0x08002d76   0x00000002   PAD
    0x08002d78   0x08002d78   0x00000118   Code   RO         2548    i.HAL_LTDC_Init     stm32h7xx_hal_ltdc.o
    0x08002e90   0x08002e90   0x00000002   Code   RO         2551    i.HAL_LTDC_MspInit  stm32h7xx_hal_ltdc.o
    0x08002e92   0x08002e92   0x0000005c   Code   RO         2557    i.HAL_LTDC_SetAlpha  stm32h7xx_hal_ltdc.o
    0x08002eee   0x08002eee   0x00000002   PAD
    0x08002ef0   0x08002ef0   0x0000005c   Code   RO          594    i.HAL_MPU_ConfigRegion  stm32h7xx_hal_cortex.o
    0x08002f4c   0x08002f4c   0x0000002c   Code   RO          595    i.HAL_MPU_Disable   stm32h7xx_hal_cortex.o
    0x08002f78   0x08002f78   0x00000040   Code   RO          596    i.HAL_MPU_Enable    stm32h7xx_hal_cortex.o
    0x08002fb8   0x08002fb8   0x00000044   Code   RO          598    i.HAL_NVIC_DisableIRQ  stm32h7xx_hal_cortex.o
    0x08002ffc   0x08002ffc   0x00000020   Code   RO          599    i.HAL_NVIC_EnableIRQ  stm32h7xx_hal_cortex.o
    0x0800301c   0x0800301c   0x0000007a   Code   RO          605    i.HAL_NVIC_SetPriority  stm32h7xx_hal_cortex.o
    0x08003096   0x08003096   0x00000002   PAD
    0x08003098   0x08003098   0x00000060   Code   RO         3409    i.HAL_PWREx_ConfigSupply  stm32h7xx_hal_pwr_ex.o
    0x080030f8   0x080030f8   0x00000030   Code   RO         3812    i.HAL_RCCEx_GetD1SysClockFreq  stm32h7xx_hal_rcc_ex.o
    0x08003128   0x08003128   0x00000024   Code   RO         3813    i.HAL_RCCEx_GetD3PCLK1Freq  stm32h7xx_hal_rcc_ex.o
    0x0800314c   0x0800314c   0x00000230   Code   RO         3815    i.HAL_RCCEx_GetPLL2ClockFreq  stm32h7xx_hal_rcc_ex.o
    0x0800337c   0x0800337c   0x00000230   Code   RO         3816    i.HAL_RCCEx_GetPLL3ClockFreq  stm32h7xx_hal_rcc_ex.o
    0x080035ac   0x080035ac   0x00000b44   Code   RO         3820    i.HAL_RCCEx_PeriphCLKConfig  stm32h7xx_hal_rcc_ex.o
    0x080040f0   0x080040f0   0x00000300   Code   RO         3699    i.HAL_RCC_ClockConfig  stm32h7xx_hal_rcc.o
    0x080043f0   0x080043f0   0x00000030   Code   RO         3704    i.HAL_RCC_GetHCLKFreq  stm32h7xx_hal_rcc.o
    0x08004420   0x08004420   0x00000024   Code   RO         3706    i.HAL_RCC_GetPCLK1Freq  stm32h7xx_hal_rcc.o
    0x08004444   0x08004444   0x00000024   Code   RO         3707    i.HAL_RCC_GetPCLK2Freq  stm32h7xx_hal_rcc.o
    0x08004468   0x08004468   0x0000022c   Code   RO         3708    i.HAL_RCC_GetSysClockFreq  stm32h7xx_hal_rcc.o
    0x08004694   0x08004694   0x00000748   Code   RO         3711    i.HAL_RCC_OscConfig  stm32h7xx_hal_rcc.o
    0x08004ddc   0x08004ddc   0x00000050   Code   RO         4440    i.HAL_SDRAM_Init    stm32h7xx_hal_sdram.o
    0x08004e2c   0x08004e2c   0x00000002   Code   RO         4442    i.HAL_SDRAM_MspInit  stm32h7xx_hal_sdram.o
    0x08004e2e   0x08004e2e   0x00000036   Code   RO         4443    i.HAL_SDRAM_ProgramRefreshRate  stm32h7xx_hal_sdram.o
    0x08004e64   0x08004e64   0x0000004e   Code   RO         4449    i.HAL_SDRAM_SendCommand  stm32h7xx_hal_sdram.o
    0x08004eb2   0x08004eb2   0x00000002   PAD
    0x08004eb4   0x08004eb4   0x00000014   Code   RO          216    i.HAL_SYSCFG_AnalogSwitchConfig  stm32h7xx_hal.o
    0x08004ec8   0x08004ec8   0x00000002   Code   RO          609    i.HAL_SYSTICK_Callback  stm32h7xx_hal_cortex.o
    0x08004eca   0x08004eca   0x00000008   Code   RO          611    i.HAL_SYSTICK_IRQHandler  stm32h7xx_hal_cortex.o
    0x08004ed2   0x08004ed2   0x00000078   Code   RO         5762    i.HAL_UART_Init     stm32h7xx_hal_uart.o
    0x08004f4a   0x08004f4a   0x00000002   Code   RO         5764    i.HAL_UART_MspInit  stm32h7xx_hal_uart.o
    0x08004f4c   0x08004f4c   0x000000d4   Code   RO         5771    i.HAL_UART_Transmit  stm32h7xx_hal_uart.o
    0x08005020   0x08005020   0x00000004   Code   RO         6695    i.HardFault_Handler  stm32h7xx_it.o
    0x08005024   0x08005024   0x000000f0   Code   RO         7289    i.I2C_GPIO_Config   bsp_i2c_touch.o
    0x08005114   0x08005114   0x00000050   Code   RO         7290    i.I2C_GTP_IRQDisable  bsp_i2c_touch.o
    0x08005164   0x08005164   0x00000054   Code   RO         7291    i.I2C_GTP_IRQEnable  bsp_i2c_touch.o
    0x080051b8   0x080051b8   0x0000004a   Code   RO         7293    i.I2C_ReadBytes     bsp_i2c_touch.o
    0x08005202   0x08005202   0x00000002   PAD
    0x08005204   0x08005204   0x0000005c   Code   RO         7294    i.I2C_ResetChip     bsp_i2c_touch.o
    0x08005260   0x08005260   0x00000010   Code   RO         7295    i.I2C_Touch_Init    bsp_i2c_touch.o
    0x08005270   0x08005270   0x000000ac   Code   RO         7426    i.I2C_Transfer      bsp_touch_gtxx.o
    0x0800531c   0x0800531c   0x00000066   Code   RO         7296    i.I2C_WriteBytes    bsp_i2c_touch.o
    0x08005382   0x08005382   0x0000005c   Code   RO         9109    i.IsCCW             itu_sw.o
    0x080053de   0x080053de   0x00000064   Code   RO         9110    i.IsOnPlaneABCD     itu_sw.o
    0x08005442   0x08005442   0x00000002   PAD
    0x08005444   0x08005444   0x00000040   Code   RO         6866    i.LCD_Clear         bsp_lcd.o
    0x08005484   0x08005484   0x0000002c   Code   RO         6868    i.LCD_ClockConfig   bsp_lcd.o
    0x080054b0   0x080054b0   0x00000028   Code   RO         6871    i.LCD_DisplayOn     bsp_lcd.o
    0x080054d8   0x080054d8   0x0000002c   Code   RO         6875    i.LCD_DrawBuff      bsp_lcd.o
    0x08005504   0x08005504   0x00000518   Code   RO         6888    i.LCD_GPIO_Config   bsp_lcd.o
    0x08005a1c   0x08005a1c   0x00000020   Code   RO         6892    i.LCD_GetXSize      bsp_lcd.o
    0x08005a3c   0x08005a3c   0x00000020   Code   RO         6893    i.LCD_GetYSize      bsp_lcd.o
    0x08005a5c   0x08005a5c   0x000000c0   Code   RO         6894    i.LCD_Init          bsp_lcd.o
    0x08005b1c   0x08005b1c   0x000000a0   Code   RO         6895    i.LCD_LayerInit     bsp_lcd.o
    0x08005bbc   0x08005bbc   0x0000000c   Code   RO         6897    i.LCD_SelectLayer   bsp_lcd.o
    0x08005bc8   0x08005bc8   0x0000001c   Code   RO         6900    i.LCD_SetFont       bsp_lcd.o
    0x08005be4   0x08005be4   0x00000018   Code   RO         6905    i.LCD_SetTransparency  bsp_lcd.o
    0x08005bfc   0x08005bfc   0x000000a4   Code   RO         6768    i.LED_GPIO_Config   bsp_led.o
    0x08005ca0   0x08005ca0   0x00000100   Code   RO         6909    i.LL_FillBuffer     bsp_lcd.o
    0x08005da0   0x08005da0   0x00000210   Code   RO         2567    i.LTDC_SetConfig    stm32h7xx_hal_ltdc.o
    0x08005fb0   0x08005fb0   0x000000a8   Code   RO         8681    i.LayerGoto         itu_layer.o
    0x08006058   0x08006058   0x00000010   Code   RO         8682    i.LayerHideDelay    itu_layer.o
    0x08006068   0x08006068   0x00000008   Code   RO         8796    i.LcdGetDisplaySurface  itu_lcd.o
    0x08006070   0x08006070   0x0000000a   Code   RO         8201    i.LockSurfaceDefault  itu_base.o
    0x0800607a   0x0800607a   0x00000004   Code   RO         6696    i.MemManage_Handler  stm32h7xx_it.o
    0x0800607e   0x0800607e   0x00000002   Code   RO         6697    i.NMI_Handler       stm32h7xx_it.o
    0x08006080   0x08006080   0x00000002   Code   RO         6698    i.PendSV_Handler    stm32h7xx_it.o
    0x08006082   0x08006082   0x00000016   Code   RO         8202    i.ProjectionDefault  itu_base.o
    0x08006098   0x08006098   0x00000164   Code   RO         3823    i.RCCEx_PLL2_Config  stm32h7xx_hal_rcc_ex.o
    0x080061fc   0x080061fc   0x00000164   Code   RO         3824    i.RCCEx_PLL3_Config  stm32h7xx_hal_rcc_ex.o
    0x08006360   0x08006360   0x00000076   Code   RO         9422    i.RectOverlap       itu_widget.o
    0x080063d6   0x080063d6   0x0000000a   Code   RO         8203    i.ReflectedDefault  itu_base.o
    0x080063e0   0x080063e0   0x00000008   Code   RO         8204    i.RotateDefault     itu_base.o
    0x080063e8   0x080063e8   0x000003c4   Code   RO         9111    i.RotateImage16     itu_sw.o
    0x080067ac   0x080067ac   0x000003b8   Code   RO         9112    i.RotateImage32     itu_sw.o
    0x08006b64   0x08006b64   0x0000009c   Code   RO         6562    i.SCB_EnableDCache  main.o
    0x08006c00   0x08006c00   0x0000007c   Code   RO         6563    i.SCB_EnableICache  main.o
    0x08006c7c   0x08006c7c   0x000000b0   Code   RO         9672    i.SDL_AddEvent      sdl_events.o
    0x08006d2c   0x08006d2c   0x0000009c   Code   RO         9673    i.SDL_CutEvent      sdl_events.o
    0x08006dc8   0x08006dc8   0x00000002   Code   RO         9674    i.SDL_Delay         sdl_events.o
    0x08006dca   0x08006dca   0x00000002   PAD
    0x08006dcc   0x08006dcc   0x000000e4   Code   RO         9675    i.SDL_EventState    sdl_events.o
    0x08006eb0   0x08006eb0   0x0000000e   Code   RO         9676    i.SDL_FlushEvent    sdl_events.o
    0x08006ebe   0x08006ebe   0x00000002   PAD
    0x08006ec0   0x08006ec0   0x00000058   Code   RO         9677    i.SDL_FlushEvents   sdl_events.o
    0x08006f18   0x08006f18   0x0000000c   Code   RO         9785    i.SDL_GetTicks      sdl_systimer.o
    0x08006f24   0x08006f24   0x000000d8   Code   RO         9680    i.SDL_PeepEvents    sdl_events.o
    0x08006ffc   0x08006ffc   0x0000000e   Code   RO         9681    i.SDL_PollEvent     sdl_events.o
    0x0800700a   0x0800700a   0x00000002   Code   RO         9682    i.SDL_PumpEvents    sdl_events.o
    0x0800700c   0x0800700c   0x00000060   Code   RO         9683    i.SDL_PushEvent     sdl_events.o
    0x0800706c   0x0800706c   0x00000038   Code   RO         9685    i.SDL_StartEventLoop  sdl_events.o
    0x080070a4   0x080070a4   0x0000005c   Code   RO         9686    i.SDL_StopEventLoop  sdl_events.o
    0x08007100   0x08007100   0x00000060   Code   RO         9688    i.SDL_WaitEventTimeout  sdl_events.o
    0x08007160   0x08007160   0x000008f0   Code   RO         7179    i.SDRAM_GPIO_Config  bsp_sdram.o
    0x08007a50   0x08007a50   0x000000c0   Code   RO         7180    i.SDRAM_Init        bsp_sdram.o
    0x08007b10   0x08007b10   0x00000090   Code   RO         7181    i.SDRAM_InitSequence  bsp_sdram.o
    0x08007ba0   0x08007ba0   0x00000024   Code   RO         7185    i.SDRAM_delay       bsp_sdram.o
    0x08007bc4   0x08007bc4   0x00000002   Code   RO         6699    i.SVC_Handler       stm32h7xx_it.o
    0x08007bc6   0x08007bc6   0x00000002   PAD
    0x08007bc8   0x08007bc8   0x0000133c   Code   RO         9113    i.SWAlphaBlend      itu_sw.o
    0x08008f04   0x08008f04   0x00001048   Code   RO         9114    i.SWBitBlt          itu_sw.o
    0x08009f4c   0x08009f4c   0x000002dc   Code   RO         9115    i.SWColorFill       itu_sw.o
    0x0800a228   0x0800a228   0x000000c0   Code   RO         9116    i.SWCreateSurface   itu_sw.o
    0x0800a2e8   0x0800a2e8   0x00000016   Code   RO         9117    i.SWDestroySurface  itu_sw.o
    0x0800a2fe   0x0800a2fe   0x00000002   PAD
    0x0800a300   0x0800a300   0x00000490   Code   RO         9118    i.SWDrawGlyph       itu_sw.o
    0x0800a790   0x0800a790   0x00000380   Code   RO         9119    i.SWDrawLine        itu_sw.o
    0x0800ab10   0x0800ab10   0x000001d0   Code   RO         9120    i.SWFlip            itu_sw.o
    0x0800ace0   0x0800ace0   0x00000070   Code   RO         9121    i.SWFlipSync        itu_sw.o
    0x0800ad50   0x0800ad50   0x00002434   Code   RO         9122    i.SWGradientFill    itu_sw.o
    0x0800d184   0x0800d184   0x00000080   Code   RO         9123    i.SWLockSurface     itu_sw.o
    0x0800d204   0x0800d204   0x00000298   Code   RO         9124    i.SWReflected       itu_sw.o
    0x0800d49c   0x0800d49c   0x00000680   Code   RO         9125    i.SWRotate          itu_sw.o
    0x0800db1c   0x0800db1c   0x00000090   Code   RO         9126    i.SWSetRotation     itu_sw.o
    0x0800dbac   0x0800dbac   0x00000d74   Code   RO         9127    i.SWStretchBlt      itu_sw.o
    0x0800e920   0x0800e920   0x00000052   Code   RO         9128    i.SWTransform       itu_sw.o
    0x0800e972   0x0800e972   0x00000002   PAD
    0x0800e974   0x0800e974   0x000011e4   Code   RO         9129    i.SWTransformBlt    itu_sw.o
    0x0800fb58   0x0800fb58   0x00000008   Code   RO         9130    i.SWUnlockSurface   itu_sw.o
    0x0800fb60   0x0800fb60   0x00000044   Code   RO         8901    i.ScaleFadeEffectStart  itu_scalefadeeffect.o
    0x0800fba4   0x0800fba4   0x00000044   Code   RO         8902    i.ScaleFadeEffectStop  itu_scalefadeeffect.o
    0x0800fbe8   0x0800fbe8   0x00000042   Code   RO         8903    i.ScaleFadeEffectUpdate  itu_scalefadeeffect.o
    0x0800fc2a   0x0800fc2a   0x00000002   PAD
    0x0800fc2c   0x0800fc2c   0x00000044   Code   RO         9057    i.ScrollFadeEffectStart  itu_scrollfadeeffect.o
    0x0800fc70   0x0800fc70   0x00000044   Code   RO         9058    i.ScrollFadeEffectStop  itu_scrollfadeeffect.o
    0x0800fcb4   0x0800fcb4   0x00000042   Code   RO         9059    i.ScrollFadeEffectUpdate  itu_scrollfadeeffect.o
    0x0800fcf6   0x0800fcf6   0x00000002   Code   RO         8205    i.SetMaskSurfaceDefault  itu_base.o
    0x0800fcf8   0x0800fcf8   0x00000002   Code   RO         8206    i.SetRotationDefault  itu_base.o
    0x0800fcfa   0x0800fcfa   0x00000012   Code   RO         8207    i.StretchBltDefault  itu_base.o
    0x0800fd0c   0x0800fd0c   0x00000008   Code   RO         6700    i.SysTick_Handler   stm32h7xx_it.o
    0x0800fd14   0x0800fd14   0x000000d0   Code   RO         6564    i.SystemClock_Config  main.o
    0x0800fde4   0x0800fde4   0x00000094   Code   RO           14    i.SystemInit        system_stm32h7xx.o
    0x0800fe78   0x0800fe78   0x00000016   Code   RO         8208    i.TransformBltDefault  itu_base.o
    0x0800fe8e   0x0800fe8e   0x00000016   Code   RO         8209    i.TransformDefault  itu_base.o
    0x0800fea4   0x0800fea4   0x000000f8   Code   RO         5776    i.UART_AdvFeatureConfig  stm32h7xx_hal_uart.o
    0x0800ff9c   0x0800ff9c   0x00000074   Code   RO         5777    i.UART_CheckIdleState  stm32h7xx_hal_uart.o
    0x08010010   0x08010010   0x000016f0   Code   RO         5795    i.UART_SetConfig    stm32h7xx_hal_uart.o
    0x08011700   0x08011700   0x000000be   Code   RO         5800    i.UART_WaitOnFlagUntilTimeout  stm32h7xx_hal_uart.o
    0x080117be   0x080117be   0x00000002   Code   RO         8210    i.UnlockSurfaceDefault  itu_base.o
    0x080117c0   0x080117c0   0x00000004   Code   RO         6701    i.UsageFault_Handler  stm32h7xx_it.o
    0x080117c4   0x080117c4   0x00000012   Code   RO         9423    i.ValueInRange      itu_widget.o
    0x080117d6   0x080117d6   0x00000010   Code   RO         9424    i.WidgetHide        itu_widget.o
    0x080117e6   0x080117e6   0x00000010   Code   RO         9425    i.WidgetShow        itu_widget.o
    0x080117f6   0x080117f6   0x00000030   Code   RO        10268    i.__ARM_fpclassify  m_wv.l(fpclassify.o)
    0x08011826   0x08011826   0x00000026   Code   RO        10270    i.__ARM_fpclassifyf  m_wv.l(fpclassifyf.o)
    0x0801184c   0x0801184c   0x00000010   Code   RO          612    i.__NVIC_GetPriorityGrouping  stm32h7xx_hal_cortex.o
    0x0801185c   0x0801185c   0x00000028   Code   RO          613    i.__NVIC_SetPriority  stm32h7xx_hal_cortex.o
    0x08011884   0x08011884   0x00000150   Code   RO        10046    i.__hardfp_cosf     m_wv.l(cosf.o)
    0x080119d4   0x080119d4   0x00000004   PAD
    0x080119d8   0x080119d8   0x000008f8   Code   RO        10058    i.__hardfp_pow      m_wv.l(pow.o)
    0x080122d0   0x080122d0   0x00000658   Code   RO        10072    i.__hardfp_powf     m_wv.l(powf.o)
    0x08012928   0x08012928   0x00000194   Code   RO        10086    i.__hardfp_sinf     m_wv.l(sinf.o)
    0x08012abc   0x08012abc   0x0000003a   Code   RO        10098    i.__hardfp_sqrtf    m_wv.l(sqrtf.o)
    0x08012af6   0x08012af6   0x00000002   PAD
    0x08012af8   0x08012af8   0x00000080   Code   RO        10110    i.__hardfp_tan      m_wv.l(tan.o)
    0x08012b78   0x08012b78   0x00000310   Code   RO        10289    i.__ieee754_rem_pio2  m_wv.l(rred.o)
    0x08012e88   0x08012e88   0x00000070   Code   RO        10286    i.__kernel_poly     m_wv.l(poly.o)
    0x08012ef8   0x08012ef8   0x00000208   Code   RO        10309    i.__kernel_tan      m_wv.l(tan_i.o)
    0x08013100   0x08013100   0x00000020   Code   RO        10248    i.__mathlib_dbl_divzero  m_wv.l(dunder.o)
    0x08013120   0x08013120   0x00000006   Code   RO        10250    i.__mathlib_dbl_infnan2  m_wv.l(dunder.o)
    0x08013126   0x08013126   0x00000002   PAD
    0x08013128   0x08013128   0x00000018   Code   RO        10251    i.__mathlib_dbl_invalid  m_wv.l(dunder.o)
    0x08013140   0x08013140   0x00000018   Code   RO        10252    i.__mathlib_dbl_overflow  m_wv.l(dunder.o)
    0x08013158   0x08013158   0x00000018   Code   RO        10254    i.__mathlib_dbl_underflow  m_wv.l(dunder.o)
    0x08013170   0x08013170   0x00000018   Code   RO        10272    i.__mathlib_flt_divzero  m_wv.l(funder.o)
    0x08013188   0x08013188   0x00000006   Code   RO        10273    i.__mathlib_flt_infnan  m_wv.l(funder.o)
    0x0801318e   0x0801318e   0x00000006   Code   RO        10274    i.__mathlib_flt_infnan2  m_wv.l(funder.o)
    0x08013194   0x08013194   0x00000010   Code   RO        10275    i.__mathlib_flt_invalid  m_wv.l(funder.o)
    0x080131a4   0x080131a4   0x00000010   Code   RO        10276    i.__mathlib_flt_overflow  m_wv.l(funder.o)
    0x080131b4   0x080131b4   0x00000010   Code   RO        10278    i.__mathlib_flt_underflow  m_wv.l(funder.o)
    0x080131c4   0x080131c4   0x00000154   Code   RO        10294    i.__mathlib_rredf2  m_wv.l(rredf.o)
    0x08013318   0x08013318   0x00000056   Code   RO         6565    i._create_background  main.o
    0x0801336e   0x0801336e   0x00000002   PAD
    0x08013370   0x08013370   0x00000068   Code   RO         6566    i._create_layer     main.o
    0x080133d8   0x080133d8   0x0000000e   Code   RO         9989    i._is_digit         c_w.l(__printf_wp.o)
    0x080133e6   0x080133e6   0x00000002   PAD
    0x080133e8   0x080133e8   0x00000100   Code   RO         6567    i._test_init        main.o
    0x080134e8   0x080134e8   0x00000018   Code   RO        10264    i.fabs              m_wv.l(fabs.o)
    0x08013500   0x08013500   0x0000001c   Code   RO         7242    i.fputc             bsp_debug_usart.o
    0x0801351c   0x0801351c   0x0000003c   Code   RO         7297    i.i2c_Ack           bsp_i2c_touch.o
    0x08013558   0x08013558   0x0000000e   Code   RO         7298    i.i2c_Delay         bsp_i2c_touch.o
    0x08013566   0x08013566   0x00000002   PAD
    0x08013568   0x08013568   0x00000034   Code   RO         7299    i.i2c_NAck          bsp_i2c_touch.o
    0x0801359c   0x0801359c   0x00000048   Code   RO         7300    i.i2c_ReadByte      bsp_i2c_touch.o
    0x080135e4   0x080135e4   0x00000064   Code   RO         7301    i.i2c_SendByte      bsp_i2c_touch.o
    0x08013648   0x08013648   0x0000003c   Code   RO         7302    i.i2c_Start         bsp_i2c_touch.o
    0x08013684   0x08013684   0x0000002c   Code   RO         7303    i.i2c_Stop          bsp_i2c_touch.o
    0x080136b0   0x080136b0   0x00000044   Code   RO         7304    i.i2c_WaitAck       bsp_i2c_touch.o
    0x080136f4   0x080136f4   0x00000026   Code   RO         7560    i.itcTreePushBack   itc_tree.o
    0x0801371a   0x0801371a   0x00000018   Code   RO         7561    i.itcTreePushFront  itc_tree.o
    0x08013732   0x08013732   0x00000004   Code   RO         7648    i.ithLcdGetBaseAddrB  ith_lcd.o
    0x08013736   0x08013736   0x00000004   Code   RO         7651    i.ithLcdGetFormat   ith_lcd.o
    0x0801373a   0x0801373a   0x00000002   Code   RO         9284    i.ituAssertThread   itu_utility.o
    0x0801373c   0x0801373c   0x00000006   Code   RO         8145    i.ituBackgroundClone  itu_background.o
    0x08013742   0x08013742   0x00000002   PAD
    0x08013744   0x08013744   0x0000162c   Code   RO         8146    i.ituBackgroundDraw  itu_background.o
    0x08014d70   0x08014d70   0x00000060   Code   RO         8147    i.ituBackgroundInit  itu_background.o
    0x08014dd0   0x08014dd0   0x00000148   Code   RO         8434    i.ituClipperPostDraw  itu_clipper.o
    0x08014f18   0x08014f18   0x00000020   Code   RO         9285    i.ituDirtyWidgetImpl  itu_utility.o
    0x08014f38   0x08014f38   0x00000008   Code   RO         8211    i.ituDrawGlyphDefault  itu_base.o
    0x08014f40   0x08014f40   0x00000034   Code   RO         8480    i.ituEffectInit     itu_effect.o
    0x08014f74   0x08014f74   0x0000000a   Code   RO         8481    i.ituEffectStartImpl  itu_effect.o
    0x08014f7e   0x08014f7e   0x0000000a   Code   RO         8482    i.ituEffectStopImpl  itu_effect.o
    0x08014f88   0x08014f88   0x00000016   Code   RO         8483    i.ituEffectUpdateImpl  itu_effect.o
    0x08014f9e   0x08014f9e   0x00000002   PAD
    0x08014fa0   0x08014fa0   0x00000294   Code   RO         8093    i.ituExecActions    itu_action.o
    0x08015234   0x08015234   0x00000058   Code   RO         8522    i.ituFadeEffectInit  itu_fadeeffect.o
    0x0801528c   0x0801528c   0x00000038   Code   RO         9287    i.ituFindWidgetChildImpl  itu_utility.o
    0x080152c4   0x080152c4   0x000000ac   Code   RO         9288    i.ituFocusWidgetImpl  itu_utility.o
    0x08015370   0x08015370   0x0000002e   Code   RO         9289    i.ituFormat2Bpp     itu_utility.o
    0x0801539e   0x0801539e   0x00000002   PAD
    0x080153a0   0x080153a0   0x000000b8   Code   RO         8555    i.ituIconClone      itu_icon.o
    0x08015458   0x08015458   0x000015b8   Code   RO         8556    i.ituIconDraw       itu_icon.o
    0x08016a10   0x08016a10   0x0000007c   Code   RO         8557    i.ituIconExit       itu_icon.o
    0x08016a8c   0x08016a8c   0x0000006c   Code   RO         8558    i.ituIconInit       itu_icon.o
    0x08016af8   0x08016af8   0x0000002a   Code   RO         8571    i.ituIconUpdate     itu_icon.o
    0x08016b22   0x08016b22   0x00000002   PAD
    0x08016b24   0x08016b24   0x00000060   Code   RO         8687    i.ituLayerClone     itu_layer.o
    0x08016b84   0x08016b84   0x00000044   Code   RO         8690    i.ituLayerExit      itu_layer.o
    0x08016bc8   0x08016bc8   0x000001b0   Code   RO         8691    i.ituLayerGoto      itu_layer.o
    0x08016d78   0x08016d78   0x0000006c   Code   RO         8692    i.ituLayerInit      itu_layer.o
    0x08016de4   0x08016de4   0x0000003c   Code   RO         8694    i.ituLayerLoadExternal  itu_layer.o
    0x08016e20   0x08016e20   0x00000002   Code   RO         8695    i.ituLayerLoadFont  itu_layer.o
    0x08016e22   0x08016e22   0x00000142   Code   RO         8696    i.ituLayerOnAction  itu_layer.o
    0x08016f64   0x08016f64   0x00000058   Code   RO         8697    i.ituLayerReleaseExternal  itu_layer.o
    0x08016fbc   0x08016fbc   0x000001a4   Code   RO         8698    i.ituLayerUpdate    itu_layer.o
    0x08017160   0x08017160   0x00000094   Code   RO         8798    i.ituLcdInit        itu_lcd.o
    0x080171f4   0x080171f4   0x00000120   Code   RO         9136    i.ituSWInit         itu_sw.o
    0x08017314   0x08017314   0x00000058   Code   RO         8871    i.ituScaleEffectInit  itu_scaleeffect.o
    0x0801736c   0x0801736c   0x00000058   Code   RO         8872    i.ituScaleEffectStart  itu_scaleeffect.o
    0x080173c4   0x080173c4   0x00000058   Code   RO         8873    i.ituScaleEffectStop  itu_scaleeffect.o
    0x0801741c   0x0801741c   0x000000e8   Code   RO         8874    i.ituScaleEffectUpdate  itu_scaleeffect.o
    0x08017504   0x08017504   0x00000060   Code   RO         8904    i.ituScaleFadeEffectInit  itu_scalefadeeffect.o
    0x08017564   0x08017564   0x00000054   Code   RO         8931    i.ituSceneDraw      itu_scene.o
    0x080175b8   0x080175b8   0x00000054   Code   RO         8932    i.ituSceneExecuteCommand  itu_scene.o
    0x0801760c   0x0801760c   0x00000054   Code   RO         8935    i.ituSceneFindWidget  itu_scene.o
    0x08017660   0x08017660   0x0000001c   Code   RO         8938    i.ituSceneInit      itu_scene.o
    0x0801767c   0x0801767c   0x00000058   Code   RO         9027    i.ituScrollEffectInit  itu_scrolleffect.o
    0x080176d4   0x080176d4   0x00000050   Code   RO         9028    i.ituScrollEffectStart  itu_scrolleffect.o
    0x08017724   0x08017724   0x00000050   Code   RO         9029    i.ituScrollEffectStop  itu_scrolleffect.o
    0x08017774   0x08017774   0x000000d6   Code   RO         9030    i.ituScrollEffectUpdate  itu_scrolleffect.o
    0x0801784a   0x0801784a   0x00000002   PAD
    0x0801784c   0x0801784c   0x00000060   Code   RO         9060    i.ituScrollFadeEffectInit  itu_scrollfadeeffect.o
    0x080178ac   0x080178ac   0x0000000e   Code   RO         8149    i.ituSetColor       itu_background.o
    0x080178ba   0x080178ba   0x00000002   PAD
    0x080178bc   0x080178bc   0x00000030   Code   RO         9085    i.ituSurfaceRelease  itu_surface.o
    0x080178ec   0x080178ec   0x00000054   Code   RO         9086    i.ituSurfaceSetClipping  itu_surface.o
    0x08017940   0x08017940   0x00000016   Code   RO         9426    i.ituWidgetAddImpl  itu_widget.o
    0x08017956   0x08017956   0x00000078   Code   RO         9427    i.ituWidgetCloneImpl  itu_widget.o
    0x080179ce   0x080179ce   0x0000009c   Code   RO         9428    i.ituWidgetDrawImpl  itu_widget.o
    0x08017a6a   0x08017a6a   0x00000028   Code   RO         9429    i.ituWidgetExitImpl  itu_widget.o
    0x08017a92   0x08017a92   0x00000002   PAD
    0x08017a94   0x08017a94   0x00000068   Code   RO         9432    i.ituWidgetInit     itu_widget.o
    0x08017afc   0x08017afc   0x0000003e   Code   RO         9433    i.ituWidgetIsInsideImpl  itu_widget.o
    0x08017b3a   0x08017b3a   0x00000086   Code   RO         9434    i.ituWidgetIsOverlapClipping  itu_widget.o
    0x08017bc0   0x08017bc0   0x000001b4   Code   RO         9438    i.ituWidgetOnActionImpl  itu_widget.o
    0x08017d74   0x08017d74   0x0000000a   Code   RO         9439    i.ituWidgetOnPressImpl  itu_widget.o
    0x08017d7e   0x08017d7e   0x0000000c   Code   RO         9440    i.ituWidgetSetActiveImpl  itu_widget.o
    0x08017d8a   0x08017d8a   0x00000018   Code   RO         9441    i.ituWidgetSetAlphaImpl  itu_widget.o
    0x08017da2   0x08017da2   0x00000014   Code   RO         9442    i.ituWidgetSetBoundImpl  itu_widget.o
    0x08017db6   0x08017db6   0x0000016e   Code   RO         9443    i.ituWidgetSetClipping  itu_widget.o
    0x08017f24   0x08017f24   0x0000001a   Code   RO         9447    i.ituWidgetSetNameImpl  itu_widget.o
    0x08017f3e   0x08017f3e   0x00000002   PAD
    0x08017f40   0x08017f40   0x0000122c   Code   RO         9449    i.ituWidgetSetVisibleImpl  itu_widget.o
    0x0801916c   0x0801916c   0x00000318   Code   RO         9457    i.ituWidgetUpdateImpl  itu_widget.o
    0x08019484   0x08019484   0x00000058   Code   RO         9642    i.ituWipeEffectInit  itu_wipeeffect.o
    0x080194dc   0x080194dc   0x00000048   Code   RO         9643    i.ituWipeEffectStart  itu_wipeeffect.o
    0x08019524   0x08019524   0x00000048   Code   RO         9644    i.ituWipeEffectStop  itu_wipeeffect.o
    0x0801956c   0x0801956c   0x0000013e   Code   RO         9645    i.ituWipeEffectUpdate  itu_wipeeffect.o
    0x080196aa   0x080196aa   0x00000002   PAD
    0x080196ac   0x080196ac   0x0000019c   Code   RO         6568    i.main              main.o
    0x08019848   0x08019848   0x0000007c   Code   RO         9817    i.prvHeapInit       heap_4.o
    0x080198c4   0x080198c4   0x00000068   Code   RO         9818    i.prvInsertBlockIntoFreeList  heap_4.o
    0x0801992c   0x0801992c   0x0000002a   Code   RO         9819    i.pvPortCalloc      heap_4.o
    0x08019956   0x08019956   0x00000002   PAD
    0x08019958   0x08019958   0x000000c8   Code   RO         9820    i.pvPortMalloc      heap_4.o
    0x08019a20   0x08019a20   0x0000006a   Code   RO        10299    i.sqrt              m_wv.l(sqrt.o)
    0x08019a8a   0x08019a8a   0x0000001c   Code   RO         6569    i.test_event        main.o
    0x08019aa6   0x08019aa6   0x00000002   PAD
    0x08019aa8   0x08019aa8   0x0000002c   Code   RO        10190    locale$$code        c_w.l(lc_ctype_c.o)
    0x08019ad4   0x08019ad4   0x00000010   Code   RO        10370    x$fpl$dcheck1       fz_wv.l(dcheck1.o)
    0x08019ae4   0x08019ae4   0x0000000a   Code   RO        10374    x$fpl$fpinit        fz_wv.l(fpinit.o)
    0x08019aee   0x08019aee   0x00000064   Code   RO        10443    x$fpl$retnan        fz_wv.l(retnan.o)
    0x08019b52   0x08019b52   0x0000005c   Code   RO        10245    x$fpl$scalbn        fz_wv.l(scalbn.o)
    0x08019bae   0x08019bae   0x00000030   Code   RO        10467    x$fpl$trapveneer    fz_wv.l(trapv.o)
    0x08019bde   0x08019bde   0x00000000   Code   RO        10247    x$fpl$usenofp       fz_wv.l(usenofp.o)
    0x08019bde   0x08019bde   0x00000010   Data   RO           15    .constdata          system_stm32h7xx.o
    0x08019bee   0x08019bee   0x00003cdc   Data   RO         6911    .constdata          bsp_lcd.o
    0x0801d8ca   0x0801d8ca   0x00000002   PAD
    0x0801d8cc   0x0801d8cc   0x00000484   Data   RO         7427    .constdata          bsp_touch_gtxx.o
    0x0801dd50   0x0801dd50   0x0000000e   Data   RO         8150    .constdata          itu_background.o
    0x0801dd5e   0x0801dd5e   0x00000008   Data   RO         8572    .constdata          itu_icon.o
    0x0801dd66   0x0801dd66   0x00000009   Data   RO         8699    .constdata          itu_layer.o
    0x0801dd6f   0x0801dd6f   0x00000010   Data   RO         9137    .constdata          itu_sw.o
    0x0801dd7f   0x0801dd7f   0x0000000a   Data   RO         9458    .constdata          itu_widget.o
    0x0801dd89   0x0801dd89   0x00000028   Data   RO         9962    .constdata          c_w.l(_printf_hex_int.o)
    0x0801ddb1   0x0801ddb1   0x00000011   Data   RO         9992    .constdata          c_w.l(__printf_flags_wp.o)
    0x0801ddc2   0x0801ddc2   0x00000006   PAD
    0x0801ddc8   0x0801ddc8   0x00000088   Data   RO        10061    .constdata          m_wv.l(pow.o)
    0x0801de50   0x0801de50   0x00000140   Data   RO        10075    .constdata          m_wv.l(powf.o)
    0x0801df90   0x0801df90   0x00000008   Data   RO        10288    .constdata          m_wv.l(qnan.o)
    0x0801df98   0x0801df98   0x000000c8   Data   RO        10291    .constdata          m_wv.l(rred.o)
    0x0801e060   0x0801e060   0x00000020   Data   RO        10295    .constdata          m_wv.l(rredf.o)
    0x0801e080   0x0801e080   0x00000060   Data   RO        10310    .constdata          m_wv.l(tan_i.o)
    0x0801e0e0   0x0801e0e0   0x00000004   Data   RO        10377    .constdata          c_w.l(sys_io.o)
    0x0801e0e4   0x0801e0e4   0x00000004   Data   RO        10378    .constdata          c_w.l(sys_io.o)
    0x0801e0e8   0x0801e0e8   0x00000004   Data   RO        10379    .constdata          c_w.l(sys_io.o)
    0x0801e0ec   0x0801e0ec   0x000000a1   Data   RO         7428    .conststring        bsp_touch_gtxx.o
    0x0801e18d   0x0801e18d   0x00000003   PAD
    0x0801e190   0x0801e190   0x00000020   Data   RO        10497    Region$$Table       anon$$obj.o
    0x0801e1b0   0x0801e1b0   0x00000110   Data   RO        10189    locale$$data        c_w.l(lc_ctype_c.o)


    Execution Region RW_IRAM1 (Exec base: 0x20000000, Load base: 0x0801e2c0, Size: 0x00000000, Max: 0x00020000, ABSOLUTE)

    **** No section assigned to this execution region ****


    Execution Region RW_IRAM2 (Exec base: 0x24000000, Load base: 0x0801e2c0, Size: 0x00003448, Max: 0x00080000, ABSOLUTE)

    Exec Addr    Load Addr    Size         Type   Attr      Idx    E Section Name        Object

    0x24000000   0x0801e2c0   0x00000008   Data   RW           16    .data               system_stm32h7xx.o
    0x24000008   0x0801e2c8   0x00000009   Data   RW          233    .data               stm32h7xx_hal.o
    0x24000011   0x0801e2d1   0x00000003   PAD
    0x24000014   0x0801e2d4   0x00000005   Data   RW         6571    .data               main.o
    0x24000019   0x0801e2d9   0x00000003   PAD
    0x2400001c   0x0801e2dc   0x0000002c   Data   RW         6912    .data               bsp_lcd.o
    0x24000048   0x0801e308   0x0000001d   Data   RW         7429    .data               bsp_touch_gtxx.o
    0x24000065   0x0801e325   0x00000003   PAD
    0x24000068   0x0801e328   0x0000006c   Data   RW         8212    .data               itu_base.o
    0x240000d4   0x0801e394   0x00000008   Data   RW         8700    .data               itu_layer.o
    0x240000dc   0x0801e39c   0x00000008   Data   RW         9138    .data               itu_sw.o
    0x240000e4   0x0801e3a4   0x00000010   Data   RW         9690    .data               sdl_events.o
    0x240000f4   0x0801e3b4   0x00000018   Data   RW         9826    .data               heap_4.o
    0x2400010c   0x0801e3cc   0x00000004   Data   RW        10186    .data               c_w.l(stdio_streams.o)
    0x24000110   0x0801e3d0   0x00000004   Data   RW        10187    .data               c_w.l(stdio_streams.o)
    0x24000114   0x0801e3d4   0x00000004   Data   RW        10188    .data               c_w.l(stdio_streams.o)
    0x24000118        -       0x00001ad8   Zero   RW         6570    .bss                main.o
    0x24001bf0        -       0x000001dc   Zero   RW         6910    .bss                bsp_lcd.o
    0x24001dcc        -       0x00000044   Zero   RW         7186    .bss                bsp_sdram.o
    0x24001e10        -       0x0000008c   Zero   RW         7243    .bss                bsp_debug_usart.o
    0x24001e9c        -       0x0000003c   Zero   RW         8799    .bss                itu_lcd.o
    0x24001ed8        -       0x00000e14   Zero   RW         9689    .bss                sdl_events.o
    0x24002cec        -       0x00000054   Zero   RW        10183    .bss                c_w.l(stdio_streams.o)
    0x24002d40        -       0x00000054   Zero   RW        10184    .bss                c_w.l(stdio_streams.o)
    0x24002d94        -       0x00000054   Zero   RW        10185    .bss                c_w.l(stdio_streams.o)
    0x24002de8        -       0x00000060   Zero   RW        10318    .bss                c_w.l(libspace.o)
    0x24002e48        -       0x00000200   Zero   RW            2    HEAP                startup_stm32h743xx.o
    0x24003048        -       0x00000400   Zero   RW            1    STACK               startup_stm32h743xx.o



  Load Region LR$$.ARM.__AT_0xD2571104 (Base: 0xd2571104, Size: 0x00000000, Max: 0x00080000, ABSOLUTE)

    Execution Region ER$$.ARM.__AT_0xD2571104 (Exec base: 0xd2571104, Load base: 0xd2571104, Size: 0x00080000, Max: 0x00080000, ABSOLUTE, UNINIT)

    Exec Addr    Load Addr    Size         Type   Attr      Idx    E Section Name        Object

    0xd2571104        -       0x00080000   Zero   RW         9825    .ARM.__AT_0xD2571104  heap_4.o


==============================================================================

Image component sizes


      Code (inc. data)   RO Data    RW Data    ZI Data      Debug   Object Name

       280         24          0          0        140       1983   bsp_debug_usart.o
      1158         74          0          0          0       9527   bsp_i2c_touch.o
      2232        156      15580         44        476      18196   bsp_lcd.o
       164         14          0          0          0        970   bsp_led.o
       262          6          0          0          0       1742   bsp_mpu.o
      2660         60          0          0         68       5591   bsp_sdram.o
      2812        930       1317         29          0      19264   bsp_touch_gtxx.o
       164         30          0          0          0       2214   core_delay.o
       470         54          0         24     524288       3578   heap_4.o
        62          0          0          0          0       6261   itc_tree.o
         8          0          0          0          0      47620   ith_lcd.o
       660          8          0          0          0      50094   itu_action.o
      5792        146         14          0          0      47494   itu_background.o
       240          0          0        108          0      60561   itu_base.o
       328          6          0          0          0       1593   itu_clipper.o
        96         18          0          0          0      44544   itu_effect.o
       362        114          0          0          0       3621   itu_fadeeffect.o
      6018        268          8          0          0       8473   itu_icon.o
      1780        222          9          8          0       8965   itu_layer.o
       156         20          0          0         60      44842   itu_lcd.o
       496        110          0          0          0       3023   itu_scaleeffect.o
       298        122          0          0          0       2821   itu_scalefadeeffect.o
       280         62          0          0          0       3316   itu_scene.o
       462        118          0          0          0       2927   itu_scrolleffect.o
       298        120          0          0          0       2862   itu_scrollfadeeffect.o
       132          4          0          0          0       1356   itu_surface.o
     35070        480         16          8          0      58816   itu_sw.o
       308         14          0          0          0       3709   itu_utility.o
      7144        174         10          0          0      20143   itu_widget.o
       550        118          0          0          0       2939   itu_wipeeffect.o
      1374        190          0          5       6872      93702   main.o
      1236         60          0         16       3604       9557   sdl_events.o
        12          0          0          0          0        531   sdl_systimer.o
        64         26        664          0       1536        968   startup_stm32h743xx.o
        32         10          0          9          0      20562   stm32h7xx_hal.o
       488         36          0          0          0      41967   stm32h7xx_hal_cortex.o
      1048          6          0          0          0       5767   stm32h7xx_hal_dma2d.o
       548         52          0          0          0       3059   stm32h7xx_hal_gpio.o
       996          6          0          0          0       4286   stm32h7xx_hal_ltdc.o
        96          6          0          0          0        773   stm32h7xx_hal_pwr_ex.o
      3308        102          0          0          0       6628   stm32h7xx_hal_rcc.o
      4800        122          0          0          0       7799   stm32h7xx_hal_rcc_ex.o
       214          4          0          0          0       3408   stm32h7xx_hal_sdram.o
      6760        142          0          0          0      10192   stm32h7xx_hal_uart.o
        32          0          0          0          0       4194   stm32h7xx_it.o
       310          4          0          0          0       4200   stm32h7xx_ll_fmc.o
       148         18         16          8          0    1258681   system_stm32h7xx.o

    ----------------------------------------------------------------------
     92266       4256      17671        268     537044    1965319   Object Totals
         0          0         32          0          0          0   (incl. Generated)
        58          0          5          9          0          0   (incl. Padding)

    ----------------------------------------------------------------------

      Code (inc. data)   RO Data    RW Data    ZI Data      Debug   Library Member Name

         8          0          0          0          0         68   __main.o
       312          4         17          0          0         92   __printf_flags_wp.o
        14          0          0          0          0         68   __printf_wp.o
         0          0          0          0          0          0   __rtentry.o
        12          0          0          0          0          0   __rtentry2.o
         6          0          0          0          0          0   __rtentry4.o
        52          8          0          0          0          0   __scatter.o
        26          0          0          0          0          0   __scatter_copy.o
        28          0          0          0          0          0   __scatter_zi.o
        28          0          0          0          0         68   _chval.o
         6          0          0          0          0          0   _printf_c.o
        44          0          0          0          0        108   _printf_char.o
        48          6          0          0          0         96   _printf_char_common.o
        36          4          0          0          0         80   _printf_char_file.o
         6          0          0          0          0          0   _printf_d.o
       120         16          0          0          0         92   _printf_dec.o
        88          4         40          0          0         88   _printf_hex_int.o
       178          0          0          0          0         88   _printf_intcommon.o
        78          0          0          0          0        108   _printf_pad.o
         0          0          0          0          0          0   _printf_percent.o
         4          0          0          0          0          0   _printf_percent_end.o
         6          0          0          0          0          0   _printf_s.o
        82          0          0          0          0         80   _printf_str.o
         6          0          0          0          0          0   _printf_x.o
        22          0          0          0          0        100   _rserrno.o
        10          0          0          0          0         68   _sputc.o
       158          0          0          0          0         92   _strtoul.o
        16          0          0          0          0         68   aeabi_memset.o
        26          0          0          0          0         80   atoi.o
        40          0          0          0          0         80   calloc.o
        10          0          0          0          0         68   defsig_exit.o
        50          0          0          0          0         88   defsig_general.o
        80         58          0          0          0         76   defsig_rtmem_inner.o
        14          0          0          0          0         80   defsig_rtmem_outer.o
        52         38          0          0          0         76   defsig_rtred_inner.o
        14          0          0          0          0         80   defsig_rtred_outer.o
        18          0          0          0          0         80   exit.o
        76          0          0          0          0         88   fclose.o
         8          0          0          0          0         68   ferror.o
       236          4          0          0          0        128   fopen.o
       248          6          0          0          0         84   fseek.o
        66          0          0          0          0         76   ftell.o
        94          0          0          0          0         80   h1_alloc.o
        52          0          0          0          0         68   h1_extend.o
        78          0          0          0          0         80   h1_free.o
        14          0          0          0          0         84   h1_init.o
         6          0          0          0          0        152   heapauxi.o
         4          0          0          0          0        136   hguard.o
         0          0          0          0          0          0   indicate_semi.o
       138          0          0          0          0        168   init_alloc.o
       312         46          0          0          0        112   initio.o
        44         10        272          0          0         76   lc_ctype_c.o
         2          0          0          0          0          0   libinit.o
        36          0          0          0          0          0   libinit2.o
         2          0          0          0          0          0   libshutdown.o
         6          0          0          0          0          0   libshutdown2.o
         8          4          0          0         96         68   libspace.o
       238          0          0          0          0        100   lludivv7m.o
         0          0          0          0          0          0   maybetermalloc1.o
        24          4          0          0          0         84   noretval__2printf.o
        40          6          0          0          0         84   noretval__2sprintf.o
        16          4          0          0          0         76   rt_ctype_table.o
         8          4          0          0          0         68   rt_errno_addr_intlibspace.o
         8          4          0          0          0         68   rt_heap_descriptor_intlibspace.o
         8          4          0          0          0         68   rt_locale_intlibspace.o
        68          0          0          0          0         68   rt_memclr.o
        78          0          0          0          0         80   rt_memclr_w.o
       138          0          0          0          0         68   rt_memcpy_v6.o
       100          0          0          0          0         80   rt_memcpy_w.o
       132          0          0          0          0         68   rt_memmove_v6.o
       122          0          0          0          0         80   rt_memmove_w.o
         2          0          0          0          0          0   rtexit.o
        10          0          0          0          0          0   rtexit2.o
        70          0          0          0          0         80   setvbuf.o
       240          6          0          0          0        156   stdio.o
         0          0          0         12        252          0   stdio_streams.o
       104          0          0          0          0         68   strcmpv7m_pel.o
        72          0          0          0          0         80   strcpy.o
        32          0          0          0          0         80   strcspn.o
        62          0          0          0          0         76   strlen.o
        86          0          0          0          0         76   strncpy.o
        28          0          0          0          0         80   strspn.o
        68          4          0          0          0         84   strtok_int.o
         4          0          0          0          0         68   strtok_r.o
       112          0          0          0          0         88   strtol.o
        12          4          0          0          0         68   sys_exit.o
       102          0         12          0          0        240   sys_io.o
        74          0          0          0          0         80   sys_stackheap_outer.o
        14          0          0          0          0         76   sys_wrch.o
         2          0          0          0          0         68   use_no_semi.o
        16          4          0          0          0        116   dcheck1.o
        10          0          0          0          0        116   fpinit.o
       100          0          0          0          0        116   retnan.o
        92          0          0          0          0        116   scalbn.o
        48          0          0          0          0        116   trapv.o
         0          0          0          0          0          0   usenofp.o
       336         60          0          0          0        136   cosf.o
       110         60          0          0          0        580   dunder.o
        24          0          0          0          0        124   fabs.o
        48          0          0          0          0        124   fpclassify.o
        38          0          0          0          0        116   fpclassifyf.o
        84         28          0          0          0        696   funder.o
       112          0          0          0          0        116   poly.o
      2296        304        136          0          0        320   pow.o
      1624        130        320          0          0        400   powf.o
         0          0          8          0          0          0   qnan.o
       784        138        200          0          0        172   rred.o
       340         24         32          0          0        160   rredf.o
       404         60          0          0          0        212   sinf.o
       106          0          0          0          0        140   sqrt.o
        58          0          0          0          0        136   sqrtf.o
       128         20          0          0          0        144   tan.o
       520         86         96          0          0        196   tan_i.o

    ----------------------------------------------------------------------
     12508       1166       1139         12        348      10352   Library Totals
        28          4          6          0          0          0   (incl. Padding)

    ----------------------------------------------------------------------

      Code (inc. data)   RO Data    RW Data    ZI Data      Debug   Library Name

      5202        248        341         12        348       6000   c_w.l
       266          4          0          0          0        580   fz_wv.l
      7012        910        792          0          0       3772   m_wv.l

    ----------------------------------------------------------------------
     12508       1166       1139         12        348      10352   Library Totals

    ----------------------------------------------------------------------

==============================================================================


      Code (inc. data)   RO Data    RW Data    ZI Data      Debug   

    104774       5422      18810        280     537392    1941639   Grand Totals
    104774       5422      18810        280     537392    1941639   ELF Image Totals
    104774       5422      18810        280          0          0   ROM Totals

==============================================================================

    Total RO  Size (Code + RO Data)               123584 ( 120.69kB)
    Total RW  Size (RW Data + ZI Data)            537672 ( 525.07kB)
    Total ROM Size (Code + RO Data + RW Data)     123864 ( 120.96kB)

==============================================================================

