Component: ARM Compiler 5.06 update 6 (build 750) Tool: armlink [4d35ed]

==============================================================================

Section Cross References

    startup_stm32h743xx.o(STACK) refers (Special) to heapauxi.o(.text) for __use_two_region_memory
    startup_stm32h743xx.o(HEAP) refers (Special) to heapauxi.o(.text) for __use_two_region_memory
    startup_stm32h743xx.o(RESET) refers (Special) to heapauxi.o(.text) for __use_two_region_memory
    startup_stm32h743xx.o(RESET) refers to startup_stm32h743xx.o(STACK) for __initial_sp
    startup_stm32h743xx.o(RESET) refers to startup_stm32h743xx.o(.text) for Reset_Handler
    startup_stm32h743xx.o(RESET) refers to stm32h7xx_it.o(i.NMI_Handler) for NMI_Handler
    startup_stm32h743xx.o(RESET) refers to stm32h7xx_it.o(i.HardFault_Handler) for HardFault_Handler
    startup_stm32h743xx.o(RESET) refers to stm32h7xx_it.o(i.MemManage_Handler) for MemManage_Handler
    startup_stm32h743xx.o(RESET) refers to stm32h7xx_it.o(i.BusFault_Handler) for BusFault_Handler
    startup_stm32h743xx.o(RESET) refers to stm32h7xx_it.o(i.UsageFault_Handler) for UsageFault_Handler
    startup_stm32h743xx.o(RESET) refers to port.o(.emb_text) for SVC_Handler
    startup_stm32h743xx.o(RESET) refers to stm32h7xx_it.o(i.DebugMon_Handler) for DebugMon_Handler
    startup_stm32h743xx.o(RESET) refers to port.o(i.SysTick_Handler) for SysTick_Handler
    startup_stm32h743xx.o(RESET) refers to bsp_touch_gtxx.o(i.EXTI3_IRQHandler) for EXTI3_IRQHandler
    startup_stm32h743xx.o(RESET) refers to stm32h7xx_it.o(i.TIM1_UP_IRQHandler) for TIM1_UP_IRQHandler
    startup_stm32h743xx.o(.text) refers (Special) to heapauxi.o(.text) for __use_two_region_memory
    startup_stm32h743xx.o(.text) refers to system_stm32h7xx.o(i.SystemInit) for SystemInit
    startup_stm32h743xx.o(.text) refers to __main.o(!!!main) for __main
    startup_stm32h743xx.o(.text) refers to startup_stm32h743xx.o(HEAP) for Heap_Mem
    startup_stm32h743xx.o(.text) refers to startup_stm32h743xx.o(STACK) for Stack_Mem
    system_stm32h7xx.o(i.SystemCoreClockUpdate) refers to system_stm32h7xx.o(.data) for SystemCoreClock
    system_stm32h7xx.o(i.SystemCoreClockUpdate) refers to system_stm32h7xx.o(.constdata) for D1CorePrescTable
    stm32h7xx_hal.o(i.HAL_DeInit) refers to stm32h7xx_hal.o(i.HAL_MspDeInit) for HAL_MspDeInit
    stm32h7xx_hal.o(i.HAL_Delay) refers to core_delay.o(i.HAL_GetTick) for HAL_GetTick
    stm32h7xx_hal.o(i.HAL_Delay) refers to stm32h7xx_hal.o(.data) for uwTickFreq
    stm32h7xx_hal.o(i.HAL_GetTick) refers to stm32h7xx_hal.o(.data) for uwTick
    stm32h7xx_hal.o(i.HAL_GetTickFreq) refers to stm32h7xx_hal.o(.data) for uwTickFreq
    stm32h7xx_hal.o(i.HAL_GetTickPrio) refers to stm32h7xx_hal.o(.data) for uwTickPrio
    stm32h7xx_hal.o(i.HAL_IncTick) refers to stm32h7xx_hal.o(.data) for uwTick
    stm32h7xx_hal.o(i.HAL_Init) refers to stm32h7xx_hal_cortex.o(i.HAL_NVIC_SetPriorityGrouping) for HAL_NVIC_SetPriorityGrouping
    stm32h7xx_hal.o(i.HAL_Init) refers to stm32h7xx_hal_rcc.o(i.HAL_RCC_GetSysClockFreq) for HAL_RCC_GetSysClockFreq
    stm32h7xx_hal.o(i.HAL_Init) refers to core_delay.o(i.HAL_InitTick) for HAL_InitTick
    stm32h7xx_hal.o(i.HAL_Init) refers to stm32h7xx_hal_msp.o(i.HAL_MspInit) for HAL_MspInit
    stm32h7xx_hal.o(i.HAL_Init) refers to system_stm32h7xx.o(.constdata) for D1CorePrescTable
    stm32h7xx_hal.o(i.HAL_Init) refers to system_stm32h7xx.o(.data) for SystemCoreClock
    stm32h7xx_hal.o(i.HAL_InitTick) refers to stm32h7xx_hal_cortex.o(i.HAL_SYSTICK_Config) for HAL_SYSTICK_Config
    stm32h7xx_hal.o(i.HAL_InitTick) refers to stm32h7xx_hal_cortex.o(i.HAL_NVIC_SetPriority) for HAL_NVIC_SetPriority
    stm32h7xx_hal.o(i.HAL_InitTick) refers to stm32h7xx_hal.o(.data) for uwTickFreq
    stm32h7xx_hal.o(i.HAL_InitTick) refers to system_stm32h7xx.o(.data) for SystemCoreClock
    stm32h7xx_hal.o(i.HAL_SYSCFG_EnableVREFBUF) refers to core_delay.o(i.HAL_GetTick) for HAL_GetTick
    stm32h7xx_hal.o(i.HAL_SetTickFreq) refers to core_delay.o(i.HAL_InitTick) for HAL_InitTick
    stm32h7xx_hal.o(i.HAL_SetTickFreq) refers to stm32h7xx_hal.o(.data) for uwTickFreq
    stm32h7xx_hal_cortex.o(i.HAL_NVIC_GetPriorityGrouping) refers to stm32h7xx_hal_cortex.o(i.__NVIC_GetPriorityGrouping) for __NVIC_GetPriorityGrouping
    stm32h7xx_hal_cortex.o(i.HAL_NVIC_SetPriority) refers to stm32h7xx_hal_cortex.o(i.__NVIC_GetPriorityGrouping) for __NVIC_GetPriorityGrouping
    stm32h7xx_hal_cortex.o(i.HAL_NVIC_SetPriority) refers to stm32h7xx_hal_cortex.o(i.__NVIC_SetPriority) for __NVIC_SetPriority
    stm32h7xx_hal_cortex.o(i.HAL_SYSTICK_Config) refers to stm32h7xx_hal_cortex.o(i.__NVIC_SetPriority) for __NVIC_SetPriority
    stm32h7xx_hal_cortex.o(i.HAL_SYSTICK_IRQHandler) refers to stm32h7xx_hal_cortex.o(i.HAL_SYSTICK_Callback) for HAL_SYSTICK_Callback
    stm32h7xx_hal_dma.o(i.DMA_CalcBaseAndBitshift) refers to stm32h7xx_hal_dma.o(.constdata) for flagBitshiftOffset
[...]
    __Heap_Broken                            0x08000a9f   Thumb Code     6  init_alloc.o(.text)
    _init_alloc                              0x08000aa5   Thumb Code    94  init_alloc.o(.text)
    __Heap_Initialize                        0x08000b03   Thumb Code    10  h1_init.o(.text)
    __Heap_DescSize                          0x08000b0d   Thumb Code     4  h1_init.o(.text)
    __read_errno                             0x08000b11   Thumb Code    10  _rserrno.o(.text)
    __set_errno                              0x08000b1b   Thumb Code    12  _rserrno.o(.text)
    _printf_int_common                       0x08000b27   Thumb Code   178  _printf_intcommon.o(.text)
    _printf_char_common                      0x08000be3   Thumb Code    32  _printf_char_common.o(.text)
    _printf_cs_common                        0x08000c09   Thumb Code    20  _printf_char.o(.text)
    _printf_char                             0x08000c1d   Thumb Code    16  _printf_char.o(.text)
    _printf_string                           0x08000c2d   Thumb Code     8  _printf_char.o(.text)
    _printf_char_file                        0x08000c35   Thumb Code    32  _printf_char_file.o(.text)
    __aeabi_memclr                           0x08000c59   Thumb Code     0  rt_memclr.o(.text)
    __rt_memclr                              0x08000c59   Thumb Code    68  rt_memclr.o(.text)
    _memset                                  0x08000c5d   Thumb Code     0  rt_memclr.o(.text)
    __user_libspace                          0x08000c9d   Thumb Code     8  libspace.o(.text)
    __user_perproc_libspace                  0x08000c9d   Thumb Code     0  libspace.o(.text)
    __user_perthread_libspace                0x08000c9d   Thumb Code     0  libspace.o(.text)
    __Heap_ProvideMemory                     0x08000ca5   Thumb Code    52  h1_extend.o(.text)
    ferror                                   0x08000cd9   Thumb Code     8  ferror.o(.text)
    _initio                                  0x08000ce1   Thumb Code   210  initio.o(.text)
    _terminateio                             0x08000db3   Thumb Code    56  initio.o(.text)
    __rt_SIGRTMEM                            0x08000e19   Thumb Code    14  defsig_rtmem_outer.o(.text)
    _sys_open                                0x08000e27   Thumb Code    20  sys_io.o(.text)
    _sys_close                               0x08000e3b   Thumb Code    12  sys_io.o(.text)
    _sys_write                               0x08000e47   Thumb Code    16  sys_io.o(.text)
    _sys_read                                0x08000e57   Thumb Code    14  sys_io.o(.text)
    _sys_istty                               0x08000e65   Thumb Code    12  sys_io.o(.text)
    _sys_seek                                0x08000e71   Thumb Code    14  sys_io.o(.text)
    _sys_ensure                              0x08000e7f   Thumb Code     2  sys_io.o(.text)
    _sys_flen                                0x08000e81   Thumb Code    12  sys_io.o(.text)
    __I$use$semihosting                      0x08000e8d   Thumb Code     0  use_no_semi.o(.text)
    __use_no_semihosting_swi                 0x08000e8d   Thumb Code     2  use_no_semi.o(.text)
    __semihosting_library_function           0x08000e8f   Thumb Code     0  indicate_semi.o(.text)
    __user_setup_stackheap                   0x08000e8f   Thumb Code    74  sys_stackheap_outer.o(.text)
    setvbuf                                  0x08000ed9   Thumb Code    70  setvbuf.o(.text)
    freopen                                  0x08000f21   Thumb Code   158  fopen.o(.text)
    fopen                                    0x08000fbf   Thumb Code    74  fopen.o(.text)
    _fclose_internal                         0x0800100d   Thumb Code    76  fclose.o(.text)
    fclose                                   0x0800100d   Thumb Code     0  fclose.o(.text)
    exit                                     0x08001059   Thumb Code    18  exit.o(.text)
    __sig_exit                               0x0800106b   Thumb Code    10  defsig_exit.o(.text)
    __rt_SIGRTRED                            0x08001075   Thumb Code    14  defsig_rtred_outer.o(.text)
    __rt_SIGRTMEM_inner                      0x08001085   Thumb Code    22  defsig_rtmem_inner.o(.text)
    _sys_exit                                0x080010d5   Thumb Code     8  sys_exit.o(.text)
    _fseek                                   0x080010e1   Thumb Code   242  fseek.o(.text)
    fseek                                    0x080010e1   Thumb Code     0  fseek.o(.text)
    _seterr                                  0x080011d9   Thumb Code    20  stdio.o(.text)
    _writebuf                                0x080011ed   Thumb Code    84  stdio.o(.text)
    _fflush                                  0x08001241   Thumb Code    70  stdio.o(.text)
    _deferredlazyseek                        0x08001287   Thumb Code    60  stdio.o(.text)
    __default_signal_display                 0x080012c9   Thumb Code    50  defsig_general.o(.text)
    __rt_SIGRTRED_inner                      0x080012fd   Thumb Code    14  defsig_rtred_inner.o(.text)
    strlen                                   0x08001331   Thumb Code    62  strlen.o(.text)
    _ttywrch                                 0x0800136f   Thumb Code    14  sys_wrch.o(.text)
    _ftell_internal                          0x0800137d   Thumb Code    66  ftell.o(.text)
    ftell                                    0x0800137d   Thumb Code     0  ftell.o(.text)
    BSP_MPU_ConfigRegion                     0x080013c9   Thumb Code    94  bsp_mpu.o(i.BSP_MPU_ConfigRegion)
    Board_MPU_Config                         0x0800142f   Thumb Code   168  bsp_mpu.o(i.Board_MPU_Config)
    BusFault_Handler                         0x080014d7   Thumb Code     4  stm32h7xx_it.o(i.BusFault_Handler)
    CPU_TS_TmrRd                             0x080014dd   Thumb Code     6  core_delay.o(i.CPU_TS_TmrRd)
    CPU_TS_Tmr_Delay_US                      0x080014e9   Thumb Code    76  core_delay.o(i.CPU_TS_Tmr_Delay_US)
    Castor3_PumpTouchEvent                   0x08001539   Thumb Code   300  sdl_touch.o(i.Castor3_PumpTouchEvent)
    DEBUG_USART_Config                       0x080016b5   Thumb Code   234  bsp_debug_usart.o(i.DEBUG_USART_Config)
    DebugMon_Handler                         0x08001897   Thumb Code     2  stm32h7xx_it.o(i.DebugMon_Handler)
    EXTI3_IRQHandler                         0x080018ad   Thumb Code    24  bsp_touch_gtxx.o(i.EXTI3_IRQHandler)
    FMC_SDRAM_Init                           0x080018cd   Thumb Code   108  stm32h7xx_ll_fmc.o(i.FMC_SDRAM_Init)
    FMC_SDRAM_ProgramRefreshRate             0x08001939   Thumb Code    20  stm32h7xx_ll_fmc.o(i.FMC_SDRAM_ProgramRefreshRate)
    FMC_SDRAM_SendCommand                    0x0800194d   Thumb Code    34  stm32h7xx_ll_fmc.o(i.FMC_SDRAM_SendCommand)
    FMC_SDRAM_Timing_Init                    0x08001971   Thumb Code   144  stm32h7xx_ll_fmc.o(i.FMC_SDRAM_Timing_Init)
    GTP_IRQ_Disable                          0x08001cb9   Thumb Code    12  bsp_touch_gtxx.o(i.GTP_IRQ_Disable)
    GTP_Init_Panel                           0x08001cc5   Thumb Code    70  bsp_touch_gtxx.o(i.GTP_Init_Panel)
    GTP_Read_Version                         0x08001d3d   Thumb Code   524  bsp_touch_gtxx.o(i.GTP_Read_Version)
    GTP_TouchProcess_read                    0x08002045   Thumb Code    48  bsp_touch_gtxx.o(i.GTP_TouchProcess_read)
    HAL_DMA2D_ConfigLayer                    0x080020d5   Thumb Code   254  stm32h7xx_hal_dma2d.o(i.HAL_DMA2D_ConfigLayer)
    HAL_DMA2D_Init                           0x080021d9   Thumb Code   120  stm32h7xx_hal_dma2d.o(i.HAL_DMA2D_Init)
    HAL_DMA2D_MspInit                        0x08002251   Thumb Code     2  stm32h7xx_hal_dma2d.o(i.HAL_DMA2D_MspInit)
    HAL_DMA2D_PollForTransfer                0x08002253   Thumb Code   358  stm32h7xx_hal_dma2d.o(i.HAL_DMA2D_PollForTransfer)
    HAL_DMA2D_Start                          0x080023b9   Thumb Code    78  stm32h7xx_hal_dma2d.o(i.HAL_DMA2D_Start)
    HAL_GPIO_Init                            0x08002409   Thumb Code   468  stm32h7xx_hal_gpio.o(i.HAL_GPIO_Init)
    HAL_GPIO_ReadPin                         0x08002611   Thumb Code    16  stm32h7xx_hal_gpio.o(i.HAL_GPIO_ReadPin)
    HAL_GPIO_WritePin                        0x08002621   Thumb Code    12  stm32h7xx_hal_gpio.o(i.HAL_GPIO_WritePin)
    HAL_GetREVID                             0x0800262d   Thumb Code     8  stm32h7xx_hal.o(i.HAL_GetREVID)
    HAL_GetTick                              0x08002639   Thumb Code    18  core_delay.o(i.HAL_GetTick)
    HAL_InitTick                             0x08002655   Thumb Code   146  core_delay.o(i.HAL_InitTick)
    HAL_LTDC_ConfigLayer                     0x08002701   Thumb Code    94  stm32h7xx_hal_ltdc.o(i.HAL_LTDC_ConfigLayer)
    HAL_LTDC_Init                            0x08002761   Thumb Code   274  stm32h7xx_hal_ltdc.o(i.HAL_LTDC_Init)
    HAL_LTDC_MspInit                         0x08002879   Thumb Code     2  stm32h7xx_hal_ltdc.o(i.HAL_LTDC_MspInit)
    HAL_LTDC_SetAlpha                        0x0800287b   Thumb Code    92  stm32h7xx_hal_ltdc.o(i.HAL_LTDC_SetAlpha)
    HAL_MPU_ConfigRegion                     0x080028d9   Thumb Code    88  stm32h7xx_hal_cortex.o(i.HAL_MPU_ConfigRegion)
    HAL_MPU_Disable                          0x08002935   Thumb Code    38  stm32h7xx_hal_cortex.o(i.HAL_MPU_Disable)
    HAL_MPU_Enable                           0x08002961   Thumb Code    58  stm32h7xx_hal_cortex.o(i.HAL_MPU_Enable)
    HAL_NVIC_DisableIRQ                      0x080029a1   Thumb Code    62  stm32h7xx_hal_cortex.o(i.HAL_NVIC_DisableIRQ)
    HAL_NVIC_EnableIRQ                       0x080029e5   Thumb Code    32  stm32h7xx_hal_cortex.o(i.HAL_NVIC_EnableIRQ)
    HAL_NVIC_SetPriority                     0x08002a05   Thumb Code   122  stm32h7xx_hal_cortex.o(i.HAL_NVIC_SetPriority)
    HAL_PWREx_ConfigSupply                   0x08002a81   Thumb Code    90  stm32h7xx_hal_pwr_ex.o(i.HAL_PWREx_ConfigSupply)
    HAL_RCCEx_GetD1SysClockFreq              0x08002ae1   Thumb Code    34  stm32h7xx_hal_rcc_ex.o(i.HAL_RCCEx_GetD1SysClockFreq)
    HAL_RCCEx_GetD3PCLK1Freq                 0x08002b11   Thumb Code    26  stm32h7xx_hal_rcc_ex.o(i.HAL_RCCEx_GetD3PCLK1Freq)
    HAL_RCCEx_GetPLL2ClockFreq               0x08002b35   Thumb Code   536  stm32h7xx_hal_rcc_ex.o(i.HAL_RCCEx_GetPLL2ClockFreq)
    HAL_RCCEx_GetPLL3ClockFreq               0x08002d65   Thumb Code   536  stm32h7xx_hal_rcc_ex.o(i.HAL_RCCEx_GetPLL3ClockFreq)
    HAL_RCCEx_PeriphCLKConfig                0x08002f95   Thumb Code  2880  stm32h7xx_hal_rcc_ex.o(i.HAL_RCCEx_PeriphCLKConfig)
    HAL_RCC_ClockConfig                      0x08003ad9   Thumb Code   748  stm32h7xx_hal_rcc.o(i.HAL_RCC_ClockConfig)
    HAL_RCC_GetClockConfig                   0x08003dd9   Thumb Code    98  stm32h7xx_hal_rcc.o(i.HAL_RCC_GetClockConfig)
    HAL_RCC_GetHCLKFreq                      0x08003e45   Thumb Code    34  stm32h7xx_hal_rcc.o(i.HAL_RCC_GetHCLKFreq)
    HAL_RCC_GetPCLK1Freq                     0x08003e75   Thumb Code    26  stm32h7xx_hal_rcc.o(i.HAL_RCC_GetPCLK1Freq)
    HAL_RCC_GetPCLK2Freq                     0x08003e99   Thumb Code    26  stm32h7xx_hal_rcc.o(i.HAL_RCC_GetPCLK2Freq)
    HAL_RCC_GetSysClockFreq                  0x08003ebd   Thumb Code   524  stm32h7xx_hal_rcc.o(i.HAL_RCC_GetSysClockFreq)
    HAL_RCC_OscConfig                        0x080040e9   Thumb Code  1854  stm32h7xx_hal_rcc.o(i.HAL_RCC_OscConfig)
    HAL_SDRAM_Init                           0x08004831   Thumb Code    76  stm32h7xx_hal_sdram.o(i.HAL_SDRAM_Init)
    HAL_SDRAM_MspInit                        0x08004881   Thumb Code     2  stm32h7xx_hal_sdram.o(i.HAL_SDRAM_MspInit)
    HAL_SDRAM_ProgramRefreshRate             0x08004883   Thumb Code    54  stm32h7xx_hal_sdram.o(i.HAL_SDRAM_ProgramRefreshRate)
    HAL_SDRAM_SendCommand                    0x080048b9   Thumb Code    78  stm32h7xx_hal_sdram.o(i.HAL_SDRAM_SendCommand)
    HAL_SYSCFG_AnalogSwitchConfig            0x08004909   Thumb Code    14  stm32h7xx_hal.o(i.HAL_SYSCFG_AnalogSwitchConfig)
    HAL_TIMEx_Break2Callback                 0x0800491d   Thumb Code     2  stm32h7xx_hal_tim_ex.o(i.HAL_TIMEx_Break2Callback)
    HAL_TIMEx_BreakCallback                  0x0800491f   Thumb Code     2  stm32h7xx_hal_tim_ex.o(i.HAL_TIMEx_BreakCallback)
    HAL_TIMEx_CommutCallback                 0x08004921   Thumb Code     2  stm32h7xx_hal_tim_ex.o(i.HAL_TIMEx_CommutCallback)
    HAL_TIM_Base_Init                        0x08004923   Thumb Code    52  stm32h7xx_hal_tim.o(i.HAL_TIM_Base_Init)
    HAL_TIM_Base_MspInit                     0x08004957   Thumb Code     2  stm32h7xx_hal_tim.o(i.HAL_TIM_Base_MspInit)
    HAL_TIM_Base_Start_IT                    0x08004959   Thumb Code    50  stm32h7xx_hal_tim.o(i.HAL_TIM_Base_Start_IT)
    HAL_TIM_IC_CaptureCallback               0x08004991   Thumb Code     2  stm32h7xx_hal_tim.o(i.HAL_TIM_IC_CaptureCallback)
    HAL_TIM_IRQHandler                       0x08004993   Thumb Code   440  stm32h7xx_hal_tim.o(i.HAL_TIM_IRQHandler)
    HAL_TIM_OC_DelayElapsedCallback          0x08004b4b   Thumb Code     2  stm32h7xx_hal_tim.o(i.HAL_TIM_OC_DelayElapsedCallback)
    HAL_TIM_PWM_PulseFinishedCallback        0x08004b4d   Thumb Code     2  stm32h7xx_hal_tim.o(i.HAL_TIM_PWM_PulseFinishedCallback)
    HAL_TIM_PeriodElapsedCallback            0x08004b4f   Thumb Code     2  stm32h7xx_hal_tim.o(i.HAL_TIM_PeriodElapsedCallback)
    HAL_TIM_TriggerCallback                  0x08004b51   Thumb Code     2  stm32h7xx_hal_tim.o(i.HAL_TIM_TriggerCallback)
    HAL_UART_Init                            0x08004b53   Thumb Code   120  stm32h7xx_hal_uart.o(i.HAL_UART_Init)
    HAL_UART_MspInit                         0x08004bcb   Thumb Code     2  stm32h7xx_hal_uart.o(i.HAL_UART_MspInit)
    HAL_UART_Transmit                        0x08004bcd   Thumb Code   212  stm32h7xx_hal_uart.o(i.HAL_UART_Transmit)
    HardFault_Handler                        0x08004ca1   Thumb Code     4  stm32h7xx_it.o(i.HardFault_Handler)
    I2C_GTP_IRQDisable                       0x08004d95   Thumb Code    70  bsp_i2c_touch.o(i.I2C_GTP_IRQDisable)
    I2C_GTP_IRQEnable                        0x08004de5   Thumb Code    72  bsp_i2c_touch.o(i.I2C_GTP_IRQEnable)
    I2C_ReadBytes                            0x08004e39   Thumb Code    74  bsp_i2c_touch.o(i.I2C_ReadBytes)
    I2C_ResetChip                            0x08004e85   Thumb Code    88  bsp_i2c_touch.o(i.I2C_ResetChip)
    I2C_Touch_Init                           0x08004ee1   Thumb Code    16  bsp_i2c_touch.o(i.I2C_Touch_Init)
    I2C_WriteBytes                           0x08004f6f   Thumb Code   102  bsp_i2c_touch.o(i.I2C_WriteBytes)
    LCD_Clear                                0x08005095   Thumb Code    56  bsp_lcd.o(i.LCD_Clear)
    LCD_ClockConfig                          0x080050d5   Thumb Code    38  bsp_lcd.o(i.LCD_ClockConfig)
    LCD_DisplayOn                            0x08005101   Thumb Code    30  bsp_lcd.o(i.LCD_DisplayOn)
    LCD_GetXSize                             0x08005641   Thumb Code    22  bsp_lcd.o(i.LCD_GetXSize)
    LCD_GetYSize                             0x08005661   Thumb Code    22  bsp_lcd.o(i.LCD_GetYSize)
    LCD_Init                                 0x08005681   Thumb Code   174  bsp_lcd.o(i.LCD_Init)
    LCD_LayerInit                            0x08005741   Thumb Code   148  bsp_lcd.o(i.LCD_LayerInit)
    LCD_SelectLayer                          0x080057e1   Thumb Code     6  bsp_lcd.o(i.LCD_SelectLayer)
    LCD_SetFont                              0x080057ed   Thumb Code    18  bsp_lcd.o(i.LCD_SetFont)
    LCD_SetTransparency                      0x08005809   Thumb Code    18  bsp_lcd.o(i.LCD_SetTransparency)
    LED_GPIO_Config                          0x08005821   Thumb Code   150  bsp_led.o(i.LED_GPIO_Config)
    MemManage_Handler                        0x08005be7   Thumb Code     4  stm32h7xx_it.o(i.MemManage_Handler)
    NMI_Handler                              0x08005beb   Thumb Code     2  stm32h7xx_it.o(i.NMI_Handler)
    SDL_Delay                                0x080068c1   Thumb Code     2  sdl_events.o(i.SDL_Delay)
    SDL_EventState                           0x080068c5   Thumb Code   224  sdl_events.o(i.SDL_EventState)
    SDL_FlushEvent                           0x080069a9   Thumb Code    14  sdl_events.o(i.SDL_FlushEvent)
    SDL_FlushEvents                          0x080069b9   Thumb Code    84  sdl_events.o(i.SDL_FlushEvents)
    SDL_GetTicks                             0x08006a11   Thumb Code    12  sdl_systimer.o(i.SDL_GetTicks)
    SDL_PeepEvents                           0x08006a1d   Thumb Code   210  sdl_events.o(i.SDL_PeepEvents)
    SDL_PollEvent                            0x08006af5   Thumb Code    14  sdl_events.o(i.SDL_PollEvent)
    SDL_PumpEvents                           0x08006b03   Thumb Code     2  sdl_events.o(i.SDL_PumpEvents)
    SDL_PushEvent                            0x08006b05   Thumb Code    82  sdl_events.o(i.SDL_PushEvent)
    SDL_SendFingerDown                       0x08006b65   Thumb Code   208  sdl_touch.o(i.SDL_SendFingerDown)
    SDL_SendTouchMotion                      0x08006c35   Thumb Code   166  sdl_touch.o(i.SDL_SendTouchMotion)
    SDL_StartEventLoop                       0x08006ce1   Thumb Code    48  sdl_events.o(i.SDL_StartEventLoop)
    SDL_StopEventLoop                        0x08006d19   Thumb Code    80  sdl_events.o(i.SDL_StopEventLoop)
    SDL_WaitEventTimeout                     0x08006d75   Thumb Code    96  sdl_events.o(i.SDL_WaitEventTimeout)
    SDRAM_Init                               0x080076c5   Thumb Code   178  bsp_sdram.o(i.SDRAM_Init)
    StartDefaultTask                         0x0800f7d5   Thumb Code    62  main.o(i.StartDefaultTask)
    StartTask02                              0x0800f841   Thumb Code    10  main.o(i.StartTask02)
    SysTick_Handler                          0x0800f85d   Thumb Code    46  port.o(i.SysTick_Handler)
    SystemInit                               0x0800f961   Thumb Code   130  system_stm32h7xx.o(i.SystemInit)
    TIM1_UP_IRQHandler                       0x0800f9f5   Thumb Code    10  stm32h7xx_it.o(i.TIM1_UP_IRQHandler)
    TIM_Base_SetConfig                       0x0800fa05   Thumb Code   170  stm32h7xx_hal_tim.o(i.TIM_Base_SetConfig)
    UART_AdvFeatureConfig                    0x0800fafd   Thumb Code   248  stm32h7xx_hal_uart.o(i.UART_AdvFeatureConfig)
    UART_CheckIdleState                      0x0800fbf5   Thumb Code   116  stm32h7xx_hal_uart.o(i.UART_CheckIdleState)
    UART_SetConfig                           0x0800fc69   Thumb Code  5860  stm32h7xx_hal_uart.o(i.UART_SetConfig)
    UART_WaitOnFlagUntilTimeout              0x08011359   Thumb Code   190  stm32h7xx_hal_uart.o(i.UART_WaitOnFlagUntilTimeout)
    UsageFault_Handler                       0x08011419   Thumb Code     4  stm32h7xx_it.o(i.UsageFault_Handler)
    __ARM_fpclassify                         0x08011669   Thumb Code    48  fpclassify.o(i.__ARM_fpclassify)
    __ARM_fpclassifyf                        0x08011699   Thumb Code    38  fpclassifyf.o(i.__ARM_fpclassifyf)
    __hardfp_cosf                            0x080116f9   Thumb Code   276  cosf.o(i.__hardfp_cosf)
    __hardfp_pow                             0x08011849   Thumb Code  2140  pow.o(i.__hardfp_pow)
    __hardfp_powf                            0x08012141   Thumb Code  1590  powf.o(i.__hardfp_powf)
    __mathlib_powf                           0x08012141   Thumb Code     0  powf.o(i.__hardfp_powf)
    __hardfp_sinf                            0x08012799   Thumb Code   344  sinf.o(i.__hardfp_sinf)
    __hardfp_sqrtf                           0x0801292d   Thumb Code    58  sqrtf.o(i.__hardfp_sqrtf)
    __kernel_poly                            0x08012967   Thumb Code   112  poly.o(i.__kernel_poly)
    __mathlib_dbl_divzero                    0x080129d9   Thumb Code    14  dunder.o(i.__mathlib_dbl_divzero)
    __mathlib_dbl_infnan2                    0x080129f9   Thumb Code     6  dunder.o(i.__mathlib_dbl_infnan2)
    __mathlib_dbl_invalid                    0x08012a01   Thumb Code    10  dunder.o(i.__mathlib_dbl_invalid)
    __mathlib_dbl_overflow                   0x08012a19   Thumb Code    10  dunder.o(i.__mathlib_dbl_overflow)
    __mathlib_dbl_underflow                  0x08012a31   Thumb Code    10  dunder.o(i.__mathlib_dbl_underflow)
    __mathlib_flt_divzero                    0x08012a49   Thumb Code    14  funder.o(i.__mathlib_flt_divzero)
    __mathlib_flt_infnan                     0x08012a61   Thumb Code     6  funder.o(i.__mathlib_flt_infnan)
    __mathlib_flt_infnan2                    0x08012a67   Thumb Code     6  funder.o(i.__mathlib_flt_infnan2)
    __mathlib_flt_invalid                    0x08012a6d   Thumb Code    10  funder.o(i.__mathlib_flt_invalid)
    __mathlib_flt_overflow                   0x08012a7d   Thumb Code    10  funder.o(i.__mathlib_flt_overflow)
    __mathlib_flt_underflow                  0x08012a8d   Thumb Code    10  funder.o(i.__mathlib_flt_underflow)
    __mathlib_rredf2                         0x08012a9d   Thumb Code   316  rredf.o(i.__mathlib_rredf2)
    _is_digit                                0x08012bf1   Thumb Code    14  __printf_wp.o(i._is_digit)
    fabs                                     0x08012c65   Thumb Code    24  fabs.o(i.fabs)
    fputc                                    0x08012c7d   Thumb Code    22  bsp_debug_usart.o(i.fputc)
    i2c_Ack                                  0x08012c99   Thumb Code    56  bsp_i2c_touch.o(i.i2c_Ack)
    i2c_NAck                                 0x08012ce5   Thumb Code    46  bsp_i2c_touch.o(i.i2c_NAck)
    i2c_ReadByte                             0x08012d19   Thumb Code    66  bsp_i2c_touch.o(i.i2c_ReadByte)
    i2c_SendByte                             0x08012d61   Thumb Code    96  bsp_i2c_touch.o(i.i2c_SendByte)
    i2c_Start                                0x08012dc5   Thumb Code    56  bsp_i2c_touch.o(i.i2c_Start)
    i2c_Stop                                 0x08012e01   Thumb Code    38  bsp_i2c_touch.o(i.i2c_Stop)
    i2c_WaitAck                              0x08012e2d   Thumb Code    64  bsp_i2c_touch.o(i.i2c_WaitAck)
    ithLcdGetBaseAddrB                       0x08012e71   Thumb Code     4  ith_lcd.o(i.ithLcdGetBaseAddrB)
    ithLcdGetFormat                          0x08012e75   Thumb Code     4  ith_lcd.o(i.ithLcdGetFormat)
    ituFormat2Bpp                            0x08012e81   Thumb Code    46  itu_utility.o(i.ituFormat2Bpp)
    ituLcdInit                               0x08012eb1   Thumb Code   132  itu_lcd.o(i.ituLcdInit)
    ituSWInit                                0x08012f45   Thumb Code   132  itu_sw.o(i.ituSWInit)
    main                                     0x08013065   Thumb Code   266  main.o(i.main)
    osDelay                                  0x0801321b   Thumb Code    24  cmsis_os.o(i.osDelay)
    osKernelStart                            0x08013233   Thumb Code    10  cmsis_os.o(i.osKernelStart)
    osThreadCreate                           0x0801323d   Thumb Code    48  cmsis_os.o(i.osThreadCreate)
    pvPortMalloc                             0x080136a9   Thumb Code   296  heap_4_1.o(i.pvPortMalloc)
    pxPortInitialiseStack                    0x080137e5   Thumb Code    38  port.o(i.pxPortInitialiseStack)
    sqrt                                     0x08013811   Thumb Code   106  sqrt.o(i.sqrt)
    ts_read                                  0x0801387b   Thumb Code    28  sdl_touch.o(i.ts_read)
    uxListRemove                             0x080138b1   Thumb Code    40  list.o(i.uxListRemove)
    vListInitialise                          0x080138d9   Thumb Code    26  list.o(i.vListInitialise)
    vListInitialiseItem                      0x080138f3   Thumb Code     6  list.o(i.vListInitialiseItem)
    vListInsert                              0x080138f9   Thumb Code    52  list.o(i.vListInsert)
    vListInsertEnd                           0x0801392d   Thumb Code    24  list.o(i.vListInsertEnd)
    vPortEnterCritical                       0x08013945   Thumb Code    76  port.o(i.vPortEnterCritical)
    vPortExitCritical                        0x08013999   Thumb Code    56  port.o(i.vPortExitCritical)
    vPortFree                                0x080139d5   Thumb Code   140  heap_4_1.o(i.vPortFree)
    vPortSetupTimerInterrupt                 0x08013a69   Thumb Code    36  port.o(i.vPortSetupTimerInterrupt)
    vTaskDelay                               0x08013a91   Thumb Code    82  tasks.o(i.vTaskDelay)
    vTaskStartScheduler                      0x08013aed   Thumb Code   108  tasks.o(i.vTaskStartScheduler)
    vTaskSuspendAll                          0x08013b75   Thumb Code    12  tasks.o(i.vTaskSuspendAll)
    vTaskSwitchContext                       0x08013b85   Thumb Code   118  tasks.o(i.vTaskSwitchContext)
    xPortStartScheduler                      0x08013c11   Thumb Code   330  port.o(i.xPortStartScheduler)
    xTaskCreate                              0x08013d79   Thumb Code    96  tasks.o(i.xTaskCreate)
    xTaskIncrementTick                       0x08013dd9   Thumb Code   282  tasks.o(i.xTaskIncrementTick)
    xTaskResumeAll                           0x08013f21   Thumb Code   224  tasks.o(i.xTaskResumeAll)
    __fpl_dcheck_NaN1                        0x08014025   Thumb Code    10  dcheck1.o(x$fpl$dcheck1)
    _fp_init                                 0x08014035   Thumb Code    10  fpinit.o(x$fpl$fpinit)
    __fplib_config_fpu_vfp                   0x0801403d   Thumb Code     0  fpinit.o(x$fpl$fpinit)
    __fplib_config_pureend_doubles           0x0801403d   Thumb Code     0  fpinit.o(x$fpl$fpinit)
    __fpl_return_NaN                         0x0801403f   Thumb Code   100  retnan.o(x$fpl$retnan)
    __ARM_scalbn                             0x080140a3   Thumb Code    92  scalbn.o(x$fpl$scalbn)
    __fpl_cmpreturn                          0x080140ff   Thumb Code    48  trapv.o(x$fpl$trapveneer)
    D1CorePrescTable                         0x0801412e   Data          16  system_stm32h7xx.o(.constdata)
    __I$use$fp                               0x0801412e   Number         0  usenofp.o(x$fpl$usenofp)
    Font24_Table                             0x08014168   Data        6840  bsp_lcd.o(.constdata)
    Font20_Table                             0x08015c20   Data        3800  bsp_lcd.o(.constdata)
    Font16_Table                             0x08016af8   Data        3040  bsp_lcd.o(.constdata)
    Font12_Table                             0x080176d8   Data        1140  bsp_lcd.o(.constdata)
    Font8_Table                              0x08017b4c   Data         760  bsp_lcd.o(.constdata)
    CTP_CFG_GT9157                           0x08017e44   Data         186  bsp_touch_gtxx.o(.constdata)
    CTP_CFG_GT911                            0x08017efe   Data         186  bsp_touch_gtxx.o(.constdata)
    CTP_CFG_GT5688                           0x08017fb8   Data         239  bsp_touch_gtxx.o(.constdata)
    CTP_CFG_GT917S                           0x080180a7   Data         239  bsp_touch_gtxx.o(.constdata)
    touch_param                              0x08018196   Data          24  bsp_touch_gtxx.o(.constdata)
    __mathlib_zero                           0x080184f8   Data           8  qnan.o(.constdata)
    __stdin_name                             0x08018520   Data           4  sys_io.o(.constdata)
    __stdout_name                            0x08018524   Data           4  sys_io.o(.constdata)
    __stderr_name                            0x08018528   Data           4  sys_io.o(.constdata)
    Region$$Table$$Base                      0x080185e8   Number         0  anon$$obj.o(Region$$Table)
    Region$$Table$$Limit                     0x08018608   Number         0  anon$$obj.o(Region$$Table)
    SystemCoreClock                          0x24000000   Data           4  system_stm32h7xx.o(.data)
    SystemD2Clock                            0x24000004   Data           4  system_stm32h7xx.o(.data)
    uwTick                                   0x24000008   Data           4  stm32h7xx_hal.o(.data)
    uwTickPrio                               0x2400000c   Data           4  stm32h7xx_hal.o(.data)
    uwTickFreq                               0x24000010   Data           1  stm32h7xx_hal.o(.data)
    defaultTaskHandle                        0x24000014   Data           4  main.o(.data)
    myTask02Handle                           0x24000018   Data           4  main.o(.data)
    Font24                                   0x24000024   Data           8  bsp_lcd.o(.data)
    Font20                                   0x2400002c   Data           8  bsp_lcd.o(.data)
    Font16                                   0x24000034   Data           8  bsp_lcd.o(.data)
    Font12                                   0x2400003c   Data           8  bsp_lcd.o(.data)
    Font8                                    0x24000044   Data           8  bsp_lcd.o(.data)
    touchIC                                  0x24000054   Data           1  bsp_touch_gtxx.o(.data)
    ituScene                                 0x2400007c   Data           4  itu_base.o(.data)
    ituGetDisplaySurface                     0x24000080   Data           4  itu_base.o(.data)
    ituCreateSurface                         0x24000084   Data           4  itu_base.o(.data)
    ituDestroySurface                        0x24000088   Data           4  itu_base.o(.data)
    ituCreateMaskSurface                     0x2400008c   Data           4  itu_base.o(.data)
    ituDestroyMaskSurface                    0x24000090   Data           4  itu_base.o(.data)
    ituSetMaskSurface                        0x24000094   Data           4  itu_base.o(.data)
    ituLockSurface                           0x24000098   Data           4  itu_base.o(.data)
    ituUnlockSurface                         0x2400009c   Data           4  itu_base.o(.data)
    ituSetRotation                           0x240000a0   Data           4  itu_base.o(.data)
    ituDrawGlyph                             0x240000a4   Data           4  itu_base.o(.data)
    ituBitBlt                                0x240000a8   Data           4  itu_base.o(.data)
    ituStretchBlt                            0x240000ac   Data           4  itu_base.o(.data)
    ituAlphaBlend                            0x240000b0   Data           4  itu_base.o(.data)
    ituColorFill                             0x240000b4   Data           4  itu_base.o(.data)
    ituColorFillBlend                        0x240000b8   Data           4  itu_base.o(.data)
    ituGradientFill                          0x240000bc   Data           4  itu_base.o(.data)
    ituGradientFillBlend                     0x240000c0   Data           4  itu_base.o(.data)
    ituRotate                                0x240000c4   Data           4  itu_base.o(.data)
    ituTransform                             0x240000c8   Data           4  itu_base.o(.data)
    ituFlip                                  0x240000cc   Data           4  itu_base.o(.data)
    ituProjection                            0x240000d0   Data           4  itu_base.o(.data)
    ituDrawLine                              0x240000d4   Data           4  itu_base.o(.data)
    ituDrawCurve                             0x240000d8   Data           4  itu_base.o(.data)
    ituTransformBlt                          0x240000dc   Data           4  itu_base.o(.data)
    ituReflected                             0x240000e0   Data           4  itu_base.o(.data)
    ituFlipSync                              0x240000e4   Data           4  itu_base.o(.data)
    SDL_EventOKParam                         0x240000f0   Data           4  sdl_events.o(.data)
    SDL_EventOK                              0x240000f8   Data           4  sdl_events.o(.data)
    pxCurrentTCB                             0x24000108   Data           4  tasks.o(.data)
    __aeabi_stdin                            0x24000168   Data           4  stdio_streams.o(.data)
    __aeabi_stdout                           0x2400016c   Data           4  stdio_streams.o(.data)
    __aeabi_stderr                           0x24000170   Data           4  stdio_streams.o(.data)
    htim1                                    0x24000174   Data          64  core_delay.o(.bss)
    hsdram1                                  0x240003a0   Data          52  bsp_sdram.o(.bss)
    UartHandle                               0x240003d4   Data         140  bsp_debug_usart.o(.bss)
    c3samp                                   0x240012b0   Data          24  sdl_touch.o(.bss)
    __stdin                                  0x240013e0   Data          84  stdio_streams.o(.bss)
    __stdout                                 0x24001434   Data          84  stdio_streams.o(.bss)
    __stderr                                 0x24001488   Data          84  stdio_streams.o(.bss)
    __libspace_start                         0x240014dc   Data          96  libspace.o(.bss)
    __temporary_stack_top$libspace           0x2400153c   Data           0  libspace.o(.bss)



==============================================================================

Memory Map of the image

  Image Entry point : 0x08000299

  Load Region LR_IROM1 (Base: 0x08000000, Size: 0x0001877c, Max: 0x00100000, ABSOLUTE, COMPRESSED[0x000186a4])

    Execution Region ER_IROM1 (Exec base: 0x08000000, Load base: 0x08000000, Size: 0x00018608, Max: 0x00100000, ABSOLUTE)

    Exec Addr    Load Addr    Size         Type   Attr      Idx    E Section Name        Object

    0x08000000   0x08000000   0x00000298   Data   RO            3    RESET               startup_stm32h743xx.o
    0x08000298   0x08000298   0x00000008   Code   RO        11328  * !!!main             c_w.l(__main.o)
    0x080002a0   0x080002a0   0x00000034   Code   RO        11801    !!!scatter          c_w.l(__scatter.o)
    0x080002d4   0x080002d4   0x0000005a   Code   RO        11799    !!dczerorl2         c_w.l(__dczerorl2.o)
    0x0800032e   0x0800032e   0x00000002   PAD
    0x08000330   0x08000330   0x0000001c   Code   RO        11803    !!handler_zi        c_w.l(__scatter_zi.o)
    0x0800034c   0x0800034c   0x00000000   Code   RO        11301    .ARM.Collect$$_printf_percent$$00000000  c_w.l(_printf_percent.o)
    0x0800034c   0x0800034c   0x00000006   Code   RO        11300    .ARM.Collect$$_printf_percent$$00000009  c_w.l(_printf_d.o)
    0x08000352   0x08000352   0x00000006   Code   RO        11299    .ARM.Collect$$_printf_percent$$0000000C  c_w.l(_printf_x.o)
    0x08000358   0x08000358   0x00000006   Code   RO        11297    .ARM.Collect$$_printf_percent$$00000013  c_w.l(_printf_c.o)
    0x0800035e   0x0800035e   0x00000004   Code   RO        11476    .ARM.Collect$$_printf_percent$$00000017  c_w.l(_printf_percent_end.o)
    0x08000362   0x08000362   0x00000002   Code   RO        11726    .ARM.Collect$$libinit$$00000000  c_w.l(libinit.o)
    0x08000364   0x08000364   0x00000004   Code   RO        11496    .ARM.Collect$$libinit$$00000001  c_w.l(libinit2.o)
    0x08000368   0x08000368   0x00000000   Code   RO        11499    .ARM.Collect$$libinit$$00000004  c_w.l(libinit2.o)
    0x08000368   0x08000368   0x00000008   Code   RO        11500    .ARM.Collect$$libinit$$00000005  c_w.l(libinit2.o)
    0x08000370   0x08000370   0x00000000   Code   RO        11502    .ARM.Collect$$libinit$$0000000A  c_w.l(libinit2.o)
    0x08000370   0x08000370   0x00000000   Code   RO        11504    .ARM.Collect$$libinit$$0000000C  c_w.l(libinit2.o)
    0x08000370   0x08000370   0x00000000   Code   RO        11506    .ARM.Collect$$libinit$$0000000E  c_w.l(libinit2.o)
    0x08000370   0x08000370   0x00000000   Code   RO        11509    .ARM.Collect$$libinit$$00000011  c_w.l(libinit2.o)
    0x08000370   0x08000370   0x00000000   Code   RO        11511    .ARM.Collect$$libinit$$00000013  c_w.l(libinit2.o)
    0x08000370   0x08000370   0x00000000   Code   RO        11513    .ARM.Collect$$libinit$$00000015  c_w.l(libinit2.o)
    0x08000370   0x08000370   0x00000000   Code   RO        11515    .ARM.Collect$$libinit$$00000017  c_w.l(libinit2.o)
    0x08000370   0x08000370   0x00000000   Code   RO        11517    .ARM.Collect$$libinit$$00000019  c_w.l(libinit2.o)
    0x08000370   0x08000370   0x00000000   Code   RO        11519    .ARM.Collect$$libinit$$0000001B  c_w.l(libinit2.o)
    0x08000370   0x08000370   0x00000000   Code   RO        11521    .ARM.Collect$$libinit$$0000001D  c_w.l(libinit2.o)
    0x08000370   0x08000370   0x00000000   Code   RO        11523    .ARM.Collect$$libinit$$0000001F  c_w.l(libinit2.o)
    0x08000370   0x08000370   0x00000000   Code   RO        11525    .ARM.Collect$$libinit$$00000021  c_w.l(libinit2.o)
    0x08000370   0x08000370   0x00000000   Code   RO        11527    .ARM.Collect$$libinit$$00000023  c_w.l(libinit2.o)
    0x08000370   0x08000370   0x00000004   Code   RO        11528    .ARM.Collect$$libinit$$00000024  c_w.l(libinit2.o)
    0x08000374   0x08000374   0x00000000   Code   RO        11529    .ARM.Collect$$libinit$$00000025  c_w.l(libinit2.o)
    0x08000374   0x08000374   0x00000000   Code   RO        11533    .ARM.Collect$$libinit$$0000002C  c_w.l(libinit2.o)
    0x08000374   0x08000374   0x00000000   Code   RO        11535    .ARM.Collect$$libinit$$0000002E  c_w.l(libinit2.o)
    0x08000374   0x08000374   0x00000000   Code   RO        11537    .ARM.Collect$$libinit$$00000030  c_w.l(libinit2.o)
    0x08000374   0x08000374   0x00000000   Code   RO        11539    .ARM.Collect$$libinit$$00000032  c_w.l(libinit2.o)
    0x08000374   0x08000374   0x00000002   Code   RO        11540    .ARM.Collect$$libinit$$00000033  c_w.l(libinit2.o)
    0x08000376   0x08000376   0x00000002   Code   RO        11796    .ARM.Collect$$libshutdown$$00000000  c_w.l(libshutdown.o)
    0x08000378   0x08000378   0x00000000   Code   RO        11728    .ARM.Collect$$libshutdown$$00000002  c_w.l(libshutdown2.o)
    0x08000378   0x08000378   0x00000004   Code   RO        11729    .ARM.Collect$$libshutdown$$00000003  c_w.l(libshutdown2.o)
    0x0800037c   0x0800037c   0x00000000   Code   RO        11730    .ARM.Collect$$libshutdown$$00000004  c_w.l(libshutdown2.o)
    0x0800037c   0x0800037c   0x00000000   Code   RO        11733    .ARM.Collect$$libshutdown$$00000007  c_w.l(libshutdown2.o)
    0x0800037c   0x0800037c   0x00000000   Code   RO        11736    .ARM.Collect$$libshutdown$$0000000A  c_w.l(libshutdown2.o)
    0x0800037c   0x0800037c   0x00000000   Code   RO        11738    .ARM.Collect$$libshutdown$$0000000C  c_w.l(libshutdown2.o)
    0x0800037c   0x0800037c   0x00000000   Code   RO        11741    .ARM.Collect$$libshutdown$$0000000F  c_w.l(libshutdown2.o)
    0x0800037c   0x0800037c   0x00000002   Code   RO        11742    .ARM.Collect$$libshutdown$$00000010  c_w.l(libshutdown2.o)
    0x0800037e   0x0800037e   0x00000000   Code   RO        11424    .ARM.Collect$$rtentry$$00000000  c_w.l(__rtentry.o)
    0x0800037e   0x0800037e   0x00000000   Code   RO        11621    .ARM.Collect$$rtentry$$00000002  c_w.l(__rtentry2.o)
    0x0800037e   0x0800037e   0x00000006   Code   RO        11633    .ARM.Collect$$rtentry$$00000004  c_w.l(__rtentry4.o)
    0x08000384   0x08000384   0x00000000   Code   RO        11623    .ARM.Collect$$rtentry$$00000009  c_w.l(__rtentry2.o)
    0x08000384   0x08000384   0x00000004   Code   RO        11624    .ARM.Collect$$rtentry$$0000000A  c_w.l(__rtentry2.o)
    0x08000388   0x08000388   0x00000000   Code   RO        11626    .ARM.Collect$$rtentry$$0000000C  c_w.l(__rtentry2.o)
    0x08000388   0x08000388   0x00000008   Code   RO        11627    .ARM.Collect$$rtentry$$0000000D  c_w.l(__rtentry2.o)
    0x08000390   0x08000390   0x00000002   Code   RO        11747    .ARM.Collect$$rtexit$$00000000  c_w.l(rtexit.o)
    0x08000392   0x08000392   0x00000000   Code   RO        11772    .ARM.Collect$$rtexit$$00000002  c_w.l(rtexit2.o)
    0x08000392   0x08000392   0x00000004   Code   RO        11773    .ARM.Collect$$rtexit$$00000003  c_w.l(rtexit2.o)
    0x08000396   0x08000396   0x00000006   Code   RO        11774    .ARM.Collect$$rtexit$$00000004  c_w.l(rtexit2.o)
    0x0800039c   0x0800039c   0x000000be   Code   RO        10721    .emb_text           port.o
    0x0800045a   0x0800045a   0x00000002   PAD
    0x0800045c   0x0800045c   0x00000000   Code   RO        11639    .emb_text           c_w.l(maybetermalloc1.o)
    0x0800045c   0x0800045c   0x00000040   Code   RO            4    .text               startup_stm32h743xx.o
    0x0800049c   0x0800049c   0x00000028   Code   RO        11178    .text               c_w.l(calloc.o)
    0x080004c4   0x080004c4   0x0000005e   Code   RO        11180    .text               c_w.l(h1_alloc.o)
    0x08000522   0x08000522   0x0000004e   Code   RO        11182    .text               c_w.l(h1_free.o)
    0x08000570   0x08000570   0x000000ee   Code   RO        11238    .text               c_w.l(lludivv7m.o)
    0x0800065e   0x0800065e   0x00000002   PAD
    0x08000660   0x08000660   0x00000018   Code   RO        11244    .text               c_w.l(noretval__2printf.o)
    0x08000678   0x08000678   0x0000004e   Code   RO        11250    .text               c_w.l(_printf_pad.o)
    0x080006c6   0x080006c6   0x00000052   Code   RO        11252    .text               c_w.l(_printf_str.o)
    0x08000718   0x08000718   0x00000078   Code   RO        11254    .text               c_w.l(_printf_dec.o)
    0x08000790   0x08000790   0x00000058   Code   RO        11259    .text               c_w.l(_printf_hex_int.o)
    0x080007e8   0x080007e8   0x00000138   Code   RO        11289    .text               c_w.l(__printf_flags_wp.o)
    0x08000920   0x08000920   0x0000008a   Code   RO        11310    .text               c_w.l(rt_memcpy_v6.o)
    0x080009aa   0x080009aa   0x00000064   Code   RO        11314    .text               c_w.l(rt_memcpy_w.o)
    0x08000a0e   0x08000a0e   0x0000004e   Code   RO        11320    .text               c_w.l(rt_memclr_w.o)
    0x08000a5c   0x08000a5c   0x00000006   Code   RO        11326    .text               c_w.l(heapauxi.o)
    0x08000a62   0x08000a62   0x00000002   PAD
    0x08000a64   0x08000a64   0x00000008   Code   RO        11432    .text               c_w.l(rt_heap_descriptor_intlibspace.o)
    0x08000a6c   0x08000a6c   0x00000008   Code   RO        11442    .text               c_w.l(rt_errno_addr_intlibspace.o)
    0x08000a74   0x08000a74   0x00000004   Code   RO        11444    .text               c_w.l(hguard.o)
    0x08000a78   0x08000a78   0x0000008a   Code   RO        11446    .text               c_w.l(init_alloc.o)
    0x08000b02   0x08000b02   0x0000000e   Code   RO        11450    .text               c_w.l(h1_init.o)
    0x08000b10   0x08000b10   0x00000016   Code   RO        11464    .text               c_w.l(_rserrno.o)
    0x08000b26   0x08000b26   0x000000b2   Code   RO        11466    .text               c_w.l(_printf_intcommon.o)
    0x08000bd8   0x08000bd8   0x00000030   Code   RO        11468    .text               c_w.l(_printf_char_common.o)
    0x08000c08   0x08000c08   0x0000002c   Code   RO        11472    .text               c_w.l(_printf_char.o)
    0x08000c34   0x08000c34   0x00000024   Code   RO        11474    .text               c_w.l(_printf_char_file.o)
    0x08000c58   0x08000c58   0x00000044   Code   RO        11492    .text               c_w.l(rt_memclr.o)
    0x08000c9c   0x08000c9c   0x00000008   Code   RO        11617    .text               c_w.l(libspace.o)
    0x08000ca4   0x08000ca4   0x00000034   Code   RO        11641    .text               c_w.l(h1_extend.o)
    0x08000cd8   0x08000cd8   0x00000008   Code   RO        11649    .text               c_w.l(ferror.o)
    0x08000ce0   0x08000ce0   0x00000138   Code   RO        11651    .text               c_w.l(initio.o)
    0x08000e18   0x08000e18   0x0000000e   Code   RO        11657    .text               c_w.l(defsig_rtmem_outer.o)
    0x08000e26   0x08000e26   0x00000066   Code   RO        11676    .text               c_w.l(sys_io.o)
    0x08000e8c   0x08000e8c   0x00000002   Code   RO        11681    .text               c_w.l(use_no_semi.o)
    0x08000e8e   0x08000e8e   0x00000000   Code   RO        11683    .text               c_w.l(indicate_semi.o)
    0x08000e8e   0x08000e8e   0x0000004a   Code   RO        11684    .text               c_w.l(sys_stackheap_outer.o)
    0x08000ed8   0x08000ed8   0x00000046   Code   RO        11692    .text               c_w.l(setvbuf.o)
    0x08000f1e   0x08000f1e   0x00000002   PAD
    0x08000f20   0x08000f20   0x000000ec   Code   RO        11695    .text               c_w.l(fopen.o)
    0x0800100c   0x0800100c   0x0000004c   Code   RO        11697    .text               c_w.l(fclose.o)
    0x08001058   0x08001058   0x00000012   Code   RO        11703    .text               c_w.l(exit.o)
    0x0800106a   0x0800106a   0x0000000a   Code   RO        11705    .text               c_w.l(defsig_exit.o)
    0x08001074   0x08001074   0x0000000e   Code   RO        11711    .text               c_w.l(defsig_rtred_outer.o)
    0x08001082   0x08001082   0x00000002   PAD
    0x08001084   0x08001084   0x00000050   Code   RO        11715    .text               c_w.l(defsig_rtmem_inner.o)
    0x080010d4   0x080010d4   0x0000000c   Code   RO        11745    .text               c_w.l(sys_exit.o)
    0x080010e0   0x080010e0   0x000000f8   Code   RO        11753    .text               c_w.l(fseek.o)
    0x080011d8   0x080011d8   0x000000f0   Code   RO        11755    .text               c_w.l(stdio.o)
    0x080012c8   0x080012c8   0x00000032   Code   RO        11759    .text               c_w.l(defsig_general.o)
    0x080012fa   0x080012fa   0x00000002   PAD
    0x080012fc   0x080012fc   0x00000034   Code   RO        11763    .text               c_w.l(defsig_rtred_inner.o)
    0x08001330   0x08001330   0x0000003e   Code   RO        11765    .text               c_w.l(strlen.o)
    0x0800136e   0x0800136e   0x0000000e   Code   RO        11769    .text               c_w.l(sys_wrch.o)
    0x0800137c   0x0800137c   0x00000042   Code   RO        11778    .text               c_w.l(ftell.o)
    0x080013be   0x080013be   0x0000000a   Code   RO         8227    i.AlphaBlendDefault  itu_base.o
    0x080013c8   0x080013c8   0x0000005e   Code   RO         6864    i.BSP_MPU_ConfigRegion  bsp_mpu.o
    0x08001426   0x08001426   0x00000008   Code   RO         8228    i.BitBltDefault     itu_base.o
    0x0800142e   0x0800142e   0x000000a8   Code   RO         6865    i.Board_MPU_Config  bsp_mpu.o
    0x080014d6   0x080014d6   0x00000004   Code   RO         6731    i.BusFault_Handler  stm32h7xx_it.o
    0x080014da   0x080014da   0x00000002   PAD
    0x080014dc   0x080014dc   0x0000000c   Code   RO         6819    i.CPU_TS_TmrRd      core_delay.o
    0x080014e8   0x080014e8   0x00000050   Code   RO         6820    i.CPU_TS_Tmr_Delay_US  core_delay.o
    0x08001538   0x08001538   0x00000144   Code   RO         9861    i.Castor3_PumpTouchEvent  sdl_touch.o
    0x0800167c   0x0800167c   0x0000000a   Code   RO         8229    i.ColorFillBlendDefault  itu_base.o
    0x08001686   0x08001686   0x00000008   Code   RO         8230    i.ColorFillDefault  itu_base.o
    0x0800168e   0x0800168e   0x0000000c   Code   RO         8231    i.CreateMaskSurfaceDefault  itu_base.o
    0x0800169a   0x0800169a   0x0000000c   Code   RO         8232    i.CreateSurfaceDefault  itu_base.o
    0x080016a6   0x080016a6   0x0000000e   Code   RO         9149    i.CrossProduct      itu_sw.o
    0x080016b4   0x080016b4   0x000000fc   Code   RO         7269    i.DEBUG_USART_Config  bsp_debug_usart.o
    0x080017b0   0x080017b0   0x000000e6   Code   RO         1070    i.DMA2D_SetConfig   stm32h7xx_hal_dma2d.o
    0x08001896   0x08001896   0x00000002   Code   RO         6732    i.DebugMon_Handler  stm32h7xx_it.o
    0x08001898   0x08001898   0x00000002   Code   RO         8233    i.DestroyMaskSurfaceDefault  itu_base.o
    0x0800189a   0x0800189a   0x00000002   Code   RO         8234    i.DestroySurfaceDefault  itu_base.o
    0x0800189c   0x0800189c   0x00000008   Code   RO         8235    i.DrawCurveDefault  itu_base.o
    0x080018a4   0x080018a4   0x00000008   Code   RO         8236    i.DrawLineDefault   itu_base.o
    0x080018ac   0x080018ac   0x00000020   Code   RO         7438    i.EXTI3_IRQHandler  bsp_touch_gtxx.o
    0x080018cc   0x080018cc   0x0000006c   Code   RO         6338    i.FMC_SDRAM_Init    stm32h7xx_ll_fmc.o
    0x08001938   0x08001938   0x00000014   Code   RO         6339    i.FMC_SDRAM_ProgramRefreshRate  stm32h7xx_ll_fmc.o
    0x0800194c   0x0800194c   0x00000022   Code   RO         6340    i.FMC_SDRAM_SendCommand  stm32h7xx_ll_fmc.o
    0x0800196e   0x0800196e   0x00000002   PAD
    0x08001970   0x08001970   0x00000094   Code   RO         6342    i.FMC_SDRAM_Timing_Init  stm32h7xx_ll_fmc.o
    0x08001a04   0x08001a04   0x00000002   Code   RO         8237    i.FlipDefault       itu_base.o
    0x08001a06   0x08001a06   0x00000002   Code   RO         8238    i.FlipSyncDefault   itu_base.o
    0x08001a08   0x08001a08   0x00000130   Code   RO         7440    i.GTP_Get_Info      bsp_touch_gtxx.o
    0x08001b38   0x08001b38   0x00000084   Code   RO         7441    i.GTP_I2C_Read      bsp_touch_gtxx.o
    0x08001bbc   0x08001bbc   0x0000009c   Code   RO         7443    i.GTP_I2C_Test      bsp_touch_gtxx.o
    0x08001c58   0x08001c58   0x00000060   Code   RO         7444    i.GTP_I2C_Write     bsp_touch_gtxx.o
    0x08001cb8   0x08001cb8   0x0000000c   Code   RO         7445    i.GTP_IRQ_Disable   bsp_touch_gtxx.o
    0x08001cc4   0x08001cc4   0x00000078   Code   RO         7447    i.GTP_Init_Panel    bsp_touch_gtxx.o
    0x08001d3c   0x08001d3c   0x00000308   Code   RO         7448    i.GTP_Read_Version  bsp_touch_gtxx.o
    0x08002044   0x08002044   0x00000034   Code   RO         7452    i.GTP_TouchProcess_read  bsp_touch_gtxx.o
    0x08002078   0x08002078   0x00000020   Code   RO         7453    i.GTP_Touch_Down    bsp_touch_gtxx.o
    0x08002098   0x08002098   0x0000001c   Code   RO         7454    i.GTP_Touch_Up      bsp_touch_gtxx.o
    0x080020b4   0x080020b4   0x00000004   Code   RO         8239    i.GetDisplaySurfaceDefault  itu_base.o
    0x080020b8   0x080020b8   0x00000012   Code   RO         8240    i.GradientFillBlendDefault  itu_base.o
    0x080020ca   0x080020ca   0x00000008   Code   RO         8241    i.GradientFillDefault  itu_base.o
    0x080020d2   0x080020d2   0x00000002   PAD
    0x080020d4   0x080020d4   0x00000104   Code   RO         1082    i.HAL_DMA2D_ConfigLayer  stm32h7xx_hal_dma2d.o
    0x080021d8   0x080021d8   0x00000078   Code   RO         1090    i.HAL_DMA2D_Init    stm32h7xx_hal_dma2d.o
    0x08002250   0x08002250   0x00000002   Code   RO         1093    i.HAL_DMA2D_MspInit  stm32h7xx_hal_dma2d.o
    0x08002252   0x08002252   0x00000166   Code   RO         1094    i.HAL_DMA2D_PollForTransfer  stm32h7xx_hal_dma2d.o
    0x080023b8   0x080023b8   0x0000004e   Code   RO         1097    i.HAL_DMA2D_Start   stm32h7xx_hal_dma2d.o
    0x08002406   0x08002406   0x00000002   PAD
    0x08002408   0x08002408   0x00000208   Code   RO         1690    i.HAL_GPIO_Init     stm32h7xx_hal_gpio.o
    0x08002610   0x08002610   0x00000010   Code   RO         1692    i.HAL_GPIO_ReadPin  stm32h7xx_hal_gpio.o
    0x08002620   0x08002620   0x0000000c   Code   RO         1694    i.HAL_GPIO_WritePin  stm32h7xx_hal_gpio.o
    0x0800262c   0x0800262c   0x0000000c   Code   RO          203    i.HAL_GetREVID      stm32h7xx_hal.o
    0x08002638   0x08002638   0x0000001c   Code   RO         6821    i.HAL_GetTick       core_delay.o
    0x08002654   0x08002654   0x000000ac   Code   RO         6822    i.HAL_InitTick      core_delay.o
    0x08002700   0x08002700   0x0000005e   Code   RO         2531    i.HAL_LTDC_ConfigLayer  stm32h7xx_hal_ltdc.o
    0x0800275e   0x0800275e   0x00000002   PAD
    0x08002760   0x08002760   0x00000118   Code   RO         2548    i.HAL_LTDC_Init     stm32h7xx_hal_ltdc.o
    0x08002878   0x08002878   0x00000002   Code   RO         2551    i.HAL_LTDC_MspInit  stm32h7xx_hal_ltdc.o
    0x0800287a   0x0800287a   0x0000005c   Code   RO         2557    i.HAL_LTDC_SetAlpha  stm32h7xx_hal_ltdc.o
    0x080028d6   0x080028d6   0x00000002   PAD
    0x080028d8   0x080028d8   0x0000005c   Code   RO          594    i.HAL_MPU_ConfigRegion  stm32h7xx_hal_cortex.o
    0x08002934   0x08002934   0x0000002c   Code   RO          595    i.HAL_MPU_Disable   stm32h7xx_hal_cortex.o
    0x08002960   0x08002960   0x00000040   Code   RO          596    i.HAL_MPU_Enable    stm32h7xx_hal_cortex.o
    0x080029a0   0x080029a0   0x00000044   Code   RO          598    i.HAL_NVIC_DisableIRQ  stm32h7xx_hal_cortex.o
    0x080029e4   0x080029e4   0x00000020   Code   RO          599    i.HAL_NVIC_EnableIRQ  stm32h7xx_hal_cortex.o
    0x08002a04   0x08002a04   0x0000007a   Code   RO          605    i.HAL_NVIC_SetPriority  stm32h7xx_hal_cortex.o
    0x08002a7e   0x08002a7e   0x00000002   PAD
    0x08002a80   0x08002a80   0x00000060   Code   RO         3403    i.HAL_PWREx_ConfigSupply  stm32h7xx_hal_pwr_ex.o
    0x08002ae0   0x08002ae0   0x00000030   Code   RO         3806    i.HAL_RCCEx_GetD1SysClockFreq  stm32h7xx_hal_rcc_ex.o
    0x08002b10   0x08002b10   0x00000024   Code   RO         3807    i.HAL_RCCEx_GetD3PCLK1Freq  stm32h7xx_hal_rcc_ex.o
    0x08002b34   0x08002b34   0x00000230   Code   RO         3809    i.HAL_RCCEx_GetPLL2ClockFreq  stm32h7xx_hal_rcc_ex.o
    0x08002d64   0x08002d64   0x00000230   Code   RO         3810    i.HAL_RCCEx_GetPLL3ClockFreq  stm32h7xx_hal_rcc_ex.o
    0x08002f94   0x08002f94   0x00000b44   Code   RO         3814    i.HAL_RCCEx_PeriphCLKConfig  stm32h7xx_hal_rcc_ex.o
    0x08003ad8   0x08003ad8   0x00000300   Code   RO         3693    i.HAL_RCC_ClockConfig  stm32h7xx_hal_rcc.o
    0x08003dd8   0x08003dd8   0x0000006c   Code   RO         3697    i.HAL_RCC_GetClockConfig  stm32h7xx_hal_rcc.o
    0x08003e44   0x08003e44   0x00000030   Code   RO         3698    i.HAL_RCC_GetHCLKFreq  stm32h7xx_hal_rcc.o
    0x08003e74   0x08003e74   0x00000024   Code   RO         3700    i.HAL_RCC_GetPCLK1Freq  stm32h7xx_hal_rcc.o
    0x08003e98   0x08003e98   0x00000024   Code   RO         3701    i.HAL_RCC_GetPCLK2Freq  stm32h7xx_hal_rcc.o
    0x08003ebc   0x08003ebc   0x0000022c   Code   RO         3702    i.HAL_RCC_GetSysClockFreq  stm32h7xx_hal_rcc.o
    0x080040e8   0x080040e8   0x00000748   Code   RO         3705    i.HAL_RCC_OscConfig  stm32h7xx_hal_rcc.o
    0x08004830   0x08004830   0x00000050   Code   RO         4434    i.HAL_SDRAM_Init    stm32h7xx_hal_sdram.o
    0x08004880   0x08004880   0x00000002   Code   RO         4436    i.HAL_SDRAM_MspInit  stm32h7xx_hal_sdram.o
    0x08004882   0x08004882   0x00000036   Code   RO         4437    i.HAL_SDRAM_ProgramRefreshRate  stm32h7xx_hal_sdram.o
    0x080048b8   0x080048b8   0x0000004e   Code   RO         4443    i.HAL_SDRAM_SendCommand  stm32h7xx_hal_sdram.o
    0x08004906   0x08004906   0x00000002   PAD
    0x08004908   0x08004908   0x00000014   Code   RO          216    i.HAL_SYSCFG_AnalogSwitchConfig  stm32h7xx_hal.o
    0x0800491c   0x0800491c   0x00000002   Code   RO         5453    i.HAL_TIMEx_Break2Callback  stm32h7xx_hal_tim_ex.o
    0x0800491e   0x0800491e   0x00000002   Code   RO         5454    i.HAL_TIMEx_BreakCallback  stm32h7xx_hal_tim_ex.o
    0x08004920   0x08004920   0x00000002   Code   RO         5455    i.HAL_TIMEx_CommutCallback  stm32h7xx_hal_tim_ex.o
    0x08004922   0x08004922   0x00000034   Code   RO         4745    i.HAL_TIM_Base_Init  stm32h7xx_hal_tim.o
    0x08004956   0x08004956   0x00000002   Code   RO         4747    i.HAL_TIM_Base_MspInit  stm32h7xx_hal_tim.o
    0x08004958   0x08004958   0x00000038   Code   RO         4750    i.HAL_TIM_Base_Start_IT  stm32h7xx_hal_tim.o
    0x08004990   0x08004990   0x00000002   Code   RO         4776    i.HAL_TIM_IC_CaptureCallback  stm32h7xx_hal_tim.o
    0x08004992   0x08004992   0x000001b8   Code   RO         4790    i.HAL_TIM_IRQHandler  stm32h7xx_hal_tim.o
    0x08004b4a   0x08004b4a   0x00000002   Code   RO         4793    i.HAL_TIM_OC_DelayElapsedCallback  stm32h7xx_hal_tim.o
    0x08004b4c   0x08004b4c   0x00000002   Code   RO         4820    i.HAL_TIM_PWM_PulseFinishedCallback  stm32h7xx_hal_tim.o
    0x08004b4e   0x08004b4e   0x00000002   Code   RO         4828    i.HAL_TIM_PeriodElapsedCallback  stm32h7xx_hal_tim.o
    0x08004b50   0x08004b50   0x00000002   Code   RO         4833    i.HAL_TIM_TriggerCallback  stm32h7xx_hal_tim.o
    0x08004b52   0x08004b52   0x00000078   Code   RO         5756    i.HAL_UART_Init     stm32h7xx_hal_uart.o
    0x08004bca   0x08004bca   0x00000002   Code   RO         5758    i.HAL_UART_MspInit  stm32h7xx_hal_uart.o
    0x08004bcc   0x08004bcc   0x000000d4   Code   RO         5765    i.HAL_UART_Transmit  stm32h7xx_hal_uart.o
    0x08004ca0   0x08004ca0   0x00000004   Code   RO         6733    i.HardFault_Handler  stm32h7xx_it.o
    0x08004ca4   0x08004ca4   0x000000f0   Code   RO         7319    i.I2C_GPIO_Config   bsp_i2c_touch.o
    0x08004d94   0x08004d94   0x00000050   Code   RO         7320    i.I2C_GTP_IRQDisable  bsp_i2c_touch.o
    0x08004de4   0x08004de4   0x00000054   Code   RO         7321    i.I2C_GTP_IRQEnable  bsp_i2c_touch.o
    0x08004e38   0x08004e38   0x0000004a   Code   RO         7323    i.I2C_ReadBytes     bsp_i2c_touch.o
    0x08004e82   0x08004e82   0x00000002   PAD
    0x08004e84   0x08004e84   0x0000005c   Code   RO         7324    i.I2C_ResetChip     bsp_i2c_touch.o
    0x08004ee0   0x08004ee0   0x00000010   Code   RO         7325    i.I2C_Touch_Init    bsp_i2c_touch.o
    0x08004ef0   0x08004ef0   0x0000007e   Code   RO         7457    i.I2C_Transfer      bsp_touch_gtxx.o
    0x08004f6e   0x08004f6e   0x00000066   Code   RO         7326    i.I2C_WriteBytes    bsp_i2c_touch.o
    0x08004fd4   0x08004fd4   0x0000005c   Code   RO         9150    i.IsCCW             itu_sw.o
    0x08005030   0x08005030   0x00000064   Code   RO         9151    i.IsOnPlaneABCD     itu_sw.o
    0x08005094   0x08005094   0x00000040   Code   RO         6896    i.LCD_Clear         bsp_lcd.o
    0x080050d4   0x080050d4   0x0000002c   Code   RO         6898    i.LCD_ClockConfig   bsp_lcd.o
    0x08005100   0x08005100   0x00000028   Code   RO         6901    i.LCD_DisplayOn     bsp_lcd.o
    0x08005128   0x08005128   0x00000518   Code   RO         6918    i.LCD_GPIO_Config   bsp_lcd.o
    0x08005640   0x08005640   0x00000020   Code   RO         6922    i.LCD_GetXSize      bsp_lcd.o
    0x08005660   0x08005660   0x00000020   Code   RO         6923    i.LCD_GetYSize      bsp_lcd.o
    0x08005680   0x08005680   0x000000c0   Code   RO         6924    i.LCD_Init          bsp_lcd.o
    0x08005740   0x08005740   0x000000a0   Code   RO         6925    i.LCD_LayerInit     bsp_lcd.o
    0x080057e0   0x080057e0   0x0000000c   Code   RO         6927    i.LCD_SelectLayer   bsp_lcd.o
    0x080057ec   0x080057ec   0x0000001c   Code   RO         6930    i.LCD_SetFont       bsp_lcd.o
    0x08005808   0x08005808   0x00000018   Code   RO         6935    i.LCD_SetTransparency  bsp_lcd.o
    0x08005820   0x08005820   0x000000a4   Code   RO         6795    i.LED_GPIO_Config   bsp_led.o
    0x080058c4   0x080058c4   0x00000100   Code   RO         6939    i.LL_FillBuffer     bsp_lcd.o
    0x080059c4   0x080059c4   0x00000210   Code   RO         2567    i.LTDC_SetConfig    stm32h7xx_hal_ltdc.o
    0x08005bd4   0x08005bd4   0x00000008   Code   RO         8837    i.LcdGetDisplaySurface  itu_lcd.o
    0x08005bdc   0x08005bdc   0x0000000a   Code   RO         8242    i.LockSurfaceDefault  itu_base.o
    0x08005be6   0x08005be6   0x00000004   Code   RO         6734    i.MemManage_Handler  stm32h7xx_it.o
    0x08005bea   0x08005bea   0x00000002   Code   RO         6735    i.NMI_Handler       stm32h7xx_it.o
    0x08005bec   0x08005bec   0x00000016   Code   RO         8243    i.ProjectionDefault  itu_base.o
    0x08005c02   0x08005c02   0x00000002   PAD
    0x08005c04   0x08005c04   0x00000164   Code   RO         3817    i.RCCEx_PLL2_Config  stm32h7xx_hal_rcc_ex.o
    0x08005d68   0x08005d68   0x00000164   Code   RO         3818    i.RCCEx_PLL3_Config  stm32h7xx_hal_rcc_ex.o
    0x08005ecc   0x08005ecc   0x0000000a   Code   RO         8244    i.ReflectedDefault  itu_base.o
    0x08005ed6   0x08005ed6   0x00000008   Code   RO         8245    i.RotateDefault     itu_base.o
    0x08005ede   0x08005ede   0x00000002   PAD
    0x08005ee0   0x08005ee0   0x000003c4   Code   RO         9152    i.RotateImage16     itu_sw.o
    0x080062a4   0x080062a4   0x000003b8   Code   RO         9153    i.RotateImage32     itu_sw.o
    0x0800665c   0x0800665c   0x0000009c   Code   RO         6556    i.SCB_EnableDCache  main.o
    0x080066f8   0x080066f8   0x0000007c   Code   RO         6557    i.SCB_EnableICache  main.o
    0x08006774   0x08006774   0x000000b0   Code   RO         9713    i.SDL_AddEvent      sdl_events.o
    0x08006824   0x08006824   0x0000009c   Code   RO         9714    i.SDL_CutEvent      sdl_events.o
    0x080068c0   0x080068c0   0x00000002   Code   RO         9715    i.SDL_Delay         sdl_events.o
    0x080068c2   0x080068c2   0x00000002   PAD
    0x080068c4   0x080068c4   0x000000e4   Code   RO         9716    i.SDL_EventState    sdl_events.o
    0x080069a8   0x080069a8   0x0000000e   Code   RO         9717    i.SDL_FlushEvent    sdl_events.o
    0x080069b6   0x080069b6   0x00000002   PAD
    0x080069b8   0x080069b8   0x00000058   Code   RO         9718    i.SDL_FlushEvents   sdl_events.o
    0x08006a10   0x08006a10   0x0000000c   Code   RO         9826    i.SDL_GetTicks      sdl_systimer.o
    0x08006a1c   0x08006a1c   0x000000d8   Code   RO         9721    i.SDL_PeepEvents    sdl_events.o
    0x08006af4   0x08006af4   0x0000000e   Code   RO         9722    i.SDL_PollEvent     sdl_events.o
    0x08006b02   0x08006b02   0x00000002   Code   RO         9723    i.SDL_PumpEvents    sdl_events.o
    0x08006b04   0x08006b04   0x00000060   Code   RO         9724    i.SDL_PushEvent     sdl_events.o
    0x08006b64   0x08006b64   0x000000d0   Code   RO         9862    i.SDL_SendFingerDown  sdl_touch.o
    0x08006c34   0x08006c34   0x000000ac   Code   RO         9863    i.SDL_SendTouchMotion  sdl_touch.o
    0x08006ce0   0x08006ce0   0x00000038   Code   RO         9726    i.SDL_StartEventLoop  sdl_events.o
    0x08006d18   0x08006d18   0x0000005c   Code   RO         9727    i.SDL_StopEventLoop  sdl_events.o
    0x08006d74   0x08006d74   0x00000060   Code   RO         9729    i.SDL_WaitEventTimeout  sdl_events.o
    0x08006dd4   0x08006dd4   0x000008f0   Code   RO         7209    i.SDRAM_GPIO_Config  bsp_sdram.o
    0x080076c4   0x080076c4   0x000000c0   Code   RO         7210    i.SDRAM_Init        bsp_sdram.o
    0x08007784   0x08007784   0x00000090   Code   RO         7211    i.SDRAM_InitSequence  bsp_sdram.o
    0x08007814   0x08007814   0x00000024   Code   RO         7215    i.SDRAM_delay       bsp_sdram.o
    0x08007838   0x08007838   0x0000133c   Code   RO         9154    i.SWAlphaBlend      itu_sw.o
    0x08008b74   0x08008b74   0x00001048   Code   RO         9155    i.SWBitBlt          itu_sw.o
    0x08009bbc   0x08009bbc   0x000002dc   Code   RO         9156    i.SWColorFill       itu_sw.o
    0x08009e98   0x08009e98   0x000000c0   Code   RO         9157    i.SWCreateSurface   itu_sw.o
    0x08009f58   0x08009f58   0x00000016   Code   RO         9158    i.SWDestroySurface  itu_sw.o
    0x08009f6e   0x08009f6e   0x00000002   PAD
    0x08009f70   0x08009f70   0x00000490   Code   RO         9159    i.SWDrawGlyph       itu_sw.o
    0x0800a400   0x0800a400   0x00000380   Code   RO         9160    i.SWDrawLine        itu_sw.o
    0x0800a780   0x0800a780   0x000001d0   Code   RO         9161    i.SWFlip            itu_sw.o
    0x0800a950   0x0800a950   0x00000070   Code   RO         9162    i.SWFlipSync        itu_sw.o
    0x0800a9c0   0x0800a9c0   0x00002434   Code   RO         9163    i.SWGradientFill    itu_sw.o
    0x0800cdf4   0x0800cdf4   0x00000080   Code   RO         9164    i.SWLockSurface     itu_sw.o
    0x0800ce74   0x0800ce74   0x00000298   Code   RO         9165    i.SWReflected       itu_sw.o
    0x0800d10c   0x0800d10c   0x00000680   Code   RO         9166    i.SWRotate          itu_sw.o
    0x0800d78c   0x0800d78c   0x00000090   Code   RO         9167    i.SWSetRotation     itu_sw.o
    0x0800d81c   0x0800d81c   0x00000d74   Code   RO         9168    i.SWStretchBlt      itu_sw.o
    0x0800e590   0x0800e590   0x00000052   Code   RO         9169    i.SWTransform       itu_sw.o
    0x0800e5e2   0x0800e5e2   0x00000002   PAD
    0x0800e5e4   0x0800e5e4   0x000011e4   Code   RO         9170    i.SWTransformBlt    itu_sw.o
    0x0800f7c8   0x0800f7c8   0x00000008   Code   RO         9171    i.SWUnlockSurface   itu_sw.o
    0x0800f7d0   0x0800f7d0   0x00000002   Code   RO         8246    i.SetMaskSurfaceDefault  itu_base.o
    0x0800f7d2   0x0800f7d2   0x00000002   Code   RO         8247    i.SetRotationDefault  itu_base.o
    0x0800f7d4   0x0800f7d4   0x0000006c   Code   RO         6558    i.StartDefaultTask  main.o
    0x0800f840   0x0800f840   0x0000000a   Code   RO         6559    i.StartTask02       main.o
    0x0800f84a   0x0800f84a   0x00000012   Code   RO         8248    i.StretchBltDefault  itu_base.o
    0x0800f85c   0x0800f85c   0x00000034   Code   RO        10722    i.SysTick_Handler   port.o
    0x0800f890   0x0800f890   0x000000d0   Code   RO         6560    i.SystemClock_Config  main.o
    0x0800f960   0x0800f960   0x00000094   Code   RO           14    i.SystemInit        system_stm32h7xx.o
    0x0800f9f4   0x0800f9f4   0x00000010   Code   RO         6736    i.TIM1_UP_IRQHandler  stm32h7xx_it.o
    0x0800fa04   0x0800fa04   0x000000cc   Code   RO         4835    i.TIM_Base_SetConfig  stm32h7xx_hal_tim.o
    0x0800fad0   0x0800fad0   0x00000016   Code   RO         8249    i.TransformBltDefault  itu_base.o
    0x0800fae6   0x0800fae6   0x00000016   Code   RO         8250    i.TransformDefault  itu_base.o
    0x0800fafc   0x0800fafc   0x000000f8   Code   RO         5770    i.UART_AdvFeatureConfig  stm32h7xx_hal_uart.o
    0x0800fbf4   0x0800fbf4   0x00000074   Code   RO         5771    i.UART_CheckIdleState  stm32h7xx_hal_uart.o
    0x0800fc68   0x0800fc68   0x000016f0   Code   RO         5789    i.UART_SetConfig    stm32h7xx_hal_uart.o
    0x08011358   0x08011358   0x000000be   Code   RO         5794    i.UART_WaitOnFlagUntilTimeout  stm32h7xx_hal_uart.o
    0x08011416   0x08011416   0x00000002   Code   RO         8251    i.UnlockSurfaceDefault  itu_base.o
    0x08011418   0x08011418   0x00000004   Code   RO         6737    i.UsageFault_Handler  stm32h7xx_it.o
    0x0801141c   0x0801141c   0x0000024c   Code   RO         7458    i._Goodix_TS_Work_Func  bsp_touch_gtxx.o
    0x08011668   0x08011668   0x00000030   Code   RO        11568    i.__ARM_fpclassify  m_wv.l(fpclassify.o)
    0x08011698   0x08011698   0x00000026   Code   RO        11570    i.__ARM_fpclassifyf  m_wv.l(fpclassifyf.o)
    0x080116be   0x080116be   0x00000002   PAD
    0x080116c0   0x080116c0   0x00000010   Code   RO          612    i.__NVIC_GetPriorityGrouping  stm32h7xx_hal_cortex.o
    0x080116d0   0x080116d0   0x00000028   Code   RO          613    i.__NVIC_SetPriority  stm32h7xx_hal_cortex.o
    0x080116f8   0x080116f8   0x00000150   Code   RO        11342    i.__hardfp_cosf     m_wv.l(cosf.o)
    0x08011848   0x08011848   0x000008f8   Code   RO        11354    i.__hardfp_pow      m_wv.l(pow.o)
    0x08012140   0x08012140   0x00000658   Code   RO        11368    i.__hardfp_powf     m_wv.l(powf.o)
    0x08012798   0x08012798   0x00000194   Code   RO        11382    i.__hardfp_sinf     m_wv.l(sinf.o)
    0x0801292c   0x0801292c   0x0000003a   Code   RO        11394    i.__hardfp_sqrtf    m_wv.l(sqrtf.o)
    0x08012966   0x08012966   0x00000070   Code   RO        11586    i.__kernel_poly     m_wv.l(poly.o)
    0x080129d6   0x080129d6   0x00000002   PAD
    0x080129d8   0x080129d8   0x00000020   Code   RO        11548    i.__mathlib_dbl_divzero  m_wv.l(dunder.o)
    0x080129f8   0x080129f8   0x00000006   Code   RO        11550    i.__mathlib_dbl_infnan2  m_wv.l(dunder.o)
    0x080129fe   0x080129fe   0x00000002   PAD
    0x08012a00   0x08012a00   0x00000018   Code   RO        11551    i.__mathlib_dbl_invalid  m_wv.l(dunder.o)
    0x08012a18   0x08012a18   0x00000018   Code   RO        11552    i.__mathlib_dbl_overflow  m_wv.l(dunder.o)
    0x08012a30   0x08012a30   0x00000018   Code   RO        11554    i.__mathlib_dbl_underflow  m_wv.l(dunder.o)
    0x08012a48   0x08012a48   0x00000018   Code   RO        11572    i.__mathlib_flt_divzero  m_wv.l(funder.o)
    0x08012a60   0x08012a60   0x00000006   Code   RO        11573    i.__mathlib_flt_infnan  m_wv.l(funder.o)
    0x08012a66   0x08012a66   0x00000006   Code   RO        11574    i.__mathlib_flt_infnan2  m_wv.l(funder.o)
    0x08012a6c   0x08012a6c   0x00000010   Code   RO        11575    i.__mathlib_flt_invalid  m_wv.l(funder.o)
    0x08012a7c   0x08012a7c   0x00000010   Code   RO        11576    i.__mathlib_flt_overflow  m_wv.l(funder.o)
    0x08012a8c   0x08012a8c   0x00000010   Code   RO        11578    i.__mathlib_flt_underflow  m_wv.l(funder.o)
    0x08012a9c   0x08012a9c   0x00000154   Code   RO        11594    i.__mathlib_rredf2  m_wv.l(rredf.o)
    0x08012bf0   0x08012bf0   0x0000000e   Code   RO        11287    i._is_digit         c_w.l(__printf_wp.o)
    0x08012bfe   0x08012bfe   0x00000002   PAD
    0x08012c00   0x08012c00   0x00000064   Code   RO         9864    i.check_last_sample  sdl_touch.o
    0x08012c64   0x08012c64   0x00000018   Code   RO        11564    i.fabs              m_wv.l(fabs.o)
    0x08012c7c   0x08012c7c   0x0000001c   Code   RO         7272    i.fputc             bsp_debug_usart.o
    0x08012c98   0x08012c98   0x0000003c   Code   RO         7327    i.i2c_Ack           bsp_i2c_touch.o
    0x08012cd4   0x08012cd4   0x0000000e   Code   RO         7328    i.i2c_Delay         bsp_i2c_touch.o
    0x08012ce2   0x08012ce2   0x00000002   PAD
    0x08012ce4   0x08012ce4   0x00000034   Code   RO         7329    i.i2c_NAck          bsp_i2c_touch.o
    0x08012d18   0x08012d18   0x00000048   Code   RO         7330    i.i2c_ReadByte      bsp_i2c_touch.o
    0x08012d60   0x08012d60   0x00000064   Code   RO         7331    i.i2c_SendByte      bsp_i2c_touch.o
    0x08012dc4   0x08012dc4   0x0000003c   Code   RO         7332    i.i2c_Start         bsp_i2c_touch.o
    0x08012e00   0x08012e00   0x0000002c   Code   RO         7333    i.i2c_Stop          bsp_i2c_touch.o
    0x08012e2c   0x08012e2c   0x00000044   Code   RO         7334    i.i2c_WaitAck       bsp_i2c_touch.o
    0x08012e70   0x08012e70   0x00000004   Code   RO         7689    i.ithLcdGetBaseAddrB  ith_lcd.o
    0x08012e74   0x08012e74   0x00000004   Code   RO         7692    i.ithLcdGetFormat   ith_lcd.o
    0x08012e78   0x08012e78   0x00000008   Code   RO         8252    i.ituDrawGlyphDefault  itu_base.o
    0x08012e80   0x08012e80   0x0000002e   Code   RO         9330    i.ituFormat2Bpp     itu_utility.o
    0x08012eae   0x08012eae   0x00000002   PAD
    0x08012eb0   0x08012eb0   0x00000094   Code   RO         8839    i.ituLcdInit        itu_lcd.o
    0x08012f44   0x08012f44   0x00000120   Code   RO         9177    i.ituSWInit         itu_sw.o
    0x08013064   0x08013064   0x000001a8   Code   RO         6561    i.main              main.o
    0x0801320c   0x0801320c   0x0000000e   Code   RO        10803    i.makeFreeRtosPriority  cmsis_os.o
    0x0801321a   0x0801321a   0x00000018   Code   RO        10805    i.osDelay           cmsis_os.o
    0x08013232   0x08013232   0x0000000a   Code   RO        10808    i.osKernelStart     cmsis_os.o
    0x0801323c   0x0801323c   0x00000030   Code   RO        10842    i.osThreadCreate    cmsis_os.o
    0x0801326c   0x0801326c   0x00000098   Code   RO        10357    i.prvAddCurrentTaskToDelayedList  tasks.o
    0x08013304   0x08013304   0x000000b4   Code   RO        10358    i.prvAddNewTaskToReadyList  tasks.o
    0x080133b8   0x080133b8   0x00000048   Code   RO        10359    i.prvCheckTasksWaitingTermination  tasks.o
    0x08013400   0x08013400   0x00000012   Code   RO        10360    i.prvDeleteTCB      tasks.o
    0x08013412   0x08013412   0x00000002   PAD
    0x08013414   0x08013414   0x0000007c   Code   RO        10660    i.prvHeapInit       heap_4_1.o
    0x08013490   0x08013490   0x00000028   Code   RO        10361    i.prvIdleTask       tasks.o
    0x080134b8   0x080134b8   0x000000aa   Code   RO        10362    i.prvInitialiseNewTask  tasks.o
    0x08013562   0x08013562   0x00000002   PAD
    0x08013564   0x08013564   0x00000068   Code   RO        10363    i.prvInitialiseTaskLists  tasks.o
    0x080135cc   0x080135cc   0x00000068   Code   RO        10661    i.prvInsertBlockIntoFreeList  heap_4_1.o
    0x08013634   0x08013634   0x00000034   Code   RO        10364    i.prvResetNextTaskUnblockTime  tasks.o
    0x08013668   0x08013668   0x00000040   Code   RO        10723    i.prvTaskExitError  port.o
    0x080136a8   0x080136a8   0x0000013c   Code   RO        10662    i.pvPortMalloc      heap_4_1.o
    0x080137e4   0x080137e4   0x0000002c   Code   RO        10724    i.pxPortInitialiseStack  port.o
    0x08013810   0x08013810   0x0000006a   Code   RO        11599    i.sqrt              m_wv.l(sqrt.o)
    0x0801387a   0x0801387a   0x0000001c   Code   RO         9865    i.ts_read           sdl_touch.o
    0x08013896   0x08013896   0x00000002   PAD
    0x08013898   0x08013898   0x00000018   Code   RO         9866    i.update_last_sample  sdl_touch.o
    0x080138b0   0x080138b0   0x00000028   Code   RO        10016    i.uxListRemove      list.o
    0x080138d8   0x080138d8   0x0000001a   Code   RO        10017    i.vListInitialise   list.o
    0x080138f2   0x080138f2   0x00000006   Code   RO        10018    i.vListInitialiseItem  list.o
    0x080138f8   0x080138f8   0x00000034   Code   RO        10019    i.vListInsert       list.o
    0x0801392c   0x0801392c   0x00000018   Code   RO        10020    i.vListInsertEnd    list.o
    0x08013944   0x08013944   0x00000054   Code   RO        10726    i.vPortEnterCritical  port.o
    0x08013998   0x08013998   0x0000003c   Code   RO        10727    i.vPortExitCritical  port.o
    0x080139d4   0x080139d4   0x00000094   Code   RO        10663    i.vPortFree         heap_4_1.o
    0x08013a68   0x08013a68   0x00000028   Code   RO        10728    i.vPortSetupTimerInterrupt  port.o
    0x08013a90   0x08013a90   0x0000005c   Code   RO        10372    i.vTaskDelay        tasks.o
    0x08013aec   0x08013aec   0x00000088   Code   RO        10385    i.vTaskStartScheduler  tasks.o
    0x08013b74   0x08013b74   0x00000010   Code   RO        10387    i.vTaskSuspendAll   tasks.o
    0x08013b84   0x08013b84   0x0000008c   Code   RO        10388    i.vTaskSwitchContext  tasks.o
    0x08013c10   0x08013c10   0x00000168   Code   RO        10730    i.xPortStartScheduler  port.o
    0x08013d78   0x08013d78   0x00000060   Code   RO        10390    i.xTaskCreate       tasks.o
    0x08013dd8   0x08013dd8   0x00000148   Code   RO        10397    i.xTaskIncrementTick  tasks.o
    0x08013f20   0x08013f20   0x00000104   Code   RO        10403    i.xTaskResumeAll    tasks.o
    0x08014024   0x08014024   0x00000010   Code   RO        11670    x$fpl$dcheck1       fz_wv.l(dcheck1.o)
    0x08014034   0x08014034   0x0000000a   Code   RO        11674    x$fpl$fpinit        fz_wv.l(fpinit.o)
    0x0801403e   0x0801403e   0x00000064   Code   RO        11743    x$fpl$retnan        fz_wv.l(retnan.o)
    0x080140a2   0x080140a2   0x0000005c   Code   RO        11545    x$fpl$scalbn        fz_wv.l(scalbn.o)
    0x080140fe   0x080140fe   0x00000030   Code   RO        11767    x$fpl$trapveneer    fz_wv.l(trapv.o)
    0x0801412e   0x0801412e   0x00000000   Code   RO        11547    x$fpl$usenofp       fz_wv.l(usenofp.o)
    0x0801412e   0x0801412e   0x00000010   Data   RO           15    .constdata          system_stm32h7xx.o
    0x0801413e   0x0801413e   0x00000002   PAD
    0x08014140   0x08014140   0x00000028   Data   RO         6564    .constdata          main.o
    0x08014168   0x08014168   0x00003cdc   Data   RO         6941    .constdata          bsp_lcd.o
    0x08017e44   0x08017e44   0x000004a0   Data   RO         7459    .constdata          bsp_touch_gtxx.o
    0x080182e4   0x080182e4   0x00000010   Data   RO         9178    .constdata          itu_sw.o
    0x080182f4   0x080182f4   0x00000028   Data   RO        11260    .constdata          c_w.l(_printf_hex_int.o)
    0x0801831c   0x0801831c   0x00000011   Data   RO        11290    .constdata          c_w.l(__printf_flags_wp.o)
    0x0801832d   0x0801832d   0x00000003   PAD
    0x08018330   0x08018330   0x00000088   Data   RO        11357    .constdata          m_wv.l(pow.o)
    0x080183b8   0x080183b8   0x00000140   Data   RO        11371    .constdata          m_wv.l(powf.o)
    0x080184f8   0x080184f8   0x00000008   Data   RO        11588    .constdata          m_wv.l(qnan.o)
    0x08018500   0x08018500   0x00000020   Data   RO        11595    .constdata          m_wv.l(rredf.o)
    0x08018520   0x08018520   0x00000004   Data   RO        11677    .constdata          c_w.l(sys_io.o)
    0x08018524   0x08018524   0x00000004   Data   RO        11678    .constdata          c_w.l(sys_io.o)
    0x08018528   0x08018528   0x00000004   Data   RO        11679    .constdata          c_w.l(sys_io.o)
    0x0801852c   0x0801852c   0x00000018   Data   RO         6565    .conststring        main.o
    0x08018544   0x08018544   0x000000a1   Data   RO         7460    .conststring        bsp_touch_gtxx.o
    0x080185e5   0x080185e5   0x00000003   PAD
    0x080185e8   0x080185e8   0x00000020   Data   RO        11797    Region$$Table       anon$$obj.o


    Execution Region RW_IRAM1 (Exec base: 0x20000000, Load base: 0x08018608, Size: 0x00000000, Max: 0x00020000, ABSOLUTE)

    **** No section assigned to this execution region ****


    Execution Region RW_IRAM2 (Exec base: 0x24000000, Load base: 0x08018608, Size: 0x00001b40, Max: 0x00080000, ABSOLUTE, COMPRESSED[0x0000009c])

    Exec Addr    Load Addr    Size         Type   Attr      Idx    E Section Name        Object

    0x24000000   COMPRESSED   0x00000008   Data   RW           16    .data               system_stm32h7xx.o
    0x24000008   COMPRESSED   0x00000009   Data   RW          233    .data               stm32h7xx_hal.o
    0x24000011   COMPRESSED   0x00000003   PAD
    0x24000014   COMPRESSED   0x0000000d   Data   RW         6566    .data               main.o
    0x24000021   COMPRESSED   0x00000003   PAD
    0x24000024   COMPRESSED   0x0000002c   Data   RW         6942    .data               bsp_lcd.o
    0x24000050   COMPRESSED   0x00000029   Data   RW         7461    .data               bsp_touch_gtxx.o
    0x24000079   COMPRESSED   0x00000003   PAD
    0x2400007c   COMPRESSED   0x0000006c   Data   RW         8253    .data               itu_base.o
    0x240000e8   COMPRESSED   0x00000008   Data   RW         9179    .data               itu_sw.o
    0x240000f0   COMPRESSED   0x00000010   Data   RW         9731    .data               sdl_events.o
    0x24000100   COMPRESSED   0x00000008   Data   RW         9868    .data               sdl_touch.o
    0x24000108   COMPRESSED   0x0000003c   Data   RW        10406    .data               tasks.o
    0x24000144   COMPRESSED   0x00000018   Data   RW        10668    .data               heap_4_1.o
    0x2400015c   COMPRESSED   0x0000000c   Data   RW        10731    .data               port.o
    0x24000168   COMPRESSED   0x00000004   Data   RW        11482    .data               c_w.l(stdio_streams.o)
    0x2400016c   COMPRESSED   0x00000004   Data   RW        11483    .data               c_w.l(stdio_streams.o)
    0x24000170   COMPRESSED   0x00000004   Data   RW        11484    .data               c_w.l(stdio_streams.o)
    0x24000174        -       0x00000040   Zero   RW         6823    .bss                core_delay.o
    0x240001b4        -       0x000001dc   Zero   RW         6940    .bss                bsp_lcd.o
    0x24000390        -       0x00000044   Zero   RW         7216    .bss                bsp_sdram.o
    0x240003d4        -       0x0000008c   Zero   RW         7273    .bss                bsp_debug_usart.o
    0x24000460        -       0x0000003c   Zero   RW         8840    .bss                itu_lcd.o
    0x2400049c        -       0x00000e14   Zero   RW         9730    .bss                sdl_events.o
    0x240012b0        -       0x00000040   Zero   RW         9867    .bss                sdl_touch.o
    0x240012f0        -       0x000000f0   Zero   RW        10405    .bss                tasks.o
    0x240013e0        -       0x00000054   Zero   RW        11479    .bss                c_w.l(stdio_streams.o)
    0x24001434        -       0x00000054   Zero   RW        11480    .bss                c_w.l(stdio_streams.o)
    0x24001488        -       0x00000054   Zero   RW        11481    .bss                c_w.l(stdio_streams.o)
    0x240014dc        -       0x00000060   Zero   RW        11618    .bss                c_w.l(libspace.o)
    0x2400153c   COMPRESSED   0x00000004   PAD
    0x24001540        -       0x00000200   Zero   RW            2    HEAP                startup_stm32h743xx.o
    0x24001740        -       0x00000400   Zero   RW            1    STACK               startup_stm32h743xx.o



  Load Region LR$$.ARM.__AT_0xD2571104 (Base: 0xd2571104, Size: 0x00000000, Max: 0x00003c00, ABSOLUTE)

    Execution Region ER$$.ARM.__AT_0xD2571104 (Exec base: 0xd2571104, Load base: 0xd2571104, Size: 0x00003c00, Max: 0x00003c00, ABSOLUTE, UNINIT)

    Exec Addr    Load Addr    Size         Type   Attr      Idx    E Section Name        Object

    0xd2571104        -       0x00003c00   Zero   RW        10667    .ARM.__AT_0xD2571104  heap_4_1.o


==============================================================================

Image component sizes


      Code (inc. data)   RO Data    RW Data    ZI Data      Debug   Object Name

       280         24          0          0        140       1983   bsp_debug_usart.o
      1158         74          0          0          0       9527   bsp_i2c_touch.o
      2188        148      15580         44        476      17617   bsp_lcd.o
       164         14          0          0          0        970   bsp_led.o
       262          6          0          0          0       1742   bsp_mpu.o
      2660         60          0          0         68       5591   bsp_sdram.o
      2454        578       1345         41          0      21408   bsp_touch_gtxx.o
        96          0          0          0          0      12175   cmsis_os.o
       292         46          0          0         64       3198   core_delay.o
         0          0          0          0          0       7936   event_groups.o
       692         62          0         24      15360       7031   heap_4_1.o
         0          0          0          0          0       4644   itc_tree.o
         8          0          0          0          0      47620   ith_lcd.o
         0          0          0          0          0       1472   itu_action.o
       240          0          0        108          0      60561   itu_base.o
       156         20          0          0         60      44842   itu_lcd.o
     35070        480         16          8          0      58816   itu_sw.o
        46          8          0          0          0        596   itu_utility.o
       148          0          0          0          0       3290   list.o
      1030        228         64         13          0     112763   main.o
       894         78          0         12          0      10688   port.o
      1236         60          0         16       3604       9557   sdl_events.o
        12          0          0          0          0        531   sdl_systimer.o
       856         44          0          8         64       5923   sdl_touch.o
        64         26        664          0       1536        968   startup_stm32h743xx.o
        32         10          0          9          0      20562   stm32h7xx_hal.o
       478         36          0          0          0      40843   stm32h7xx_hal_cortex.o
      1048          6          0          0          0       5767   stm32h7xx_hal_dma2d.o
       548         52          0          0          0       3059   stm32h7xx_hal_gpio.o
       996          6          0          0          0       4286   stm32h7xx_hal_ltdc.o
        96          6          0          0          0        773   stm32h7xx_hal_pwr_ex.o
      3416        112          0          0          0       7297   stm32h7xx_hal_rcc.o
      4800        122          0          0          0       7799   stm32h7xx_hal_rcc_ex.o
       214          4          0          0          0       3408   stm32h7xx_hal_sdram.o
       764         40          0          0          0       7018   stm32h7xx_hal_tim.o
         6          0          0          0          0       2184   stm32h7xx_hal_tim_ex.o
      6760        142          0          0          0      10192   stm32h7xx_hal_uart.o
        36          6          0          0          0       3286   stm32h7xx_it.o
       310          4          0          0          0       4200   stm32h7xx_ll_fmc.o
       148         18         16          8          0    1300645   system_stm32h7xx.o
      1856        268          0         60        240      14885   tasks.o

    ----------------------------------------------------------------------
     71556       2788      17722        360      21612    1887653   Object Totals
         0          0         32          0          0          0   (incl. Generated)
        42          0          5          9          0          0   (incl. Padding)

    ----------------------------------------------------------------------

      Code (inc. data)   RO Data    RW Data    ZI Data      Debug   Library Member Name

        90          0          0          0          0          0   __dczerorl2.o
         8          0          0          0          0         68   __main.o
       312          4         17          0          0         92   __printf_flags_wp.o
        14          0          0          0          0         68   __printf_wp.o
         0          0          0          0          0          0   __rtentry.o
        12          0          0          0          0          0   __rtentry2.o
         6          0          0          0          0          0   __rtentry4.o
        52          8          0          0          0          0   __scatter.o
        28          0          0          0          0          0   __scatter_zi.o
         6          0          0          0          0          0   _printf_c.o
        44          0          0          0          0        108   _printf_char.o
        48          6          0          0          0         96   _printf_char_common.o
        36          4          0          0          0         80   _printf_char_file.o
         6          0          0          0          0          0   _printf_d.o
       120         16          0          0          0         92   _printf_dec.o
        88          4         40          0          0         88   _printf_hex_int.o
       178          0          0          0          0         88   _printf_intcommon.o
        78          0          0          0          0        108   _printf_pad.o
         0          0          0          0          0          0   _printf_percent.o
         4          0          0          0          0          0   _printf_percent_end.o
        82          0          0          0          0         80   _printf_str.o
         6          0          0          0          0          0   _printf_x.o
        22          0          0          0          0        100   _rserrno.o
        40          0          0          0          0         80   calloc.o
        10          0          0          0          0         68   defsig_exit.o
        50          0          0          0          0         88   defsig_general.o
        80         58          0          0          0         76   defsig_rtmem_inner.o
        14          0          0          0          0         80   defsig_rtmem_outer.o
        52         38          0          0          0         76   defsig_rtred_inner.o
        14          0          0          0          0         80   defsig_rtred_outer.o
        18          0          0          0          0         80   exit.o
        76          0          0          0          0         88   fclose.o
         8          0          0          0          0         68   ferror.o
       236          4          0          0          0        128   fopen.o
       248          6          0          0          0         84   fseek.o
        66          0          0          0          0         76   ftell.o
        94          0          0          0          0         80   h1_alloc.o
        52          0          0          0          0         68   h1_extend.o
        78          0          0          0          0         80   h1_free.o
        14          0          0          0          0         84   h1_init.o
         6          0          0          0          0        152   heapauxi.o
         4          0          0          0          0        136   hguard.o
         0          0          0          0          0          0   indicate_semi.o
       138          0          0          0          0        168   init_alloc.o
       312         46          0          0          0        112   initio.o
         2          0          0          0          0          0   libinit.o
        18          0          0          0          0          0   libinit2.o
         2          0          0          0          0          0   libshutdown.o
         6          0          0          0          0          0   libshutdown2.o
         8          4          0          0         96         68   libspace.o
       238          0          0          0          0        100   lludivv7m.o
         0          0          0          0          0          0   maybetermalloc1.o
        24          4          0          0          0         84   noretval__2printf.o
         8          4          0          0          0         68   rt_errno_addr_intlibspace.o
         8          4          0          0          0         68   rt_heap_descriptor_intlibspace.o
        68          0          0          0          0         68   rt_memclr.o
        78          0          0          0          0         80   rt_memclr_w.o
       138          0          0          0          0         68   rt_memcpy_v6.o
       100          0          0          0          0         80   rt_memcpy_w.o
         2          0          0          0          0          0   rtexit.o
        10          0          0          0          0          0   rtexit2.o
        70          0          0          0          0         80   setvbuf.o
       240          6          0          0          0        156   stdio.o
         0          0          0         12        252          0   stdio_streams.o
        62          0          0          0          0         76   strlen.o
        12          4          0          0          0         68   sys_exit.o
       102          0         12          0          0        240   sys_io.o
        74          0          0          0          0         80   sys_stackheap_outer.o
        14          0          0          0          0         76   sys_wrch.o
         2          0          0          0          0         68   use_no_semi.o
        16          4          0          0          0        116   dcheck1.o
        10          0          0          0          0        116   fpinit.o
       100          0          0          0          0        116   retnan.o
        92          0          0          0          0        116   scalbn.o
        48          0          0          0          0        116   trapv.o
         0          0          0          0          0          0   usenofp.o
       336         60          0          0          0        136   cosf.o
       110         60          0          0          0        580   dunder.o
        24          0          0          0          0        124   fabs.o
        48          0          0          0          0        124   fpclassify.o
        38          0          0          0          0        116   fpclassifyf.o
        84         28          0          0          0        696   funder.o
       112          0          0          0          0        116   poly.o
      2296        304        136          0          0        320   pow.o
      1624        130        320          0          0        400   powf.o
         0          0          8          0          0          0   qnan.o
       340         24         32          0          0        160   rredf.o
       404         60          0          0          0        212   sinf.o
       106          0          0          0          0        140   sqrt.o
        58          0          0          0          0        136   sqrtf.o

    ----------------------------------------------------------------------
     10002        890        568         12        352       8388   Library Totals
        20          0          3          0          4          0   (incl. Padding)

    ----------------------------------------------------------------------

      Code (inc. data)   RO Data    RW Data    ZI Data      Debug   Library Name

      4136        220         69         12        348       4548   c_w.l
       266          4          0          0          0        580   fz_wv.l
      5580        666        496          0          0       3260   m_wv.l

    ----------------------------------------------------------------------
     10002        890        568         12        352       8388   Library Totals

    ----------------------------------------------------------------------

==============================================================================


      Code (inc. data)   RO Data    RW Data    ZI Data      Debug   

     81558       3678      18290        372      21964    1867197   Grand Totals
     81558       3678      18290        156      21964    1867197   ELF Image Totals (compressed)
     81558       3678      18290        156          0          0   ROM Totals

==============================================================================

    Total RO  Size (Code + RO Data)                99848 (  97.51kB)
    Total RW  Size (RW Data + ZI Data)             22336 (  21.81kB)
    Total ROM Size (Code + RO Data + RW Data)     100004 (  97.66kB)

==============================================================================

