<html>
<body>
<pre>
<h1>µVision Build Log</h1>
<h2>Tool Versions:</h2>
IDE-Version: µVision V5.27.1.0
Copyright (C) 2019 ARM Ltd and ARM Germany GmbH. All rights reserved.
License Information: w Administrator, www, LIC=3UUKP-M5SDW-8X0UZ-JY3DG-4QU6T-EI03Q
 
Tool Versions:
Toolchain:       MDK-ARM Professional  Version: 5.27.1.0
Toolchain Path:  d:\Keil_v5\ARM\ARMCC\Bin
C Compiler:      Armcc.exe V5.06 update 6 (build 750)
Assembler:       Armasm.exe V5.06 update 6 (build 750)
Linker/Locator:  ArmLink.exe V5.06 update 6 (build 750)
Library Manager: ArmAr.exe V5.06 update 6 (build 750)
Hex Converter:   FromElf.exe V5.06 update 6 (build 750)
CPU DLL:         SARMCM3.DLL V5.27.1.0
Dialog DLL:      DCM.DLL V1.17.2.0
Target DLL:      CMSIS_AGDI.dll V1.31.17.0
Dialog DLL:      TCM.DLL V1.36.1.0
 
<h2>Project:</h2>
D:\itu_gui\stm32_lcd\Project\RVMDK£¨uv5£©\Fire_H750V.uvprojx
Project File Date:  09/15/2020

<h2>Output:</h2>
*** Using Compiler 'V5.06 update 6 (build 750)', folder: 'd:\Keil_v5\ARM\ARMCC\Bin'
Rebuild target 'Fire_H7'
assembling startup_stm32h743xx.s...
compiling stm32h7xx_hal_adc.c...
compiling stm32h7xx_hal_adc_ex.c...
compiling stm32h7xx_hal_cec.c...
compiling system_stm32h7xx.c...
compiling stm32h7xx_hal.c...
compiling stm32h7xx_hal_comp.c...
compiling stm32h7xx_hal_crc_ex.c...
compiling stm32h7xx_hal_crc.c...
compiling stm32h7xx_hal_cryp.c...
compiling stm32h7xx_hal_cortex.c...
compiling stm32h7xx_hal_cryp_ex.c...
compiling stm32h7xx_hal_dcmi.c...
compiling stm32h7xx_hal_dfsdm.c...
compiling stm32h7xx_hal_dac.c...
compiling stm32h7xx_hal_dac_ex.c...
compiling stm32h7xx_hal_eth.c...
compiling stm32h7xx_hal_dsi.c...
compiling stm32h7xx_hal_dma2d.c...
compiling stm32h7xx_hal_dma_ex.c...
compiling stm32h7xx_hal_dma.c...
compiling stm32h7xx_hal_eth_ex.c...
compiling stm32h7xx_hal_fdcan.c...
compiling stm32h7xx_hal_exti.c...
compiling stm32h7xx_hal_flash.c...
compiling stm32h7xx_hal_flash_ex.c...
compiling stm32h7xx_hal_hcd.c...
compiling stm32h7xx_hal_hash.c...
compiling stm32h7xx_hal_hash_ex.c...
compiling stm32h7xx_hal_gpio.c...
compiling stm32h7xx_hal_hrtim.c...
compiling stm32h7xx_hal_i2s.c...
compiling stm32h7xx_hal_i2c_ex.c...
compiling stm32h7xx_hal_i2s_ex.c...
compiling stm32h7xx_hal_hsem.c...
compiling stm32h7xx_hal_i2c.c...
compiling stm32h7xx_hal_irda.c...
compiling stm32h7xx_hal_iwdg.c...
compiling stm32h7xx_hal_lptim.c...
compiling stm32h7xx_hal_jpeg.c...
compiling stm32h7xx_hal_ltdc.c...
compiling stm32h7xx_hal_mmc.c...
compiling stm32h7xx_hal_mdios.c...
compiling stm32h7xx_hal_ltdc_ex.c...
compiling stm32h7xx_hal_mmc_ex.c...
compiling stm32h7xx_hal_mdma.c...
compiling stm32h7xx_hal_nor.c...
compiling stm32h7xx_hal_opamp_ex.c...
compiling stm32h7xx_hal_msp.c...
..\..\User\main.h(12): warning:  #1-D: last line of file ends without a newline
  #define malloc(s) pvPortMalloc((s))
..\..\Libraries\STM32H7xx_HAL_Driver\Src\stm32h7xx_hal_msp.c: 1 warning, 0 errors
compiling stm32h7xx_hal_opamp.c...
compiling stm32h7xx_hal_nand.c...
compiling stm32h7xx_hal_pcd_ex.c...
compiling stm32h7xx_hal_pwr.c...
compiling stm32h7xx_hal_qspi.c...
compiling stm32h7xx_hal_pcd.c...
compiling stm32h7xx_hal_pwr_ex.c...
compiling stm32h7xx_hal_rng.c...
compiling stm32h7xx_hal_ramecc.c...
compiling stm32h7xx_hal_rtc.c...
compiling stm32h7xx_hal_rcc.c...
compiling stm32h7xx_hal_rcc_ex.c...
compiling stm32h7xx_hal_sai.c...
compiling stm32h7xx_hal_sai_ex.c...
compiling stm32h7xx_hal_rtc_ex.c...
compiling stm32h7xx_hal_sd_ex.c...
compiling stm32h7xx_hal_sd.c...
compiling stm32h7xx_hal_smartcard.c...
compiling stm32h7xx_hal_sdram.c...
compiling stm32h7xx_hal_smartcard_ex.c...
compiling stm32h7xx_hal_spdifrx.c...
compiling stm32h7xx_hal_smbus.c...
compiling stm32h7xx_hal_sram.c...
compiling stm32h7xx_hal_spi_ex.c...
compiling stm32h7xx_hal_swpmi.c...
compiling stm32h7xx_hal_spi.c...
compiling stm32h7xx_hal_tim.c...
compiling stm32h7xx_hal_usart_ex.c...
compiling stm32h7xx_hal_usart.c...
compiling stm32h7xx_hal_uart_ex.c...
compiling stm32h7xx_ll_adc.c...
compiling stm32h7xx_ll_bdma.c...
compiling stm32h7xx_ll_comp.c...
compiling stm32h7xx_ll_crc.c...
compiling stm32h7xx_ll_dac.c...
compiling stm32h7xx_hal_tim_ex.c...
compiling stm32h7xx_ll_dma.c...
compiling stm32h7xx_ll_dma2d.c...
compiling stm32h7xx_ll_exti.c...
compiling stm32h7xx_ll_gpio.c...
compiling stm32h7xx_ll_hrtim.c...
compiling stm32h7xx_ll_i2c.c...
compiling stm32h7xx_ll_lptim.c...
compiling stm32h7xx_hal_uart.c...
compiling stm32h7xx_ll_lpuart.c...
compiling stm32h7xx_ll_mdma.c...
compiling stm32h7xx_ll_opamp.c...
compiling stm32h7xx_ll_pwr.c...
compiling stm32h7xx_ll_rcc.c...
compiling stm32h7xx_ll_rng.c...
compiling stm32h7xx_ll_rtc.c...
compiling stm32h7xx_ll_spi.c...
compiling stm32h7xx_ll_swpmi.c...
compiling stm32h7xx_ll_tim.c...
compiling stm32h7xx_ll_usart.c...
compiling stm32h7xx_hal_wwdg.c...
compiling stm32h7xx_ll_delayblock.c...
compiling stm32h7xx_ll_sdmmc.c...
compiling stm32h7xx_ll_usb.c...
compiling stm32h7xx_ll_fmc.c...
compiling bsp_led.c...
compiling bsp_mpu.c...
compiling core_delay.c...
compiling stm32h7xx_it.c...
compiling itc_tree.c...
..\..\GUI\itc.h(539): warning:  #47-D: incompatible redefinition of macro "assert"  (declared at line 72 of "d:\Keil_v5\ARM\ARMCC\Bin\..\include\assert.h")
  #define assert(x) (x)
..\..\GUI\itc_tree.c(10): warning:  #174-D: expression has no effect
  	assert(tree);
..\..\GUI\itc_tree.c(11): warning:  #174-D: expression has no effect
  	assert(node);
..\..\GUI\itc_tree.c(32): warning:  #174-D: expression has no effect
  	assert(tree);
..\..\GUI\itc_tree.c(33): warning:  #174-D: expression has no effect
  	assert(node);
..\..\GUI\itc_tree.c(59): warning:  #174-D: expression has no effect
  	assert(node);
..\..\GUI\itc_tree.c(89): warning:  #174-D: expression has no effect
  	assert(tree);
..\..\GUI\itc_tree.c(90): warning:  #174-D: expression has no effect
  	assert(index >= 0);
..\..\GUI\itc_tree.c(104): warning:  #174-D: expression has no effect
  	assert(tree);
..\..\GUI\itc_tree.c(151): warning:  #174-D: expression has no effect
  	assert(node1);
..\..\GUI\itc_tree.c(152): warning:  #174-D: expression has no effect
  	assert(node2);
..\..\GUI\itc_tree.c(153): warning:  #174-D: expression has no effect
  	assert(node1 != node2);
..\..\GUI\itc_tree.c(302): warning:  #1-D: last line of file ends without a newline
  }
..\..\GUI\itc_tree.c: 13 warnings, 0 errors
compiling ith_lcd.c...
..\..\GUI\itu.h(329): warning:  #1295-D: Deprecated declaration ituFrameFuncGetSurfWidth - give arg types
  	int ituFrameFuncGetSurfWidth();
..\..\GUI\itu.h(330): warning:  #1295-D: Deprecated declaration ituFrameFuncGetSurfHeight - give arg types
  	int ituFrameFuncGetSurfHeight();
..\..\GUI\ith_lcd.h(468): warning:  #1-D: last line of file ends without a newline
  /** @} */ // end of ith
..\..\GUI\ith_lcd.c(104): warning:  #188-D: enumerated type mixed with another type
      return 0;
..\..\GUI\ith_lcd.c(17): warning:  #177-D: variable "lcdScript"  was declared but never referenced
  static const uint32_t* lcdScript;
..\..\GUI\ith_lcd.c(18): warning:  #177-D: variable "lcdScriptCount"  was declared but never referenced
  static unsigned int lcdScriptCount, lcdScriptIndex;
..\..\GUI\ith_lcd.c(18): warning:  #177-D: variable "lcdScriptIndex"  was declared but never referenced
  static unsigned int lcdScriptCount, lcdScriptIndex;
..\..\GUI\ith_lcd.c(19): warning:  #177-D: variable "mipiHSTable"  was declared but never referenced
  static uint32_t mipiHSTable[16];
..\..\GUI\ith_lcd.c(20): warning:  #177-D: variable "mipiHSPLLFrange"  was declared but never referenced
  static uint32_t mipiHSPLLFrange[4];
..\..\GUI\ith_lcd.c(21): warning:  #177-D: variable "pinShareTable"  was declared but never referenced
  static uint32_t pinShareTable[8];
..\..\GUI\ith_lcd.c: 10 warnings, 0 errors
compiling ith_win32_sim.c...
..\..\GUI\ith_win32_sim.c(29): warning:  #177-D: function "ToMmioAddr"  was declared but never referenced
  static uint32_t ToMmioAddr(uint32_t addr)
..\..\GUI\ith_win32_sim.c: 1 warning, 0 errors
compiling itp_posix_win32.c...
..\..\GUI\itu.h(329): warning:  #1295-D: Deprecated declaration ituFrameFuncGetSurfWidth - give arg types
  	int ituFrameFuncGetSurfWidth();
..\..\GUI\itu.h(330): warning:  #1295-D: Deprecated declaration ituFrameFuncGetSurfHeight - give arg types
  	int ituFrameFuncGetSurfHeight();
..\..\GUI\itp_posix_win32.c(20): warning:  #1-D: last line of file ends without a newline
  }
..\..\GUI\itp_posix_win32.c: 3 warnings, 0 errors
compiling itu_action.c...
..\..\GUI\itc.h(539): warning:  #47-D: incompatible redefinition of macro "assert"  (declared at line 72 of "d:\Keil_v5\ARM\ARMCC\Bin\..\include\assert.h")
  #define assert(x) (x)
..\..\GUI\itu.h(329): warning:  #1295-D: Deprecated declaration ituFrameFuncGetSurfWidth - give arg types
  	int ituFrameFuncGetSurfWidth();
..\..\GUI\itu.h(330): warning:  #1295-D: Deprecated declaration ituFrameFuncGetSurfHeight - give arg types
  	int ituFrameFuncGetSurfHeight();
..\..\GUI\itu_private.h(15): warning:  #1-D: last line of file ends without a newline
  #endif // ITU_PRIVATE_H
..\..\GUI\itu_action.c(13): warning:  #174-D: expression has no effect
      assert(actions);
..\..\GUI\itu_action.c(64): warning:  #174-D: expression has no effect
                  LOG_ERR "Out of delay queue: %d\n", ITU_ACTION_QUEUE_SIZE LOG_END
..\..\GUI\itu_action.c(95): warning:  #174-D: expression has no effect
                  LOG_ERR "Out of delay queue: %d\n", ITU_ACTION_QUEUE_SIZE LOG_END
..\..\GUI\itu_action.c(178): warning:  #174-D: expression has no effect
                  LOG_ERR "Out of action queue: %d\n", ituScene->actionQueueLen LOG_END
..\..\GUI\itu_action.c(423): warning:  #174-D: expression has no effect
      assert(actions);
..\..\GUI\itu_action.c: 9 warnings, 0 errors
compiling itu_background.c...
..\..\GUI\itc.h(539): warning:  #47-D: incompatible redefinition of macro "assert"  (declared at line 72 of "d:\Keil_v5\ARM\ARMCC\Bin\..\include\assert.h")
  #define assert(x) (x)
..\..\GUI\itu.h(329): warning:  #1295-D: Deprecated declaration ituFrameFuncGetSurfWidth - give arg types
  	int ituFrameFuncGetSurfWidth();
..\..\GUI\itu.h(330): warning:  #1295-D: Deprecated declaration ituFrameFuncGetSurfHeight - give arg types
  	int ituFrameFuncGetSurfHeight();
..\..\GUI\itu_private.h(15): warning:  #1-D: last line of file ends without a newline
  #endif // ITU_PRIVATE_H
..\..\GUI\itu_background.c(26): warning:  #174-D: expression has no effect
      assert(bg);
..\..\GUI\itu_background.c(27): warning:  #174-D: expression has no effect
      assert(dest);
..\..\GUI\itu_background.c(397): warning:  #174-D: expression has no effect
              assert(widget->flags & ITU_STRETCH);
..\..\GUI\itu_background.c(425): warning:  #174-D: expression has no effect
                      assert(widget->angle == 0);
..\..\GUI\itu_background.c(516): warning:  #174-D: expression has no effect
      assert(bg);
..\..\GUI\itu_background.c(531): warning:  #174-D: expression has no effect
      assert(bg);
..\..\GUI\itu_background.c: 10 warnings, 0 errors
compiling main.c...
..\..\User\main.h(12): warning:  #1-D: last line of file ends without a newline
  #define malloc(s) pvPortMalloc((s))
..\..\GUI\itu.h(329): warning:  #1295-D: Deprecated declaration ituFrameFuncGetSurfWidth - give arg types
  	int ituFrameFuncGetSurfWidth();
..\..\GUI\itu.h(330): warning:  #1295-D: Deprecated declaration ituFrameFuncGetSurfHeight - give arg types
  	int ituFrameFuncGetSurfHeight();
..\..\User\main.c(94): warning:  #14-D: extra text after expected end of preprocessing directive
  #undef ADD_WIDGET(W,H,X,Y,R,G,B)
..\..\User\main.c(72): warning:  #177-D: variable "btn1"  was declared but never referenced
  	ITUButton* btn1 = NULL;
..\..\User\main.c: 5 warnings, 0 errors
compiling itu_base.c...
..\..\GUI\itu.h(329): warning:  #1295-D: Deprecated declaration ituFrameFuncGetSurfWidth - give arg types
  	int ituFrameFuncGetSurfWidth();
..\..\GUI\itu.h(330): warning:  #1295-D: Deprecated declaration ituFrameFuncGetSurfHeight - give arg types
  	int ituFrameFuncGetSurfHeight();
..\..\GUI\ith_lcd.h(468): warning:  #1-D: last line of file ends without a newline
  /** @} */ // end of ith
..\..\GUI\itu_base.c(154): warning:  #144-D: a value of type "void (*)(ITUSurface *, int, int, ITUSurface *, int, int, int, int, int, int, int, int, int, int, int, int, _Bool, ITUPageFlowType)" cannot be used to initialize an entity of type "void (*)(ITUSurface *, int, int, ITUSurface *, int, int, int, int, int, int, int, int, int, int, int, int, _Bool, ITUPageFlowType, ITUTransformType)"
  void(*ituTransformBlt)(ITUSurface* dest, int dx, int dy, ITUSurface* src, int sx, int sy, int sw, int sh, int x0, int y0, int x1, int y1, int x2, int y2, int x3, int y3, bool bInverse, ITUPageFlowType type, ITUTransformType transformType) = TransformBltDefault;
..\..\GUI\itu_base.c: 4 warnings, 0 errors
compiling itu_button.c...
..\..\GUI\itc.h(539): warning:  #47-D: incompatible redefinition of macro "assert"  (declared at line 72 of "d:\Keil_v5\ARM\ARMCC\Bin\..\include\assert.h")
  #define assert(x) (x)
..\..\GUI\itu.h(329): warning:  #1295-D: Deprecated declaration ituFrameFuncGetSurfWidth - give arg types
  	int ituFrameFuncGetSurfWidth();
..\..\GUI\itu.h(330): warning:  #1295-D: Deprecated declaration ituFrameFuncGetSurfHeight - give arg types
  	int ituFrameFuncGetSurfHeight();
..\..\GUI\itu_private.h(15): warning:  #1-D: last line of file ends without a newline
  #endif // ITU_PRIVATE_H
..\..\GUI\itu_button.c(20): warning:  #174-D: expression has no effect
      assert(widget);
..\..\GUI\itu_button.c(40): warning:  #940-D: missing return statement at end of non-void function "ituButtonClone" 
  }
..\..\GUI\itu_button.c(51): warning:  #174-D: expression has no effect
      assert(btn);
..\..\GUI\itu_button.c(72): warning:  #223-D: function "itpGetTickCount" declared implicitly
                      btn->mouseUpDelayCount = itpGetTickCount();
..\..\GUI\itu_button.c(75): warning:  #223-D: function "itpGetTickCount" declared implicitly
                      btn->mouseLongPressDelayCount = itpGetTickCount();
..\..\GUI\itu_button.c(261): warning:  #223-D: function "itpGetTickDuration" declared implicitly
                          if (itpGetTickDuration(btn->mouseUpDelayCount) >= btn->mouseUpDelay)
..\..\GUI\itu_button.c(267): warning:  #223-D: function "itpGetTickDuration" declared implicitly
                          if (itpGetTickDuration(btn->mouseLongPressDelayCount) >= btn->mouseLongPressDelay)
..\..\GUI\itu_button.c(380): warning:  #174-D: expression has no effect
      assert(btn);
..\..\GUI\itu_button.c(381): warning:  #174-D: expression has no effect
      assert(dest);
..\..\GUI\itu_button.c(517): warning:  #174-D: expression has no effect
      assert(button);
..\..\GUI\itu_button.c(561): warning:  #174-D: expression has no effect
      assert(btn);
..\..\GUI\itu_button.c(584): warning:  #174-D: expression has no effect
      assert(btn);
..\..\GUI\itu_button.c(665): warning:  #174-D: expression has no effect
      assert(btn);
..\..\GUI\itu_button.c(689): warning:  #174-D: expression has no effect
      assert(btn);
..\..\GUI\itu_button.c(769): warning:  #174-D: expression has no effect
      assert(btn);
..\..\GUI\itu_button.c: 19 warnings, 0 errors
compiling itu_clipper.c...
..\..\GUI\itc.h(539): warning:  #47-D: incompatible redefinition of macro "assert"  (declared at line 72 of "d:\Keil_v5\ARM\ARMCC\Bin\..\include\assert.h")
  #define assert(x) (x)
..\..\GUI\itu.h(329): warning:  #1295-D: Deprecated declaration ituFrameFuncGetSurfWidth - give arg types
  	int ituFrameFuncGetSurfWidth();
..\..\GUI\itu.h(330): warning:  #1295-D: Deprecated declaration ituFrameFuncGetSurfHeight - give arg types
  	int ituFrameFuncGetSurfHeight();
..\..\GUI\itu_private.h(15): warning:  #1-D: last line of file ends without a newline
  #endif // ITU_PRIVATE_H
..\..\GUI\itu_clipper.c(12): warning:  #174-D: expression has no effect
      assert(clipper);
..\..\GUI\itu_clipper.c(28): warning:  #174-D: expression has no effect
      assert(widget);
..\..\GUI\itu_clipper.c(29): warning:  #174-D: expression has no effect
      assert(cloned);
..\..\GUI\itu_clipper.c(34): warning:  #223-D: function "malloc" declared implicitly
          ITUWidget* newWidget = (ITUWidget*)malloc(sizeof(ITUBlur));
..\..\GUI\itu_clipper.c(38): warning:  #223-D: function "memcpy" declared implicitly
          memcpy(newWidget, widget, sizeof(ITUBlur));
..\..\GUI\itu_clipper.c(26): warning:  #177-D: variable "clipper"  was declared but never referenced
      ITUBlur* clipper = (ITUBlur*)widget;
..\..\GUI\itu_clipper.c(53): warning:  #174-D: expression has no effect
      assert(clipper);
..\..\GUI\itu_clipper.c(79): warning:  #174-D: expression has no effect
      assert(clipper);
..\..\GUI\itu_clipper.c(80): warning:  #174-D: expression has no effect
      assert(dest);
..\..\GUI\itu_clipper.c(77): warning:  #177-D: variable "rect"  was declared but never referenced
      ITURectangle* rect = (ITURectangle*) &widget->rect;
..\..\GUI\itu_clipper.c(103): warning:  #174-D: expression has no effect
          assert(clipper);
..\..\GUI\itu_clipper.c(104): warning:  #174-D: expression has no effect
          assert(dest);
..\..\GUI\itu_clipper.c(142): warning:  #174-D: expression has no effect
      assert(clipper);
..\..\GUI\itu_clipper.c(145): warning:  #223-D: function "memset" declared implicitly
      memset(clipper, 0, sizeof (ITUClipper));
..\..\GUI\itu_clipper.c(157): warning:  #174-D: expression has no effect
      assert(clipper);
..\..\GUI\itu_clipper.c: 19 warnings, 0 errors
compiling itu_effect.c...
..\..\GUI\itc.h(539): warning:  #47-D: incompatible redefinition of macro "assert"  (declared at line 72 of "d:\Keil_v5\ARM\ARMCC\Bin\..\include\assert.h")
  #define assert(x) (x)
..\..\GUI\itu.h(329): warning:  #1295-D: Deprecated declaration ituFrameFuncGetSurfWidth - give arg types
  	int ituFrameFuncGetSurfWidth();
..\..\GUI\itu.h(330): warning:  #1295-D: Deprecated declaration ituFrameFuncGetSurfHeight - give arg types
  	int ituFrameFuncGetSurfHeight();
..\..\GUI\itu_private.h(15): warning:  #1-D: last line of file ends without a newline
  #endif // ITU_PRIVATE_H
..\..\GUI\itu_effect.c(14): warning:  #174-D: expression has no effect
      assert(effect);
..\..\GUI\itu_effect.c(15): warning:  #174-D: expression has no effect
      assert(widget);
..\..\GUI\itu_effect.c(25): warning:  #174-D: expression has no effect
      assert(effect);
..\..\GUI\itu_effect.c(26): warning:  #174-D: expression has no effect
      assert(widget);
..\..\GUI\itu_effect.c(34): warning:  #174-D: expression has no effect
      assert(effect);
..\..\GUI\itu_effect.c(35): warning:  #174-D: expression has no effect
      assert(widget);
..\..\GUI\itu_effect.c(43): warning:  #174-D: expression has no effect
      assert(effect);
..\..\GUI\itu_effect.c: 11 warnings, 0 errors
compiling itu_fadeeffect.c...
..\..\GUI\itc.h(539): warning:  #47-D: incompatible redefinition of macro "assert"  (declared at line 72 of "d:\Keil_v5\ARM\ARMCC\Bin\..\include\assert.h")
  #define assert(x) (x)
..\..\GUI\itu.h(329): warning:  #1295-D: Deprecated declaration ituFrameFuncGetSurfWidth - give arg types
  	int ituFrameFuncGetSurfWidth();
..\..\GUI\itu.h(330): warning:  #1295-D: Deprecated declaration ituFrameFuncGetSurfHeight - give arg types
  	int ituFrameFuncGetSurfHeight();
..\..\GUI\itu_private.h(15): warning:  #1-D: last line of file ends without a newline
  #endif // ITU_PRIVATE_H
..\..\GUI\itu_fadeeffect.c(39): warning:  #174-D: expression has no effect
      assert(effect);
..\..\GUI\itu_fadeeffect.c(40): warning:  #174-D: expression has no effect
      assert(widget);
..\..\GUI\itu_fadeeffect.c(55): warning:  #174-D: expression has no effect
      assert(effect);
..\..\GUI\itu_fadeeffect.c(56): warning:  #174-D: expression has no effect
      assert(widget);
..\..\GUI\itu_fadeeffect.c(67): warning:  #174-D: expression has no effect
      assert(effect);
..\..\GUI\itu_fadeeffect.c(68): warning:  #174-D: expression has no effect
      assert(widget);
..\..\GUI\itu_fadeeffect.c(78): warning:  #174-D: expression has no effect
      assert(fe);
..\..\GUI\itu_fadeeffect.c: 11 warnings, 0 errors
compiling itu_layer.c...
..\..\GUI\itc.h(539): warning:  #47-D: incompatible redefinition of macro "assert"  (declared at line 72 of "d:\Keil_v5\ARM\ARMCC\Bin\..\include\assert.h")
  #define assert(x) (x)
..\..\GUI\itu.h(329): warning:  #1295-D: Deprecated declaration ituFrameFuncGetSurfWidth - give arg types
  	int ituFrameFuncGetSurfWidth();
..\..\GUI\itu.h(330): warning:  #1295-D: Deprecated declaration ituFrameFuncGetSurfHeight - give arg types
  	int ituFrameFuncGetSurfHeight();
..\..\GUI\ith_utility.h(364): warning:  #1-D: last line of file ends without a newline
  /** @} */ // end of ith
..\..\GUI\itu_private.h(15): warning:  #1-D: last line of file ends without a newline
  #endif // ITU_PRIVATE_H
..\..\GUI\itu_layer.c(16): warning:  #174-D: expression has no effect
      assert(widget);
..\..\GUI\itu_layer.c(30): warning:  #174-D: expression has no effect
      assert(widget);
..\..\GUI\itu_layer.c(31): warning:  #174-D: expression has no effect
      assert(cloned);
..\..\GUI\itu_layer.c(52): warning:  #174-D: expression has no effect
      assert(layer);
..\..\GUI\itu_layer.c(58): warning:  #174-D: expression has no effect
  		assert(ituScene);
..\..\GUI\itu_layer.c(142): warning:  #174-D: expression has no effect
      assert(layer);
..\..\GUI\itu_layer.c(202): warning:  #174-D: expression has no effect
      assert(layer);
..\..\GUI\itu_layer.c(219): warning:  #174-D: expression has no effect
      assert(layer);
..\..\GUI\itu_layer.c(243): warning:  #174-D: expression has no effect
      assert(ituScene);
..\..\GUI\itu_layer.c(277): warning:  #174-D: expression has no effect
      assert(ituScene);
..\..\GUI\itu_layer.c(305): warning:  #188-D: enumerated type mixed with another type
  							effect = atoi((char *)strtok_r(buf, " ", &saveptr));
..\..\GUI\itu_layer.c(302): warning:  #550-D: variable "effect"  was set but never used
                              ITUEffectType effect;
..\..\GUI\itu_layer.c(379): warning:  #174-D: expression has no effect
      assert(ituScene);
..\..\GUI\itu_layer.c(378): warning:  #177-D: variable "leaveLayer"  was declared but never referenced
      ITULayer* leaveLayer = NULL;
..\..\GUI\itu_layer.c(393): warning:  #174-D: expression has no effect
      assert(ituScene);
..\..\GUI\itu_layer.c(392): warning:  #177-D: variable "leaveLayer"  was declared but never referenced
      ITULayer* leaveLayer = NULL;
..\..\GUI\itu_layer.c: 21 warnings, 0 errors
compiling itu_icon.c...
..\..\GUI\itc.h(539): warning:  #47-D: incompatible redefinition of macro "assert"  (declared at line 72 of "d:\Keil_v5\ARM\ARMCC\Bin\..\include\assert.h")
  #define assert(x) (x)
..\..\GUI\itu.h(329): warning:  #1295-D: Deprecated declaration ituFrameFuncGetSurfWidth - give arg types
  	int ituFrameFuncGetSurfWidth();
..\..\GUI\itu.h(330): warning:  #1295-D: Deprecated declaration ituFrameFuncGetSurfHeight - give arg types
  	int ituFrameFuncGetSurfHeight();
..\..\GUI\itu_private.h(15): warning:  #1-D: last line of file ends without a newline
  #endif // ITU_PRIVATE_H
..\..\GUI\itu_icon.c(16): warning:  #174-D: expression has no effect
      assert(widget);
..\..\GUI\itu_icon.c(21): warning:  #223-D: function "free" declared implicitly
          free(icon->filePath);
..\..\GUI\itu_icon.c(46): warning:  #174-D: expression has no effect
      assert(widget);
..\..\GUI\itu_icon.c(47): warning:  #174-D: expression has no effect
      assert(cloned);
..\..\GUI\itu_icon.c(52): warning:  #223-D: function "malloc" declared implicitly
          ITUWidget* newWidget = (ITUWidget* )malloc(sizeof(ITUIcon));
..\..\GUI\itu_icon.c(117): warning:  #174-D: expression has no effect
  	assert(icon);
..\..\GUI\itu_icon.c(118): warning:  #174-D: expression has no effect
  	assert(dest);
..\..\GUI\itu_icon.c(670): warning:  #174-D: expression has no effect
      assert(icon);
..\..\GUI\itu_icon.c(690): warning:  #177-D: variable "rect"  was declared but never referenced
      ITURectangle* rect = &widget->rect;
..\..\GUI\itu_icon.c(691): warning:  #177-D: variable "surf"  was declared but never referenced
      ITUSurface* surf;
..\..\GUI\itu_icon.c(701): warning:  #940-D: missing return statement at end of non-void function "IconLoadJpegFileTask" 
  }
..\..\GUI\itu_icon.c(711): warning:  #177-D: variable "rect"  was declared but never referenced
      ITURectangle* rect = &widget->rect;
..\..\GUI\itu_icon.c(712): warning:  #177-D: variable "surf"  was declared but never referenced
      ITUSurface* surf;
..\..\GUI\itu_icon.c(763): warning:  #1-D: last line of file ends without a newline
  }
..\..\GUI\itu_icon.c(75): warning:  #177-D: function "IconLoadExternalData"  was declared but never referenced
  static void IconLoadExternalData(ITUIcon* icon, ITULayer* layer)
..\..\GUI\itu_icon.c(98): warning:  #177-D: function "IconLoadImage"  was declared but never referenced
  static void IconLoadImage(ITUIcon* icon, char* path)
..\..\GUI\itu_icon.c(698): warning:  #177-D: function "IconLoadJpegFileTask"  was declared but never referenced
  static void* IconLoadJpegFileTask(void* arg)
..\..\GUI\itu_icon.c(719): warning:  #177-D: function "IconLoadPngFileTask"  was declared but never referenced
  static void* IconLoadPngFileTask(void* arg)
..\..\GUI\itu_icon.c: 22 warnings, 0 errors
compiling itu_lcd.c...
..\..\GUI\itu.h(329): warning:  #1295-D: Deprecated declaration ituFrameFuncGetSurfWidth - give arg types
  	int ituFrameFuncGetSurfWidth();
..\..\GUI\itu.h(330): warning:  #1295-D: Deprecated declaration ituFrameFuncGetSurfHeight - give arg types
  	int ituFrameFuncGetSurfHeight();
..\..\GUI\ith_lcd.h(468): warning:  #1-D: last line of file ends without a newline
  /** @} */ // end of ith
..\..\GUI\itu_private.h(15): warning:  #1-D: last line of file ends without a newline
  #endif // ITU_PRIVATE_H
..\..\GUI\itu_lcd.c: 4 warnings, 0 errors
compiling itu_meter.c...
..\..\GUI\itc.h(539): warning:  #47-D: incompatible redefinition of macro "assert"  (declared at line 72 of "d:\Keil_v5\ARM\ARMCC\Bin\..\include\assert.h")
  #define assert(x) (x)
..\..\GUI\itu.h(329): warning:  #1295-D: Deprecated declaration ituFrameFuncGetSurfWidth - give arg types
  	int ituFrameFuncGetSurfWidth();
..\..\GUI\itu.h(330): warning:  #1295-D: Deprecated declaration ituFrameFuncGetSurfHeight - give arg types
  	int ituFrameFuncGetSurfHeight();
..\..\GUI\itu_meter.c(13): warning:  #174-D: expression has no effect
      assert(widget);
..\..\GUI\itu_meter.c(12): warning:  #177-D: variable "meter"  was declared but never referenced
      ITUMeter* meter = (ITUMeter*) widget;
..\..\GUI\itu_meter.c(21): warning:  #174-D: expression has no effect
      assert(meter);
..\..\GUI\itu_meter.c(50): warning:  #1035-D: single-precision operand implicitly converted to double-precision
                          angle = atan2f(det, dot) * (float)(180.0f / M_PI);
..\..\GUI\itu_meter.c(166): warning:  #177-D: variable "print_debug"  was declared but never referenced
  			bool print_debug = false;
..\..\GUI\itu_meter.c(298): warning:  #174-D: expression has no effect
      assert(meter);
..\..\GUI\itu_meter.c(314): warning:  #174-D: expression has no effect
      assert(meter);
..\..\GUI\itu_meter.c(330): warning:  #174-D: expression has no effect
      assert(meter);
..\..\GUI\itu_meter.c(338): warning:  #174-D: expression has no effect
          LOG_WARN "incorrect value: %d\n", value LOG_END
..\..\GUI\itu_meter.c: 12 warnings, 0 errors
compiling itu_scaleeffect.c...
..\..\GUI\itc.h(539): warning:  #47-D: incompatible redefinition of macro "assert"  (declared at line 72 of "d:\Keil_v5\ARM\ARMCC\Bin\..\include\assert.h")
  #define assert(x) (x)
..\..\GUI\itu.h(329): warning:  #1295-D: Deprecated declaration ituFrameFuncGetSurfWidth - give arg types
  	int ituFrameFuncGetSurfWidth();
..\..\GUI\itu.h(330): warning:  #1295-D: Deprecated declaration ituFrameFuncGetSurfHeight - give arg types
  	int ituFrameFuncGetSurfHeight();
..\..\GUI\itu_private.h(15): warning:  #1-D: last line of file ends without a newline
  #endif // ITU_PRIVATE_H
..\..\GUI\itu_scaleeffect.c(11): warning:  #174-D: expression has no effect
      assert(effect);
..\..\GUI\itu_scaleeffect.c(12): warning:  #174-D: expression has no effect
      assert(widget);
..\..\GUI\itu_scaleeffect.c(38): warning:  #174-D: expression has no effect
      assert(effect);
..\..\GUI\itu_scaleeffect.c(39): warning:  #174-D: expression has no effect
      assert(widget);
..\..\GUI\itu_scaleeffect.c(54): warning:  #174-D: expression has no effect
      assert(effect);
..\..\GUI\itu_scaleeffect.c(55): warning:  #174-D: expression has no effect
      assert(widget);
..\..\GUI\itu_scaleeffect.c(69): warning:  #174-D: expression has no effect
      assert(se);
..\..\GUI\itu_scaleeffect.c: 11 warnings, 0 errors
compiling itu_scalefadeeffect.c...
..\..\GUI\itc.h(539): warning:  #47-D: incompatible redefinition of macro "assert"  (declared at line 72 of "d:\Keil_v5\ARM\ARMCC\Bin\..\include\assert.h")
  #define assert(x) (x)
..\..\GUI\itu.h(329): warning:  #1295-D: Deprecated declaration ituFrameFuncGetSurfWidth - give arg types
  	int ituFrameFuncGetSurfWidth();
..\..\GUI\itu.h(330): warning:  #1295-D: Deprecated declaration ituFrameFuncGetSurfHeight - give arg types
  	int ituFrameFuncGetSurfHeight();
..\..\GUI\itu_private.h(15): warning:  #1-D: last line of file ends without a newline
  #endif // ITU_PRIVATE_H
..\..\GUI\itu_scalefadeeffect.c(10): warning:  #174-D: expression has no effect
      assert(effect);
..\..\GUI\itu_scalefadeeffect.c(11): warning:  #174-D: expression has no effect
      assert(widget);
..\..\GUI\itu_scalefadeeffect.c(24): warning:  #174-D: expression has no effect
      assert(effect);
..\..\GUI\itu_scalefadeeffect.c(25): warning:  #174-D: expression has no effect
      assert(widget);
..\..\GUI\itu_scalefadeeffect.c(36): warning:  #174-D: expression has no effect
      assert(effect);
..\..\GUI\itu_scalefadeeffect.c(37): warning:  #174-D: expression has no effect
      assert(widget);
..\..\GUI\itu_scalefadeeffect.c(47): warning:  #174-D: expression has no effect
      assert(sfe);
..\..\GUI\itu_scalefadeeffect.c: 11 warnings, 0 errors
compiling itu_scene.c...
..\..\GUI\itc.h(539): warning:  #47-D: incompatible redefinition of macro "assert"  (declared at line 72 of "d:\Keil_v5\ARM\ARMCC\Bin\..\include\assert.h")
  #define assert(x) (x)
..\..\GUI\itu.h(329): warning:  #1295-D: Deprecated declaration ituFrameFuncGetSurfWidth - give arg types
  	int ituFrameFuncGetSurfWidth();
..\..\GUI\itu.h(330): warning:  #1295-D: Deprecated declaration ituFrameFuncGetSurfHeight - give arg types
  	int ituFrameFuncGetSurfHeight();
..\..\GUI\itu_scene.c(13): warning:  #174-D: expression has no effect
      assert(scene);
..\..\GUI\itu_scene.c(25): warning:  #174-D: expression has no effect
      assert(scene);
..\..\GUI\itu_scene.c(35): warning:  #223-D: function "free" declared implicitly
          free(scene->buffer);
..\..\GUI\itu_scene.c(46): warning:  #174-D: expression has no effect
      assert(scene);
..\..\GUI\itu_scene.c(47): warning:  #174-D: expression has no effect
      assert(scene->root);
..\..\GUI\itu_scene.c(71): warning:  #550-D: variable "x"  was set but never used
              int x, y;
..\..\GUI\itu_scene.c(71): warning:  #550-D: variable "y"  was set but never used
              int x, y;
..\..\GUI\itu_scene.c(275): warning:  #174-D: expression has no effect
      assert(scene);
..\..\GUI\itu_scene.c(276): warning:  #174-D: expression has no effect
      assert(scene->root);
..\..\GUI\itu_scene.c(277): warning:  #174-D: expression has no effect
      assert(dest);
..\..\GUI\itu_scene.c(320): warning:  #174-D: expression has no effect
      assert(scene);
..\..\GUI\itu_scene.c(344): warning:  #174-D: expression has no effect
      assert(scene);
..\..\GUI\itu_scene.c(351): warning:  #174-D: expression has no effect
      assert(scene);
..\..\GUI\itu_scene.c(358): warning:  #174-D: expression has no effect
      assert(scene);
..\..\GUI\itu_scene.c(359): warning:  #174-D: expression has no effect
      assert(name);
..\..\GUI\itu_scene.c(379): warning:  #174-D: expression has no effect
      assert(scene);
..\..\GUI\itu_scene.c(380): warning:  #174-D: expression has no effect
      assert(name);
..\..\GUI\itu_scene.c(416): warning:  #174-D: expression has no effect
      assert(widget);
..\..\GUI\itu_scene.c(504): warning:  #174-D: expression has no effect
      assert(widget);
..\..\GUI\itu_scene.c(592): warning:  #174-D: expression has no effect
      assert(scene);
..\..\GUI\itu_scene.c(593): warning:  #174-D: expression has no effect
      assert(func);
..\..\GUI\itu_scene.c: 24 warnings, 0 errors
compiling itu_scrolleffect.c...
..\..\GUI\itc.h(539): warning:  #47-D: incompatible redefinition of macro "assert"  (declared at line 72 of "d:\Keil_v5\ARM\ARMCC\Bin\..\include\assert.h")
  #define assert(x) (x)
..\..\GUI\itu.h(329): warning:  #1295-D: Deprecated declaration ituFrameFuncGetSurfWidth - give arg types
  	int ituFrameFuncGetSurfWidth();
..\..\GUI\itu.h(330): warning:  #1295-D: Deprecated declaration ituFrameFuncGetSurfHeight - give arg types
  	int ituFrameFuncGetSurfHeight();
..\..\GUI\itu_scrolleffect.c(9): warning:  #174-D: expression has no effect
      assert(effect);
..\..\GUI\itu_scrolleffect.c(10): warning:  #174-D: expression has no effect
      assert(widget);
..\..\GUI\itu_scrolleffect.c(52): warning:  #174-D: expression has no effect
      assert(effect);
..\..\GUI\itu_scrolleffect.c(53): warning:  #174-D: expression has no effect
      assert(widget);
..\..\GUI\itu_scrolleffect.c(66): warning:  #174-D: expression has no effect
      assert(effect);
..\..\GUI\itu_scrolleffect.c(67): warning:  #174-D: expression has no effect
      assert(widget);
..\..\GUI\itu_scrolleffect.c(79): warning:  #174-D: expression has no effect
      assert(se);
..\..\GUI\itu_scrolleffect.c: 10 warnings, 0 errors
compiling itu_scrollfadeeffect.c...
..\..\GUI\itc.h(539): warning:  #47-D: incompatible redefinition of macro "assert"  (declared at line 72 of "d:\Keil_v5\ARM\ARMCC\Bin\..\include\assert.h")
  #define assert(x) (x)
..\..\GUI\itu.h(329): warning:  #1295-D: Deprecated declaration ituFrameFuncGetSurfWidth - give arg types
  	int ituFrameFuncGetSurfWidth();
..\..\GUI\itu.h(330): warning:  #1295-D: Deprecated declaration ituFrameFuncGetSurfHeight - give arg types
  	int ituFrameFuncGetSurfHeight();
..\..\GUI\itu_scrollfadeeffect.c(9): warning:  #174-D: expression has no effect
      assert(effect);
..\..\GUI\itu_scrollfadeeffect.c(10): warning:  #174-D: expression has no effect
      assert(widget);
..\..\GUI\itu_scrollfadeeffect.c(23): warning:  #174-D: expression has no effect
      assert(effect);
..\..\GUI\itu_scrollfadeeffect.c(24): warning:  #174-D: expression has no effect
      assert(widget);
..\..\GUI\itu_scrollfadeeffect.c(35): warning:  #174-D: expression has no effect
      assert(effect);
..\..\GUI\itu_scrollfadeeffect.c(36): warning:  #174-D: expression has no effect
      assert(widget);
..\..\GUI\itu_scrollfadeeffect.c(46): warning:  #174-D: expression has no effect
      assert(sfe);
..\..\GUI\itu_scrollfadeeffect.c: 10 warnings, 0 errors
compiling itu_surface.c...
..\..\GUI\itu.h(329): warning:  #1295-D: Deprecated declaration ituFrameFuncGetSurfWidth - give arg types
  	int ituFrameFuncGetSurfWidth();
..\..\GUI\itu.h(330): warning:  #1295-D: Deprecated declaration ituFrameFuncGetSurfHeight - give arg types
  	int ituFrameFuncGetSurfHeight();
..\..\GUI\itu_surface.c(4): warning:  #47-D: incompatible redefinition of macro "assert"  (declared at line 72 of "d:\Keil_v5\ARM\ARMCC\Bin\..\include\assert.h")
  #define assert(x) (x)
..\..\GUI\itu_surface.c(24): warning:  #174-D: expression has no effect
  		assert(parentSurf->flags & ITU_COMPRESSED);
..\..\GUI\itu_surface.c(25): warning:  #174-D: expression has no effect
  		assert(parentSurf->lockSize);
..\..\GUI\itu_surface.c(40): warning:  #1-D: last line of file ends without a newline
  }
..\..\GUI\itu_surface.c: 6 warnings, 0 errors
compiling itu_utility.c...
..\..\GUI\itc.h(539): warning:  #47-D: incompatible redefinition of macro "assert"  (declared at line 72 of "d:\Keil_v5\ARM\ARMCC\Bin\..\include\assert.h")
  #define assert(x) (x)
..\..\GUI\itu.h(329): warning:  #1295-D: Deprecated declaration ituFrameFuncGetSurfWidth - give arg types
  	int ituFrameFuncGetSurfWidth();
..\..\GUI\itu.h(330): warning:  #1295-D: Deprecated declaration ituFrameFuncGetSurfHeight - give arg types
  	int ituFrameFuncGetSurfHeight();
..\..\GUI\itu_private.h(15): warning:  #1-D: last line of file ends without a newline
  #endif // ITU_PRIVATE_H
..\..\GUI\ith_utility.h(364): warning:  #1-D: last line of file ends without a newline
  /** @} */ // end of ith
..\..\GUI\ith_vram.h(205): warning:  #1-D: last line of file ends without a newline
  /** @} */ // end of ith
..\..\GUI\ith_lcd.h(468): warning:  #1-D: last line of file ends without a newline
  /** @} */ // end of ith
..\..\GUI\itu_utility.c(20): warning:  #111-D: statement is unreachable
          break;
..\..\GUI\itu_utility.c(24): warning:  #111-D: statement is unreachable
          break;
..\..\GUI\itu_utility.c(29): warning:  #111-D: statement is unreachable
          break;
..\..\GUI\itu_utility.c(33): warning:  #111-D: statement is unreachable
          break;
..\..\GUI\itu_utility.c(42): warning:  #174-D: expression has no effect
      assert(ituScene);
..\..\GUI\itu_utility.c(385): warning:  #177-D: variable "var"  was declared but never referenced
      ITUVariable *var;
..\..\GUI\itu_utility.c(412): warning:  #174-D: expression has no effect
      assert( index >= 0);
..\..\GUI\itu_utility.c(413): warning:  #174-D: expression has no effect
      assert( index < ITU_VARIABLE_SIZE);
..\..\GUI\itu_utility.c(416): warning:  #174-D: expression has no effect
          LOG_ERR "incorrect index: %d\n", index LOG_END
..\..\GUI\itu_utility.c(433): warning:  #174-D: expression has no effect
      assert( index >= 0);
..\..\GUI\itu_utility.c(434): warning:  #174-D: expression has no effect
      assert( index < ITU_VARIABLE_SIZE);
..\..\GUI\itu_utility.c(437): warning:  #174-D: expression has no effect
          LOG_ERR "incorrect index: %d\n", index LOG_END
..\..\GUI\itu_utility.c(451): warning:  #174-D: expression has no effect
      assert(ituScene);
..\..\GUI\itu_utility.c(472): warning:  #174-D: expression has no effect
      assert(surf);
..\..\GUI\itu_utility.c(473): warning:  #174-D: expression has no effect
      assert(prevClip);
..\..\GUI\itu_utility.c: 22 warnings, 0 errors
compiling itu_widget.c...
..\..\GUI\itu_private.h(15): warning:  #1-D: last line of file ends without a newline
  #endif // ITU_PRIVATE_H
..\..\GUI\itc.h(539): warning:  #47-D: incompatible redefinition of macro "assert"  (declared at line 72 of "d:\Keil_v5\ARM\ARMCC\Bin\..\include\assert.h")
  #define assert(x) (x)
..\..\GUI\itu.h(329): warning:  #1295-D: Deprecated declaration ituFrameFuncGetSurfWidth - give arg types
  	int ituFrameFuncGetSurfWidth();
..\..\GUI\itu.h(330): warning:  #1295-D: Deprecated declaration ituFrameFuncGetSurfHeight - give arg types
  	int ituFrameFuncGetSurfHeight();
..\..\GUI\itu_widget.c(17): warning:  #174-D: expression has no effect
  	assert(widget);
..\..\GUI\itu_widget.c(34): warning:  #174-D: expression has no effect
  	assert(widget);
..\..\GUI\itu_widget.c(35): warning:  #174-D: expression has no effect
  	assert(cloned);
..\..\GUI\itu_widget.c(69): warning:  #174-D: expression has no effect
  	assert(widget);
..\..\GUI\itu_widget.c(70): warning:  #174-D: expression has no effect
  	assert(child);
..\..\GUI\itu_widget.c(80): warning:  #174-D: expression has no effect
  	assert(widget);
..\..\GUI\itu_widget.c(92): warning:  #174-D: expression has no effect
  	assert(widget);
..\..\GUI\itu_widget.c(96): warning:  #174-D: expression has no effect
  		LOG_UPDATE "%s{%d,%d,%d,%d} t:%d v:%d, ac:%d d:%d a:%d\n",
..\..\GUI\itu_widget.c(96): warning:  #174-D: expression has no effect
  		LOG_UPDATE "%s{%d,%d,%d,%d} t:%d v:%d, ac:%d d:%d a:%d\n",
..\..\GUI\itu_widget.c(96): warning:  #174-D: expression has no effect
  		LOG_UPDATE "%s{%d,%d,%d,%d} t:%d v:%d, ac:%d d:%d a:%d\n",
..\..\GUI\itu_widget.c(96): warning:  #174-D: expression has no effect
  		LOG_UPDATE "%s{%d,%d,%d,%d} t:%d v:%d, ac:%d d:%d a:%d\n",
..\..\GUI\itu_widget.c(96): warning:  #174-D: expression has no effect
  		LOG_UPDATE "%s{%d,%d,%d,%d} t:%d v:%d, ac:%d d:%d a:%d\n",
..\..\GUI\itu_widget.c(96): warning:  #174-D: expression has no effect
  		LOG_UPDATE "%s{%d,%d,%d,%d} t:%d v:%d, ac:%d d:%d a:%d\n",
..\..\GUI\itu_widget.c(96): warning:  #174-D: expression has no effect
  		LOG_UPDATE "%s{%d,%d,%d,%d} t:%d v:%d, ac:%d d:%d a:%d\n",
..\..\GUI\itu_widget.c(96): warning:  #174-D: expression has no effect
  		LOG_UPDATE "%s{%d,%d,%d,%d} t:%d v:%d, ac:%d d:%d a:%d\n",
..\..\GUI\itu_widget.c(96): warning:  #174-D: expression has no effect
  		LOG_UPDATE "%s{%d,%d,%d,%d} t:%d v:%d, ac:%d d:%d a:%d\n",
..\..\GUI\itu_widget.c(96): warning:  #174-D: expression has no effect
  		LOG_UPDATE "%s{%d,%d,%d,%d} t:%d v:%d, ac:%d d:%d a:%d\n",
..\..\GUI\itu_widget.c(240): warning:  #188-D: enumerated type mixed with another type
  				ituWidgetSetEffect(widget, ITU_STATE_NORMAL, 0);
..\..\GUI\itu_widget.c(266): warning:  #174-D: expression has no effect
  	assert(widget);
..\..\GUI\itu_widget.c(267): warning:  #174-D: expression has no effect
  	assert(dest);
..\..\GUI\itu_widget.c(269): warning:  #174-D: expression has no effect
  	LOG_DRAW "%s{%d,%d,%d,%d} t:%d v:%d, ac:%d d:%d a:%d\n",
..\..\GUI\itu_widget.c(269): warning:  #174-D: expression has no effect
  	LOG_DRAW "%s{%d,%d,%d,%d} t:%d v:%d, ac:%d d:%d a:%d\n",
..\..\GUI\itu_widget.c(269): warning:  #174-D: expression has no effect
  	LOG_DRAW "%s{%d,%d,%d,%d} t:%d v:%d, ac:%d d:%d a:%d\n",
..\..\GUI\itu_widget.c(269): warning:  #174-D: expression has no effect
  	LOG_DRAW "%s{%d,%d,%d,%d} t:%d v:%d, ac:%d d:%d a:%d\n",
..\..\GUI\itu_widget.c(269): warning:  #174-D: expression has no effect
  	LOG_DRAW "%s{%d,%d,%d,%d} t:%d v:%d, ac:%d d:%d a:%d\n",
..\..\GUI\itu_widget.c(269): warning:  #174-D: expression has no effect
  	LOG_DRAW "%s{%d,%d,%d,%d} t:%d v:%d, ac:%d d:%d a:%d\n",
..\..\GUI\itu_widget.c(269): warning:  #174-D: expression has no effect
  	LOG_DRAW "%s{%d,%d,%d,%d} t:%d v:%d, ac:%d d:%d a:%d\n",
..\..\GUI\itu_widget.c(269): warning:  #174-D: expression has no effect
  	LOG_DRAW "%s{%d,%d,%d,%d} t:%d v:%d, ac:%d d:%d a:%d\n",
..\..\GUI\itu_widget.c(269): warning:  #174-D: expression has no effect
  	LOG_DRAW "%s{%d,%d,%d,%d} t:%d v:%d, ac:%d d:%d a:%d\n",
..\..\GUI\itu_widget.c(269): warning:  #174-D: expression has no effect
  	LOG_DRAW "%s{%d,%d,%d,%d} t:%d v:%d, ac:%d d:%d a:%d\n",
..\..\GUI\itu_widget.c(309): warning:  #174-D: expression has no effect
  	assert(widget);
..\..\GUI\itu_widget.c(316): warning:  #174-D: expression has no effect
  	assert(widget);
..\..\GUI\itu_widget.c(328): warning:  #188-D: enumerated type mixed with another type
  			effect = atoi((char *)strtok_r(buf, " ", &saveptr));
..\..\GUI\itu_widget.c(335): warning:  #188-D: enumerated type mixed with another type
  					ituWidgetSetEffect(widget, ITU_STATE_NORMAL, atoi(ptr));    // use widget->effects[ITU_STATE_NORMAL] to store step parameter
..\..\GUI\itu_widget.c(342): warning:  #188-D: enumerated type mixed with another type
  				widget->effects[ITU_STATE_NORMAL] = oldStep;
..\..\GUI\itu_widget.c(377): warning:  #188-D: enumerated type mixed with another type
  			effect = atoi((char *)strtok_r(buf, " ", &saveptr));
..\..\GUI\itu_widget.c(380): warning:  #188-D: enumerated type mixed with another type
  				ituWidgetSetEffect(widget, ITU_STATE_NORMAL, atoi(ptr));    // use widget->effects[ITU_STATE_NORMAL] to store step parameter
..\..\GUI\itu_widget.c(387): warning:  #188-D: enumerated type mixed with another type
  			widget->effects[ITU_STATE_NORMAL] = oldStep;
..\..\GUI\itu_widget.c(411): warning:  #174-D: expression has no effect
  		assert(0);
..\..\GUI\itu_widget.c(423): warning:  #174-D: expression has no effect
  	assert(widget);
..\..\GUI\itu_widget.c(447): warning:  #174-D: expression has no effect
  	assert(widget);
..\..\GUI\itu_widget.c(449): warning:  #174-D: expression has no effect
  	LOG_LOAD "%s{%d,%d,%d,%d} t:%d v:%d, ac:%d d:%d a:%d\n",
..\..\GUI\itu_widget.c(449): warning:  #174-D: expression has no effect
  	LOG_LOAD "%s{%d,%d,%d,%d} t:%d v:%d, ac:%d d:%d a:%d\n",
..\..\GUI\itu_widget.c(449): warning:  #174-D: expression has no effect
  	LOG_LOAD "%s{%d,%d,%d,%d} t:%d v:%d, ac:%d d:%d a:%d\n",
..\..\GUI\itu_widget.c(449): warning:  #174-D: expression has no effect
  	LOG_LOAD "%s{%d,%d,%d,%d} t:%d v:%d, ac:%d d:%d a:%d\n",
..\..\GUI\itu_widget.c(449): warning:  #174-D: expression has no effect
  	LOG_LOAD "%s{%d,%d,%d,%d} t:%d v:%d, ac:%d d:%d a:%d\n",
..\..\GUI\itu_widget.c(449): warning:  #174-D: expression has no effect
  	LOG_LOAD "%s{%d,%d,%d,%d} t:%d v:%d, ac:%d d:%d a:%d\n",
..\..\GUI\itu_widget.c(449): warning:  #174-D: expression has no effect
  	LOG_LOAD "%s{%d,%d,%d,%d} t:%d v:%d, ac:%d d:%d a:%d\n",
..\..\GUI\itu_widget.c(449): warning:  #174-D: expression has no effect
  	LOG_LOAD "%s{%d,%d,%d,%d} t:%d v:%d, ac:%d d:%d a:%d\n",
..\..\GUI\itu_widget.c(449): warning:  #174-D: expression has no effect
  	LOG_LOAD "%s{%d,%d,%d,%d} t:%d v:%d, ac:%d d:%d a:%d\n",
..\..\GUI\itu_widget.c(449): warning:  #174-D: expression has no effect
  	LOG_LOAD "%s{%d,%d,%d,%d} t:%d v:%d, ac:%d d:%d a:%d\n",
..\..\GUI\itu_widget.c(482): warning:  #174-D: expression has no effect
  	assert(widget);
..\..\GUI\itu_widget.c(483): warning:  #174-D: expression has no effect
  	assert(name);
..\..\GUI\itu_widget.c(492): warning:  #174-D: expression has no effect
  	assert(widget);
..\..\GUI\itu_widget.c(511): warning:  #188-D: enumerated type mixed with another type
  		ituWidgetSetEffect(widget, ITU_STATE_NORMAL, 0);
..\..\GUI\itu_widget.c(1121): warning:  #174-D: expression has no effect
  	assert(widget);
..\..\GUI\itu_widget.c(1766): warning:  #174-D: expression has no effect
  	assert(widget);
..\..\GUI\itu_widget.c(1775): warning:  #174-D: expression has no effect
  	assert(widget);
..\..\GUI\itu_widget.c(1788): warning:  #174-D: expression has no effect
  	assert(widget);
..\..\GUI\itu_widget.c(1800): warning:  #174-D: expression has no effect
  	assert(widget);
..\..\GUI\itu_widget.c(1809): warning:  #174-D: expression has no effect
  	assert(widget);
..\..\GUI\itu_widget.c(1818): warning:  #174-D: expression has no effect
  	assert(widget);
..\..\GUI\itu_widget.c(1828): warning:  #174-D: expression has no effect
  	assert(widget);
..\..\GUI\itu_widget.c(1839): warning:  #174-D: expression has no effect
  	assert(widget);
..\..\GUI\itu_widget.c(1850): warning:  #174-D: expression has no effect
  	assert(widget);
..\..\GUI\itu_widget.c(1862): warning:  #174-D: expression has no effect
  	assert(widget);
..\..\GUI\itu_widget.c(1895): warning:  #174-D: expression has no effect
  	assert(widget);
..\..\GUI\itu_widget.c(1896): warning:  #174-D: expression has no effect
  	assert(dest);
..\..\GUI\itu_widget.c(1897): warning:  #174-D: expression has no effect
  	assert(prevClip);
..\..\GUI\itu_widget.c(2033): warning:  #174-D: expression has no effect
  	assert(widget);
..\..\GUI\itu_widget.c(2055): warning:  #174-D: expression has no effect
  	assert(widget);
..\..\GUI\itu_widget.c(2058): warning:  #188-D: enumerated type mixed with another type
  	ituWidgetSetEffect(widget, ITU_STATE_NORMAL, step);    // use widget->effects[ITU_STATE_NORMAL] to store step parameter
..\..\GUI\itu_widget.c(2062): warning:  #188-D: enumerated type mixed with another type
  	widget->effects[ITU_STATE_NORMAL] = oldStep;
..\..\GUI\itu_widget.c(2069): warning:  #174-D: expression has no effect
  	assert(widget);
..\..\GUI\itu_widget.c(2072): warning:  #188-D: enumerated type mixed with another type
  	ituWidgetSetEffect(widget, ITU_STATE_NORMAL, step);    // use widget->effects[ITU_STATE_NORMAL] to store step parameter
..\..\GUI\itu_widget.c(2076): warning:  #188-D: enumerated type mixed with another type
  	widget->effects[ITU_STATE_NORMAL] = oldStep;
..\..\GUI\itu_widget.c(2083): warning:  #174-D: expression has no effect
  	assert(widget);
..\..\GUI\itu_widget.c(2098): warning:  #174-D: expression has no effect
  	assert(widget);
..\..\GUI\itu_widget.c(2113): warning:  #174-D: expression has no effect
  	assert(widget);
..\..\GUI\itu_widget.c(2141): warning:  #174-D: expression has no effect
  	assert(widget);
..\..\GUI\itu_widget.c: 84 warnings, 0 errors
compiling itu_wipeeffect.c...
..\..\GUI\itc.h(539): warning:  #47-D: incompatible redefinition of macro "assert"  (declared at line 72 of "d:\Keil_v5\ARM\ARMCC\Bin\..\include\assert.h")
  #define assert(x) (x)
..\..\GUI\itu.h(329): warning:  #1295-D: Deprecated declaration ituFrameFuncGetSurfWidth - give arg types
  	int ituFrameFuncGetSurfWidth();
..\..\GUI\itu.h(330): warning:  #1295-D: Deprecated declaration ituFrameFuncGetSurfHeight - give arg types
  	int ituFrameFuncGetSurfHeight();
..\..\GUI\itu_wipeeffect.c(10): warning:  #174-D: expression has no effect
      assert(effect);
..\..\GUI\itu_wipeeffect.c(11): warning:  #174-D: expression has no effect
      assert(widget);
..\..\GUI\itu_wipeeffect.c(61): warning:  #174-D: expression has no effect
      assert(effect);
..\..\GUI\itu_wipeeffect.c(62): warning:  #174-D: expression has no effect
      assert(widget);
..\..\GUI\itu_wipeeffect.c(60): warning:  #177-D: variable "we"  was declared but never referenced
      ITUWipeEffect* we = (ITUWipeEffect*) effect;
..\..\GUI\itu_wipeeffect.c(72): warning:  #174-D: expression has no effect
      assert(effect);
..\..\GUI\itu_wipeeffect.c(73): warning:  #174-D: expression has no effect
      assert(widget);
..\..\GUI\itu_wipeeffect.c(71): warning:  #177-D: variable "we"  was declared but never referenced
      ITUWipeEffect* we = (ITUWipeEffect*) effect;
..\..\GUI\itu_wipeeffect.c(82): warning:  #174-D: expression has no effect
      assert(we);
..\..\GUI\itu_wipeeffect.c: 12 warnings, 0 errors
compiling itu_sw.c...
..\..\GUI\ith_utility.h(364): warning:  #1-D: last line of file ends without a newline
  /** @} */ // end of ith
..\..\GUI\ith_vram.h(205): warning:  #1-D: last line of file ends without a newline
  /** @} */ // end of ith
..\..\GUI\itc.h(539): warning:  #47-D: incompatible redefinition of macro "assert"  (declared at line 72 of "d:\Keil_v5\ARM\ARMCC\Bin\..\include\assert.h")
  #define assert(x) (x)
..\..\GUI\itu.h(329): warning:  #1295-D: Deprecated declaration ituFrameFuncGetSurfWidth - give arg types
  	int ituFrameFuncGetSurfWidth();
..\..\GUI\itu.h(330): warning:  #1295-D: Deprecated declaration ituFrameFuncGetSurfHeight - give arg types
  	int ituFrameFuncGetSurfHeight();
..\..\GUI\ith_lcd.h(468): warning:  #1-D: last line of file ends without a newline
  /** @} */ // end of ith
..\..\GUI\itu_sw.c(43): warning:  #223-D: function "calloc" declared implicitly
      ITUSurface *surf = (ITUSurface *)calloc(1, sizeof(ITUSurface));
..\..\GUI\itu_sw.c(46): warning:  #174-D: expression has no effect
          LOG_ERR "Out of memory: %d\n", sizeof(ITUSurface)LOG_END
..\..\GUI\itu_sw.c(87): warning:  #174-D: expression has no effect
              LOG_ERR "Out of VRAM: %d\n", size LOG_END
..\..\GUI\itu_sw.c(99): warning:  #223-D: function "free" declared implicitly
                  free((uint8_t*)bitmap);
..\..\GUI\itu_sw.c(114): warning:  #223-D: function "free" declared implicitly
          free(surf);
..\..\GUI\itu_sw.c(166): warning:  #174-D: expression has no effect
      assert(lcdSurf);
..\..\GUI\itu_sw.c(1965): warning:  #1035-D: single-precision operand implicitly converted to double-precision
                          r = (int)((0.5f - d) * startColor->red + (0.5 + d) * endColor->red);
..\..\GUI\itu_sw.c(1966): warning:  #1035-D: single-precision operand implicitly converted to double-precision
                          g = (int)((0.5f - d) * startColor->green + (0.5 + d) * endColor->green);
..\..\GUI\itu_sw.c(1967): warning:  #1035-D: single-precision operand implicitly converted to double-precision
                          b = (int)((0.5f - d) * startColor->blue + (0.5 + d) * endColor->blue);
..\..\GUI\itu_sw.c(2007): warning:  #1035-D: single-precision operand implicitly converted to double-precision
                          a = (int)((0.5f - d) * startColor->alpha + (0.5 + d) * endColor->alpha);
..\..\GUI\itu_sw.c(2008): warning:  #1035-D: single-precision operand implicitly converted to double-precision
                          r = (int)((0.5f - d) * startColor->red + (0.5 + d) * endColor->red);
..\..\GUI\itu_sw.c(2009): warning:  #1035-D: single-precision operand implicitly converted to double-precision
                          g = (int)((0.5f - d) * startColor->green + (0.5 + d) * endColor->green);
..\..\GUI\itu_sw.c(2010): warning:  #1035-D: single-precision operand implicitly converted to double-precision
                          b = (int)((0.5f - d) * startColor->blue + (0.5 + d) * endColor->blue);
..\..\GUI\itu_sw.c(2051): warning:  #1035-D: single-precision operand implicitly converted to double-precision
                          a = (int)((0.5f - d) * startColor->alpha + (0.5 + d) * endColor->alpha);
..\..\GUI\itu_sw.c(2052): warning:  #1035-D: single-precision operand implicitly converted to double-precision
                          r = (int)((0.5f - d) * startColor->red + (0.5 + d) * endColor->red);
..\..\GUI\itu_sw.c(2053): warning:  #1035-D: single-precision operand implicitly converted to double-precision
                          g = (int)((0.5f - d) * startColor->green + (0.5 + d) * endColor->green);
..\..\GUI\itu_sw.c(2054): warning:  #1035-D: single-precision operand implicitly converted to double-precision
                          b = (int)((0.5f - d) * startColor->blue + (0.5 + d) * endColor->blue);
..\..\GUI\itu_sw.c(2095): warning:  #1035-D: single-precision operand implicitly converted to double-precision
                          a = (int)((0.5f - d) * startColor->alpha + (0.5 + d) * endColor->alpha);
..\..\GUI\itu_sw.c(2096): warning:  #1035-D: single-precision operand implicitly converted to double-precision
                          r = (int)((0.5f - d) * startColor->red + (0.5 + d) * endColor->red);
..\..\GUI\itu_sw.c(2097): warning:  #1035-D: single-precision operand implicitly converted to double-precision
                          g = (int)((0.5f - d) * startColor->green + (0.5 + d) * endColor->green);
..\..\GUI\itu_sw.c(2098): warning:  #1035-D: single-precision operand implicitly converted to double-precision
                          b = (int)((0.5f - d) * startColor->blue + (0.5 + d) * endColor->blue);
..\..\GUI\itu_sw.c(3055): warning:  #223-D: function "abs" declared implicitly
      int dx = abs(x1-x0), sx = x0 < x1 ? 1 : -1;
..\..\GUI\itu_sw.c: 28 warnings, 0 errors
compiling SDL_events.c...
..\..\GUI\itu.h(329): warning:  #1295-D: Deprecated declaration ituFrameFuncGetSurfWidth - give arg types
  	int ituFrameFuncGetSurfWidth();
..\..\GUI\itu.h(330): warning:  #1295-D: Deprecated declaration ituFrameFuncGetSurfHeight - give arg types
  	int ituFrameFuncGetSurfHeight();
..\..\GUI\SDL_events.c(52): warning:  #223-D: function "free" declared implicitly
  			free(SDL_disabled_events[i]);
..\..\GUI\SDL_events.c(60): warning:  #223-D: function "free" declared implicitly
  		free(tmp);
..\..\GUI\SDL_events.c(141): warning:  #223-D: function "calloc" declared implicitly
  				SDL_disabled_events[hi] = (SDL_DisabledEventBlock*)calloc(1, sizeof(SDL_DisabledEventBlock));
..\..\GUI\SDL_events.c(286): warning:  #223-D: function "SDL_GetTicks" declared implicitly
  		expiration = SDL_GetTicks() + timeout;
..\..\GUI\SDL_events.c(300): warning:  #223-D: function "SDL_GetTicks" declared implicitly
  			if (timeout > 0 && ((int)(SDL_GetTicks() - expiration) >= 0)) {
..\..\GUI\SDL_events.c(329): warning:  #223-D: function "SDL_GetTicks" declared implicitly
  	event->window.timestamp = SDL_GetTicks();
..\..\GUI\SDL_events.c(357): warning:  #1-D: last line of file ends without a newline
  }
..\..\GUI\SDL_events.c: 9 warnings, 0 errors
compiling SDL_systimer.c...
..\..\GUI\SDL_systimer.c(20): warning:  #1-D: last line of file ends without a newline
  }
..\..\GUI\SDL_systimer.c(17): warning:  #177-D: variable "now"  was declared but never referenced
  	uint32_t now, ticks;
..\..\GUI\SDL_systimer.c(6): warning:  #177-D: variable "start"  was declared but never referenced
  static uint32_t start;
..\..\GUI\SDL_systimer.c: 3 warnings, 0 errors
compiling heap_4.c...
..\..\GUI\heap_4.c(398): warning:  #223-D: function "memset" declared implicitly
  	memset(ret, 1, tot);
..\..\GUI\heap_4.c(402): warning:  #1-D: last line of file ends without a newline
  }
..\..\GUI\heap_4.c: 2 warnings, 0 errors
compiling bsp_debug_usart.c...
compiling bsp_lcd.c...
..\..\User\lcd\bsp_lcd.c(1456): warning:  #223-D: function "memmove" declared implicitly
      memmove( (__IO uint8_t*) (Ltdc_Handler.LayerCfg[ActiveLayer].FBStartAdress), dst, len);  
..\..\User\lcd\bsp_lcd.c: 1 warning, 0 errors
compiling bsp_sdram.c...
linking...
Program Size: Code=98894 RO-data=17430 RW-data=232 ZI-data=533792  
FromELF: creating hex file...
"..\..\Output\InFlash\Fire_H7.axf" - 0 Error(s), 408 Warning(s).

<h2>Software Packages used:</h2>

Package Vendor: Keil
                https://www.keil.com/pack/Keil.STM32H7xx_DFP.2.5.0.pack
                Keil.STM32H7xx_DFP.2.5.0
                STMicroelectronics STM32H7 Series Device Support and Examples

<h2>Collection of Component include folders:</h2>
  .\RTE\_Fire_H7
  d:\Keil_v5\ARM\PACK\Keil\STM32H7xx_DFP\2.5.0\Drivers\CMSIS\Device\ST\STM32H7xx\Include

<h2>Collection of Component Files used:</h2>
Build Time Elapsed:  00:06:23
</pre>
</body>
</html>
