<html>
<body>
<pre>
<h1>µVision Build Log</h1>
<h2>Tool Versions:</h2>
IDE-Version: µVision V5.27.1.0
Copyright (C) 2019 ARM Ltd and ARM Germany GmbH. All rights reserved.
License Information: w Administrator, www, LIC=3UUKP-M5SDW-8X0UZ-JY3DG-4QU6T-EI03Q
 
Tool Versions:
Toolchain:       MDK-ARM Professional  Version: 5.27.1.0
Toolchain Path:  d:\Keil_v5\ARM\ARMCC\Bin
C Compiler:      Armcc.exe V5.06 update 6 (build 750)
Assembler:       Armasm.exe V5.06 update 6 (build 750)
Linker/Locator:  ArmLink.exe V5.06 update 6 (build 750)
Library Manager: ArmAr.exe V5.06 update 6 (build 750)
Hex Converter:   FromElf.exe V5.06 update 6 (build 750)
CPU DLL:         SARMCM3.DLL V5.27.1.0
Dialog DLL:      DCM.DLL V1.17.2.0
Target DLL:      CMSIS_AGDI.dll V1.31.17.0
Dialog DLL:      TCM.DLL V1.36.1.0
 
<h2>Project:</h2>
D:\itu_gui\stm32_lcd\Project\RVMDK£¨uv5£©\Fire_H750V.uvprojx
Project File Date:  10/07/2020

<h2>Output:</h2>
*** Using Compiler 'V5.06 update 6 (build 750)', folder: 'd:\Keil_v5\ARM\ARMCC\Bin'
Build target 'Fire_H7'
compiling main.c...
..\..\GUI\itu.h(329): warning:  #1295-D: Deprecated declaration ituFrameFuncGetSurfWidth - give arg types
  	int ituFrameFuncGetSurfWidth();
..\..\GUI\itu.h(330): warning:  #1295-D: Deprecated declaration ituFrameFuncGetSurfHeight - give arg types
  	int ituFrameFuncGetSurfHeight();
..\..\User\main.c(118): warning:  #14-D: extra text after expected end of preprocessing directive
  #undef ADD_WIDGET(W,H,X,Y,R,G,B)
..\..\User\main.c(96): warning:  #177-D: variable "btn1"  was declared but never referenced
  	ITUButton* btn1 = NULL;
..\..\User\main.c(138): warning:  #177-D: variable "ev"  was declared but never referenced
  	SDL_Event ev;
..\..\User\main.c(532): warning:  #223-D: function "abs" declared implicitly
  				    int xdiff   = abs(ev.tfinger.x - lastx);
..\..\User\main.c(491): warning:  #177-D: variable "tick"  was declared but never referenced
      uint32_t  tick, dblclk, lasttick, mouseDownTick;
..\..\User\main.c(491): warning:  #550-D: variable "lasttick"  was set but never used
      uint32_t  tick, dblclk, lasttick, mouseDownTick;
..\..\User\main.c(492): warning:  #177-D: variable "delay"  was declared but never referenced
      int       delay, frames, lastx, lasty;
..\..\User\main.c(492): warning:  #550-D: variable "frames"  was set but never used
      int       delay, frames, lastx, lasty;
..\..\User\main.c(494): warning:  #550-D: variable "flag"  was set but never used
  	int flag = 0;
..\..\User\main.c(585): warning:  #177-D: variable "time"  was declared but never referenced
    uint32_t time = 0;			
..\..\User\main.c(54): warning:  #177-D: variable "screenSurf"  was declared but never referenced
  static ITUSurface   *screenSurf;
..\..\User\main.c: 13 warnings, 0 errors
linking...
Program Size: Code=109886 RO-data=18898 RW-data=380 ZI-data=28836  
FromELF: creating hex file...
"..\..\Output\InFlash\Fire_H7.axf" - 0 Error(s), 13 Warning(s).

<h2>Software Packages used:</h2>

Package Vendor: Keil
                https://www.keil.com/pack/Keil.STM32H7xx_DFP.2.5.0.pack
                Keil.STM32H7xx_DFP.2.5.0
                STMicroelectronics STM32H7 Series Device Support and Examples

<h2>Collection of Component include folders:</h2>
  .\RTE\_Fire_H7
  d:\Keil_v5\ARM\PACK\Keil\STM32H7xx_DFP\2.5.0\Drivers\CMSIS\Device\ST\STM32H7xx\Include

<h2>Collection of Component Files used:</h2>
Build Time Elapsed:  00:00:07
</pre>
</body>
</html>
